Archive member included to satisfy reference by file (symbol)

C:/ST/STM32CubeIDE_1.17.0/STM32CubeIDE/plugins/com.st.stm32cube.ide.mcu.externaltools.gnu-tools-for-stm32.12.3.rel1.win32_1.1.0.202410251130/tools/bin/../lib/gcc/arm-none-eabi/12.3.1/../../../../arm-none-eabi/lib/thumb/v6-m/nofp\libc_nano.a(libc_a-assert.o)
                              ./S_Mod/functions/mbutils.o (__assert_func)
C:/ST/STM32CubeIDE_1.17.0/STM32CubeIDE/plugins/com.st.stm32cube.ide.mcu.externaltools.gnu-tools-for-stm32.12.3.rel1.win32_1.1.0.202410251130/tools/bin/../lib/gcc/arm-none-eabi/12.3.1/../../../../arm-none-eabi/lib/thumb/v6-m/nofp\libc_nano.a(libc_a-exit.o)
                              C:/ST/STM32CubeIDE_1.17.0/STM32CubeIDE/plugins/com.st.stm32cube.ide.mcu.externaltools.gnu-tools-for-stm32.12.3.rel1.win32_1.1.0.202410251130/tools/bin/../lib/gcc/arm-none-eabi/12.3.1/../../../../arm-none-eabi/lib/thumb/v6-m/nofp/crt0.o (exit)
C:/ST/STM32CubeIDE_1.17.0/STM32CubeIDE/plugins/com.st.stm32cube.ide.mcu.externaltools.gnu-tools-for-stm32.12.3.rel1.win32_1.1.0.202410251130/tools/bin/../lib/gcc/arm-none-eabi/12.3.1/../../../../arm-none-eabi/lib/thumb/v6-m/nofp\libc_nano.a(libc_a-findfp.o)
                              C:/ST/STM32CubeIDE_1.17.0/STM32CubeIDE/plugins/com.st.stm32cube.ide.mcu.externaltools.gnu-tools-for-stm32.12.3.rel1.win32_1.1.0.202410251130/tools/bin/../lib/gcc/arm-none-eabi/12.3.1/../../../../arm-none-eabi/lib/thumb/v6-m/nofp\libc_nano.a(libc_a-exit.o) (__stdio_exit_handler)
C:/ST/STM32CubeIDE_1.17.0/STM32CubeIDE/plugins/com.st.stm32cube.ide.mcu.externaltools.gnu-tools-for-stm32.12.3.rel1.win32_1.1.0.202410251130/tools/bin/../lib/gcc/arm-none-eabi/12.3.1/../../../../arm-none-eabi/lib/thumb/v6-m/nofp\libc_nano.a(libc_a-fprintf.o)
                              C:/ST/STM32CubeIDE_1.17.0/STM32CubeIDE/plugins/com.st.stm32cube.ide.mcu.externaltools.gnu-tools-for-stm32.12.3.rel1.win32_1.1.0.202410251130/tools/bin/../lib/gcc/arm-none-eabi/12.3.1/../../../../arm-none-eabi/lib/thumb/v6-m/nofp\libc_nano.a(libc_a-assert.o) (fiprintf)
C:/ST/STM32CubeIDE_1.17.0/STM32CubeIDE/plugins/com.st.stm32cube.ide.mcu.externaltools.gnu-tools-for-stm32.12.3.rel1.win32_1.1.0.202410251130/tools/bin/../lib/gcc/arm-none-eabi/12.3.1/../../../../arm-none-eabi/lib/thumb/v6-m/nofp\libc_nano.a(libc_a-fwalk.o)
                              C:/ST/STM32CubeIDE_1.17.0/STM32CubeIDE/plugins/com.st.stm32cube.ide.mcu.externaltools.gnu-tools-for-stm32.12.3.rel1.win32_1.1.0.202410251130/tools/bin/../lib/gcc/arm-none-eabi/12.3.1/../../../../arm-none-eabi/lib/thumb/v6-m/nofp\libc_nano.a(libc_a-findfp.o) (_fwalk_sglue)
C:/ST/STM32CubeIDE_1.17.0/STM32CubeIDE/plugins/com.st.stm32cube.ide.mcu.externaltools.gnu-tools-for-stm32.12.3.rel1.win32_1.1.0.202410251130/tools/bin/../lib/gcc/arm-none-eabi/12.3.1/../../../../arm-none-eabi/lib/thumb/v6-m/nofp\libc_nano.a(libc_a-stdio.o)
                              C:/ST/STM32CubeIDE_1.17.0/STM32CubeIDE/plugins/com.st.stm32cube.ide.mcu.externaltools.gnu-tools-for-stm32.12.3.rel1.win32_1.1.0.202410251130/tools/bin/../lib/gcc/arm-none-eabi/12.3.1/../../../../arm-none-eabi/lib/thumb/v6-m/nofp\libc_nano.a(libc_a-findfp.o) (__sread)
C:/ST/STM32CubeIDE_1.17.0/STM32CubeIDE/plugins/com.st.stm32cube.ide.mcu.externaltools.gnu-tools-for-stm32.12.3.rel1.win32_1.1.0.202410251130/tools/bin/../lib/gcc/arm-none-eabi/12.3.1/../../../../arm-none-eabi/lib/thumb/v6-m/nofp\libc_nano.a(libc_a-memset.o)
                              C:/ST/STM32CubeIDE_1.17.0/STM32CubeIDE/plugins/com.st.stm32cube.ide.mcu.externaltools.gnu-tools-for-stm32.12.3.rel1.win32_1.1.0.202410251130/tools/bin/../lib/gcc/arm-none-eabi/12.3.1/../../../../arm-none-eabi/lib/thumb/v6-m/nofp/crt0.o (memset)
C:/ST/STM32CubeIDE_1.17.0/STM32CubeIDE/plugins/com.st.stm32cube.ide.mcu.externaltools.gnu-tools-for-stm32.12.3.rel1.win32_1.1.0.202410251130/tools/bin/../lib/gcc/arm-none-eabi/12.3.1/../../../../arm-none-eabi/lib/thumb/v6-m/nofp\libc_nano.a(libc_a-closer.o)
                              C:/ST/STM32CubeIDE_1.17.0/STM32CubeIDE/plugins/com.st.stm32cube.ide.mcu.externaltools.gnu-tools-for-stm32.12.3.rel1.win32_1.1.0.202410251130/tools/bin/../lib/gcc/arm-none-eabi/12.3.1/../../../../arm-none-eabi/lib/thumb/v6-m/nofp\libc_nano.a(libc_a-stdio.o) (_close_r)
C:/ST/STM32CubeIDE_1.17.0/STM32CubeIDE/plugins/com.st.stm32cube.ide.mcu.externaltools.gnu-tools-for-stm32.12.3.rel1.win32_1.1.0.202410251130/tools/bin/../lib/gcc/arm-none-eabi/12.3.1/../../../../arm-none-eabi/lib/thumb/v6-m/nofp\libc_nano.a(libc_a-reent.o)
                              C:/ST/STM32CubeIDE_1.17.0/STM32CubeIDE/plugins/com.st.stm32cube.ide.mcu.externaltools.gnu-tools-for-stm32.12.3.rel1.win32_1.1.0.202410251130/tools/bin/../lib/gcc/arm-none-eabi/12.3.1/../../../../arm-none-eabi/lib/thumb/v6-m/nofp\libc_nano.a(libc_a-closer.o) (errno)
[...]
Memory Configuration

Name             Origin             Length             Attributes
RAM              0x20000000         0x00024000         xrw
FLASH            0x08000000         0x00080000         xr
*default*        0x00000000         0xffffffff

Linker script and memory map

LOAD C:/ST/STM32CubeIDE_1.17.0/STM32CubeIDE/plugins/com.st.stm32cube.ide.mcu.externaltools.gnu-tools-for-stm32.12.3.rel1.win32_1.1.0.202410251130/tools/bin/../lib/gcc/arm-none-eabi/12.3.1/thumb/v6-m/nofp/crti.o
LOAD C:/ST/STM32CubeIDE_1.17.0/STM32CubeIDE/plugins/com.st.stm32cube.ide.mcu.externaltools.gnu-tools-for-stm32.12.3.rel1.win32_1.1.0.202410251130/tools/bin/../lib/gcc/arm-none-eabi/12.3.1/thumb/v6-m/nofp/crtbegin.o
LOAD C:/ST/STM32CubeIDE_1.17.0/STM32CubeIDE/plugins/com.st.stm32cube.ide.mcu.externaltools.gnu-tools-for-stm32.12.3.rel1.win32_1.1.0.202410251130/tools/bin/../lib/gcc/arm-none-eabi/12.3.1/../../../../arm-none-eabi/lib/thumb/v6-m/nofp/crt0.o
LOAD ./Core/Src/gpio.o
LOAD ./Core/Src/main.o
LOAD ./Core/Src/stm32g0xx_hal_msp.o
LOAD ./Core/Src/stm32g0xx_it.o
LOAD ./Core/Src/syscalls.o
LOAD ./Core/Src/sysmem.o
LOAD ./Core/Src/system_stm32g0xx.o
LOAD ./Core/Src/tim.o
LOAD ./Core/Src/usart.o
LOAD ./Core/Startup/startup_stm32g0b1ceuxn.o
LOAD ./Drivers/STM32G0xx_HAL_Driver/Src/stm32g0xx_hal.o
LOAD ./Drivers/STM32G0xx_HAL_Driver/Src/stm32g0xx_hal_cortex.o
LOAD ./Drivers/STM32G0xx_HAL_Driver/Src/stm32g0xx_hal_dma.o
LOAD ./Drivers/STM32G0xx_HAL_Driver/Src/stm32g0xx_hal_dma_ex.o
LOAD ./Drivers/STM32G0xx_HAL_Driver/Src/stm32g0xx_hal_exti.o
LOAD ./Drivers/STM32G0xx_HAL_Driver/Src/stm32g0xx_hal_flash.o
LOAD ./Drivers/STM32G0xx_HAL_Driver/Src/stm32g0xx_hal_flash_ex.o
LOAD ./Drivers/STM32G0xx_HAL_Driver/Src/stm32g0xx_hal_gpio.o
LOAD ./Drivers/STM32G0xx_HAL_Driver/Src/stm32g0xx_hal_pwr.o
LOAD ./Drivers/STM32G0xx_HAL_Driver/Src/stm32g0xx_hal_pwr_ex.o
LOAD ./Drivers/STM32G0xx_HAL_Driver/Src/stm32g0xx_hal_rcc.o
LOAD ./Drivers/STM32G0xx_HAL_Driver/Src/stm32g0xx_hal_rcc_ex.o
LOAD ./Drivers/STM32G0xx_HAL_Driver/Src/stm32g0xx_hal_tim.o
LOAD ./Drivers/STM32G0xx_HAL_Driver/Src/stm32g0xx_hal_tim_ex.o
LOAD ./Drivers/STM32G0xx_HAL_Driver/Src/stm32g0xx_hal_uart.o
LOAD ./Drivers/STM32G0xx_HAL_Driver/Src/stm32g0xx_hal_uart_ex.o
LOAD ./Drivers/STM32G0xx_HAL_Driver/Src/stm32g0xx_ll_rcc.o
LOAD ./S_Mod/functions/mbfunccoils.o
LOAD ./S_Mod/functions/mbfuncdiag.o
LOAD ./S_Mod/functions/mbfuncdisc.o
LOAD ./S_Mod/functions/mbfuncholding.o
LOAD ./S_Mod/functions/mbfuncinput.o
LOAD ./S_Mod/functions/mbfuncother.o
LOAD ./S_Mod/functions/mbutils.o
LOAD ./S_Mod/mb.o
LOAD ./S_Mod/mb_API.o
LOAD ./S_Mod/mb_slave_API.o
LOAD ./S_Mod/mbtask.o
LOAD ./S_Mod/port/portevent.o
LOAD ./S_Mod/port/portserial.o
LOAD ./S_Mod/port/porttimer.o
LOAD ./S_Mod/rtu/mbcrc.o
LOAD ./S_Mod/rtu/mbrtu.o
START GROUP
LOAD C:/ST/STM32CubeIDE_1.17.0/STM32CubeIDE/plugins/com.st.stm32cube.ide.mcu.externaltools.gnu-tools-for-stm32.12.3.rel1.win32_1.1.0.202410251130/tools/bin/../lib/gcc/arm-none-eabi/12.3.1/../../../../arm-none-eabi/lib/thumb/v6-m/nofp\libc_nano.a
LOAD C:/ST/STM32CubeIDE_1.17.0/STM32CubeIDE/plugins/com.st.stm32cube.ide.mcu.externaltools.gnu-tools-for-stm32.12.3.rel1.win32_1.1.0.202410251130/tools/bin/../lib/gcc/arm-none-eabi/12.3.1/../../../../arm-none-eabi/lib/thumb/v6-m/nofp\libm.a
END GROUP
START GROUP
LOAD C:/ST/STM32CubeIDE_1.17.0/STM32CubeIDE/plugins/com.st.stm32cube.ide.mcu.externaltools.gnu-tools-for-stm32.12.3.rel1.win32_1.1.0.202410251130/tools/bin/../lib/gcc/arm-none-eabi/12.3.1/thumb/v6-m/nofp\libgcc.a
LOAD C:/ST/STM32CubeIDE_1.17.0/STM32CubeIDE/plugins/com.st.stm32cube.ide.mcu.externaltools.gnu-tools-for-stm32.12.3.rel1.win32_1.1.0.202410251130/tools/bin/../lib/gcc/arm-none-eabi/12.3.1/../../../../arm-none-eabi/lib/thumb/v6-m/nofp\libc_nano.a
END GROUP
START GROUP
LOAD C:/ST/STM32CubeIDE_1.17.0/STM32CubeIDE/plugins/com.st.stm32cube.ide.mcu.externaltools.gnu-tools-for-stm32.12.3.rel1.win32_1.1.0.202410251130/tools/bin/../lib/gcc/arm-none-eabi/12.3.1/thumb/v6-m/nofp\libgcc.a
LOAD C:/ST/STM32CubeIDE_1.17.0/STM32CubeIDE/plugins/com.st.stm32cube.ide.mcu.externaltools.gnu-tools-for-stm32.12.3.rel1.win32_1.1.0.202410251130/tools/bin/../lib/gcc/arm-none-eabi/12.3.1/../../../../arm-none-eabi/lib/thumb/v6-m/nofp\libc_nano.a
LOAD C:/ST/STM32CubeIDE_1.17.0/STM32CubeIDE/plugins/com.st.stm32cube.ide.mcu.externaltools.gnu-tools-for-stm32.12.3.rel1.win32_1.1.0.202410251130/tools/bin/../lib/gcc/arm-none-eabi/12.3.1/../../../../arm-none-eabi/lib/thumb/v6-m/nofp\libnosys.a
END GROUP
START GROUP
LOAD C:/ST/STM32CubeIDE_1.17.0/STM32CubeIDE/plugins/com.st.stm32cube.ide.mcu.externaltools.gnu-tools-for-stm32.12.3.rel1.win32_1.1.0.202410251130/tools/bin/../lib/gcc/arm-none-eabi/12.3.1/thumb/v6-m/nofp\libgcc.a
LOAD C:/ST/STM32CubeIDE_1.17.0/STM32CubeIDE/plugins/com.st.stm32cube.ide.mcu.externaltools.gnu-tools-for-stm32.12.3.rel1.win32_1.1.0.202410251130/tools/bin/../lib/gcc/arm-none-eabi/12.3.1/../../../../arm-none-eabi/lib/thumb/v6-m/nofp\libc_nano.a
LOAD C:/ST/STM32CubeIDE_1.17.0/STM32CubeIDE/plugins/com.st.stm32cube.ide.mcu.externaltools.gnu-tools-for-stm32.12.3.rel1.win32_1.1.0.202410251130/tools/bin/../lib/gcc/arm-none-eabi/12.3.1/../../../../arm-none-eabi/lib/thumb/v6-m/nofp\libnosys.a
END GROUP
LOAD C:/ST/STM32CubeIDE_1.17.0/STM32CubeIDE/plugins/com.st.stm32cube.ide.mcu.externaltools.gnu-tools-for-stm32.12.3.rel1.win32_1.1.0.202410251130/tools/bin/../lib/gcc/arm-none-eabi/12.3.1/thumb/v6-m/nofp/crtend.o
LOAD C:/ST/STM32CubeIDE_1.17.0/STM32CubeIDE/plugins/com.st.stm32cube.ide.mcu.externaltools.gnu-tools-for-stm32.12.3.rel1.win32_1.1.0.202410251130/tools/bin/../lib/gcc/arm-none-eabi/12.3.1/thumb/v6-m/nofp/crtn.o
                0x20024000                        _estack = (ORIGIN (RAM) + LENGTH (RAM))
                0x00000200                        _Min_Heap_Size = 0x200
                0x00000400                        _Min_Stack_Size = 0x400

.isr_vector     0x08000000       0xbc
                0x08000000                        . = ALIGN (0x4)
 *(.isr_vector)
 .isr_vector    0x08000000       0xbc ./Core/Startup/startup_stm32g0b1ceuxn.o
                0x08000000                g_pfnVectors
                0x080000bc                        . = ALIGN (0x4)

.text           0x080000bc     0x6410
                0x080000bc                        . = ALIGN (0x4)
 *(.text)
 .text          0x080000bc       0x48 C:/ST/STM32CubeIDE_1.17.0/STM32CubeIDE/plugins/com.st.stm32cube.ide.mcu.externaltools.gnu-tools-for-stm32.12.3.rel1.win32_1.1.0.202410251130/tools/bin/../lib/gcc/arm-none-eabi/12.3.1/thumb/v6-m/nofp/crtbegin.o
 .text          0x08000104       0x14 C:/ST/STM32CubeIDE_1.17.0/STM32CubeIDE/plugins/com.st.stm32cube.ide.mcu.externaltools.gnu-tools-for-stm32.12.3.rel1.win32_1.1.0.202410251130/tools/bin/../lib/gcc/arm-none-eabi/12.3.1/thumb/v6-m/nofp\libgcc.a(_thumb1_case_shi.o)
                0x08000104                __gnu_thumb1_case_shi
 .text          0x08000118      0x114 C:/ST/STM32CubeIDE_1.17.0/STM32CubeIDE/plugins/com.st.stm32cube.ide.mcu.externaltools.gnu-tools-for-stm32.12.3.rel1.win32_1.1.0.202410251130/tools/bin/../lib/gcc/arm-none-eabi/12.3.1/thumb/v6-m/nofp\libgcc.a(_udivsi3.o)
                0x08000118                __aeabi_uidiv
                0x08000118                __udivsi3
                0x08000224                __aeabi_uidivmod
 .text          0x0800022c      0x1d4 C:/ST/STM32CubeIDE_1.17.0/STM32CubeIDE/plugins/com.st.stm32cube.ide.mcu.externaltools.gnu-tools-for-stm32.12.3.rel1.win32_1.1.0.202410251130/tools/bin/../lib/gcc/arm-none-eabi/12.3.1/thumb/v6-m/nofp\libgcc.a(_divsi3.o)
                0x0800022c                __divsi3
                0x0800022c                __aeabi_idiv
                0x080003f8                __aeabi_idivmod
 .text          0x08000400        0x4 C:/ST/STM32CubeIDE_1.17.0/STM32CubeIDE/plugins/com.st.stm32cube.ide.mcu.externaltools.gnu-tools-for-stm32.12.3.rel1.win32_1.1.0.202410251130/tools/bin/../lib/gcc/arm-none-eabi/12.3.1/thumb/v6-m/nofp\libgcc.a(_dvmd_tls.o)
                0x08000400                __aeabi_idiv0
                0x08000400                __aeabi_ldiv0
 .text          0x08000404       0x40 C:/ST/STM32CubeIDE_1.17.0/STM32CubeIDE/plugins/com.st.stm32cube.ide.mcu.externaltools.gnu-tools-for-stm32.12.3.rel1.win32_1.1.0.202410251130/tools/bin/../lib/gcc/arm-none-eabi/12.3.1/thumb/v6-m/nofp\libgcc.a(_aeabi_uldivmod.o)
                0x08000404                __aeabi_uldivmod
 .text          0x08000444      0x198 C:/ST/STM32CubeIDE_1.17.0/STM32CubeIDE/plugins/com.st.stm32cube.ide.mcu.externaltools.gnu-tools-for-stm32.12.3.rel1.win32_1.1.0.202410251130/tools/bin/../lib/gcc/arm-none-eabi/12.3.1/thumb/v6-m/nofp\libgcc.a(_udivmoddi4.o)
                0x08000444                __udivmoddi4
 .text          0x080005dc      0x348 C:/ST/STM32CubeIDE_1.17.0/STM32CubeIDE/plugins/com.st.stm32cube.ide.mcu.externaltools.gnu-tools-for-stm32.12.3.rel1.win32_1.1.0.202410251130/tools/bin/../lib/gcc/arm-none-eabi/12.3.1/thumb/v6-m/nofp\libgcc.a(subsf3.o)
                0x080005dc                __aeabi_fsub
 .text          0x08000924       0x84 C:/ST/STM32CubeIDE_1.17.0/STM32CubeIDE/plugins/com.st.stm32cube.ide.mcu.externaltools.gnu-tools-for-stm32.12.3.rel1.win32_1.1.0.202410251130/tools/bin/../lib/gcc/arm-none-eabi/12.3.1/thumb/v6-m/nofp\libgcc.a(floatunsisf.o)
                0x08000924                __aeabi_ui2f
 .text          0x080009a8       0x3c C:/ST/STM32CubeIDE_1.17.0/STM32CubeIDE/plugins/com.st.stm32cube.ide.mcu.externaltools.gnu-tools-for-stm32.12.3.rel1.win32_1.1.0.202410251130/tools/bin/../lib/gcc/arm-none-eabi/12.3.1/thumb/v6-m/nofp\libgcc.a(_clzsi2.o)
                0x080009a8                __clzsi2
 .text          0x080009e4       0x18 C:/ST/STM32CubeIDE_1.17.0/STM32CubeIDE/plugins/com.st.stm32cube.ide.mcu.externaltools.gnu-tools-for-stm32.12.3.rel1.win32_1.1.0.202410251130/tools/bin/../lib/gcc/arm-none-eabi/12.3.1/thumb/v6-m/nofp\libgcc.a(_clzdi2.o)
                0x080009e4                __clzdi2
 *(.text*)
 .text.MX_GPIO_Init
                0x080009fc       0x44 ./Core/Src/gpio.o
                0x080009fc                MX_GPIO_Init
 .text.main     0x08000a40       0x44 ./Core/Src/main.o
                0x08000a40                main
 .text.SystemClock_Config
                0x08000a84       0xbc ./Core/Src/main.o
                0x08000a84                SystemClock_Config
 .text.Error_Handler
                0x08000b40        0xc ./Core/Src/main.o
                0x08000b40                Error_Handler
 .text.HAL_MspInit
                0x08000b4c       0x50 ./Core/Src/stm32g0xx_hal_msp.o
                0x08000b4c                HAL_MspInit
 .text.LL_TIM_ClearFlag_UPDATE
                0x08000b9c       0x18 ./Core/Src/stm32g0xx_it.o
 .text.LL_TIM_IsActiveFlag_UPDATE
                0x08000bb4       0x22 ./Core/Src/stm32g0xx_it.o
 .text.LL_TIM_IsEnabledIT_UPDATE
                0x08000bd6       0x22 ./Core/Src/stm32g0xx_it.o
 .text.LL_USART_IsActiveFlag_RXNE_RXFNE
                0x08000bf8       0x22 ./Core/Src/stm32g0xx_it.o
 .text.LL_USART_IsActiveFlag_TC
                0x08000c1a       0x22 ./Core/Src/stm32g0xx_it.o
 .text.LL_USART_IsActiveFlag_TXE_TXFNF
                0x08000c3c       0x22 ./Core/Src/stm32g0xx_it.o
 .text.LL_USART_ClearFlag_TC
                0x08000c5e       0x16 ./Core/Src/stm32g0xx_it.o
 .text.LL_USART_IsEnabledIT_RXNE_RXFNE
                0x08000c74       0x22 ./Core/Src/stm32g0xx_it.o
 .text.LL_USART_IsEnabledIT_TC
                0x08000c96       0x22 ./Core/Src/stm32g0xx_it.o
 .text.LL_USART_IsEnabledIT_TXE_TXFNF
                0x08000cb8       0x22 ./Core/Src/stm32g0xx_it.o
 .text.LL_GPIO_ResetOutputPin
                0x08000cda       0x18 ./Core/Src/stm32g0xx_it.o
 .text.NMI_Handler
                0x08000cf2        0x8 ./Core/Src/stm32g0xx_it.o
                0x08000cf2                NMI_Handler
 .text.HardFault_Handler
                0x08000cfa        0x8 ./Core/Src/stm32g0xx_it.o
                0x08000cfa                HardFault_Handler
 .text.SVC_Handler
                0x08000d02        0xa ./Core/Src/stm32g0xx_it.o
                0x08000d02                SVC_Handler
 .text.PendSV_Handler
                0x08000d0c        0xa ./Core/Src/stm32g0xx_it.o
                0x08000d0c                PendSV_Handler
 .text.SysTick_Handler
                0x08000d16        0xe ./Core/Src/stm32g0xx_it.o
                0x08000d16                SysTick_Handler
 .text.TIM14_IRQHandler
                0x08000d24       0x48 ./Core/Src/stm32g0xx_it.o
                0x08000d24                TIM14_IRQHandler
 .text.TIM16_FDCAN_IT0_IRQHandler
                0x08000d6c       0x28 ./Core/Src/stm32g0xx_it.o
                0x08000d6c                TIM16_FDCAN_IT0_IRQHandler
 .text.USART3_4_5_6_LPUART1_IRQHandler
                0x08000d94       0x94 ./Core/Src/stm32g0xx_it.o
                0x08000d94                USART3_4_5_6_LPUART1_IRQHandler
 .text._getpid  0x08000e28        0xc ./Core/Src/syscalls.o
                0x08000e28                _getpid
 .text._kill    0x08000e34       0x20 ./Core/Src/syscalls.o
                0x08000e34                _kill
 .text._exit    0x08000e54       0x1a ./Core/Src/syscalls.o
                0x08000e54                _exit
 .text._read    0x08000e6e       0x3a ./Core/Src/syscalls.o
                0x08000e6e                _read
 .text._write   0x08000ea8       0x38 ./Core/Src/syscalls.o
                0x08000ea8                _write
 .text._close   0x08000ee0       0x14 ./Core/Src/syscalls.o
                0x08000ee0                _close
 .text._fstat   0x08000ef4       0x1c ./Core/Src/syscalls.o
                0x08000ef4                _fstat
 .text._isatty  0x08000f10       0x12 ./Core/Src/syscalls.o
                0x08000f10                _isatty
 .text._lseek   0x08000f22       0x16 ./Core/Src/syscalls.o
                0x08000f22                _lseek
 .text._sbrk    0x08000f38       0x6c ./Core/Src/sysmem.o
                0x08000f38                _sbrk
 .text.SystemInit
                0x08000fa4        0xa ./Core/Src/system_stm32g0xx.o
                0x08000fa4                SystemInit
 .text.LL_TIM_EnableCounter
                0x08000fae       0x1c ./Core/Src/tim.o
 .text.LL_TIM_EnableIT_UPDATE
                0x08000fca       0x1c ./Core/Src/tim.o
 *fill*         0x08000fe6        0x2 
 .text.MX_TIM14_Init
                0x08000fe8       0x4c ./Core/Src/tim.o
                0x08000fe8                MX_TIM14_Init
 .text.MX_TIM16_Init
                0x08001034       0x60 ./Core/Src/tim.o
                0x08001034                MX_TIM16_Init
 .text.HAL_TIM_Base_MspInit
                0x08001094       0x8c ./Core/Src/tim.o
                0x08001094                HAL_TIM_Base_MspInit
 .text.MX_USART3_UART_Init
                0x08001120       0xa0 ./Core/Src/usart.o
                0x08001120                MX_USART3_UART_Init
 .text.HAL_UART_MspInit
                0x080011c0      0x120 ./Core/Src/usart.o
                0x080011c0                HAL_UART_MspInit
 .text.Reset_Handler
                0x080012e0       0x50 ./Core/Startup/startup_stm32g0b1ceuxn.o
                0x080012e0                Reset_Handler
 .text.Default_Handler
                0x08001330        0x2 ./Core/Startup/startup_stm32g0b1ceuxn.o
                0x08001330                I2C2_3_IRQHandler
                0x08001330                TIM1_CC_IRQHandler
                0x08001330                ADC1_COMP_IRQHandler
                0x08001330                I2C1_IRQHandler
                0x08001330                TIM7_LPTIM2_IRQHandler
                0x08001330                TIM17_FDCAN_IT1_IRQHandler
                0x08001330                DMA1_Ch4_7_DMA2_Ch1_5_DMAMUX1_OVR_IRQHandler
                0x08001330                RCC_CRS_IRQHandler
                0x08001330                RTC_TAMP_IRQHandler
                0x08001330                SPI1_IRQHandler
                0x08001330                USB_UCPD1_2_IRQHandler
                0x08001330                EXTI2_3_IRQHandler
                0x08001330                USART2_LPUART2_IRQHandler
                0x08001330                PVD_VDDIO2_IRQHandler
                0x08001330                EXTI4_15_IRQHandler
                0x08001330                DMA1_Channel1_IRQHandler
                0x08001330                Default_Handler
                0x08001330                CEC_IRQHandler
                0x08001330                TIM15_IRQHandler
                0x08001330                TIM3_TIM4_IRQHandler
                0x08001330                EXTI0_1_IRQHandler
                0x08001330                SPI2_3_IRQHandler
                0x08001330                TIM6_DAC_LPTIM1_IRQHandler
                0x08001330                WWDG_IRQHandler
                0x08001330                TIM2_IRQHandler
                0x08001330                DMA1_Channel2_3_IRQHandler
                0x08001330                FLASH_IRQHandler
                0x08001330                USART1_IRQHandler
                0x08001330                TIM1_BRK_UP_TRG_COM_IRQHandler
 *fill*         0x08001332        0x2 
 .text.HAL_Init
                0x08001334       0x40 ./Drivers/STM32G0xx_HAL_Driver/Src/stm32g0xx_hal.o
                0x08001334                HAL_Init
 .text.HAL_InitTick
                0x08001374       0x94 ./Drivers/STM32G0xx_HAL_Driver/Src/stm32g0xx_hal.o
                0x08001374                HAL_InitTick
 .text.HAL_IncTick
                0x08001408       0x24 ./Drivers/STM32G0xx_HAL_Driver/Src/stm32g0xx_hal.o
                0x08001408                HAL_IncTick
 .text.HAL_GetTick
                0x0800142c       0x14 ./Drivers/STM32G0xx_HAL_Driver/Src/stm32g0xx_hal.o
                0x0800142c                HAL_GetTick
 .text.HAL_SYSCFG_StrobeDBattpinsConfig
                0x08001440       0x2c ./Drivers/STM32G0xx_HAL_Driver/Src/stm32g0xx_hal.o
                0x08001440                HAL_SYSCFG_StrobeDBattpinsConfig
 .text.__NVIC_EnableIRQ
                0x0800146c       0x34 ./Drivers/STM32G0xx_HAL_Driver/Src/stm32g0xx_hal_cortex.o
 .text.__NVIC_SetPriority
                0x080014a0       0xdc ./Drivers/STM32G0xx_HAL_Driver/Src/stm32g0xx_hal_cortex.o
 .text.SysTick_Config
                0x0800157c       0x48 ./Drivers/STM32G0xx_HAL_Driver/Src/stm32g0xx_hal_cortex.o
 .text.HAL_NVIC_SetPriority
                0x080015c4       0x2a ./Drivers/STM32G0xx_HAL_Driver/Src/stm32g0xx_hal_cortex.o
                0x080015c4                HAL_NVIC_SetPriority
 .text.HAL_NVIC_EnableIRQ
                0x080015ee       0x20 ./Drivers/STM32G0xx_HAL_Driver/Src/stm32g0xx_hal_cortex.o
                0x080015ee                HAL_NVIC_EnableIRQ
 .text.HAL_SYSTICK_Config
                0x0800160e       0x1a ./Drivers/STM32G0xx_HAL_Driver/Src/stm32g0xx_hal_cortex.o
                0x0800160e                HAL_SYSTICK_Config
 .text.HAL_GPIO_Init
                0x08001628      0x2d8 ./Drivers/STM32G0xx_HAL_Driver/Src/stm32g0xx_hal_gpio.o
                0x08001628                HAL_GPIO_Init
 .text.HAL_GPIO_WritePin
                0x08001900       0x3a ./Drivers/STM32G0xx_HAL_Driver/Src/stm32g0xx_hal_gpio.o
                0x08001900                HAL_GPIO_WritePin
 *fill*         0x0800193a        0x2 
 .text.HAL_PWREx_ControlVoltageScaling
                0x0800193c       0x80 ./Drivers/STM32G0xx_HAL_Driver/Src/stm32g0xx_hal_pwr_ex.o
                0x0800193c                HAL_PWREx_ControlVoltageScaling
 .text.LL_RCC_GetAPB1Prescaler
                0x080019bc       0x18 ./Drivers/STM32G0xx_HAL_Driver/Src/stm32g0xx_hal_rcc.o
 .text.HAL_RCC_OscConfig
                0x080019d4      0x6c0 ./Drivers/STM32G0xx_HAL_Driver/Src/stm32g0xx_hal_rcc.o
                0x080019d4                HAL_RCC_OscConfig
 .text.HAL_RCC_ClockConfig
                0x08002094      0x210 ./Drivers/STM32G0xx_HAL_Driver/Src/stm32g0xx_hal_rcc.o
                0x08002094                HAL_RCC_ClockConfig
 .text.HAL_RCC_GetSysClockFreq
                0x080022a4      0x104 ./Drivers/STM32G0xx_HAL_Driver/Src/stm32g0xx_hal_rcc.o
                0x080022a4                HAL_RCC_GetSysClockFreq
 .text.HAL_RCC_GetHCLKFreq
                0x080023a8       0x14 ./Drivers/STM32G0xx_HAL_Driver/Src/stm32g0xx_hal_rcc.o
                0x080023a8                HAL_RCC_GetHCLKFreq
 .text.HAL_RCC_GetPCLK1Freq
                0x080023bc       0x2c ./Drivers/STM32G0xx_HAL_Driver/Src/stm32g0xx_hal_rcc.o
                0x080023bc                HAL_RCC_GetPCLK1Freq
 .text.HAL_RCCEx_PeriphCLKConfig
                0x080023e8      0x478 ./Drivers/STM32G0xx_HAL_Driver/Src/stm32g0xx_hal_rcc_ex.o
                0x080023e8                HAL_RCCEx_PeriphCLKConfig
 .text.HAL_TIM_Base_Init
                0x08002860       0xb0 ./Drivers/STM32G0xx_HAL_Driver/Src/stm32g0xx_hal_tim.o
                0x08002860                HAL_TIM_Base_Init
 .text.TIM_Base_SetConfig
                0x08002910      0x130 ./Drivers/STM32G0xx_HAL_Driver/Src/stm32g0xx_hal_tim.o
                0x08002910                TIM_Base_SetConfig
 .text.UART_SetConfig
                0x08002a40      0x6ac ./Drivers/STM32G0xx_HAL_Driver/Src/stm32g0xx_hal_uart.o
                0x08002a40                UART_SetConfig
 .text.UART_AdvFeatureConfig
                0x080030ec      0x168 ./Drivers/STM32G0xx_HAL_Driver/Src/stm32g0xx_hal_uart.o
                0x080030ec                UART_AdvFeatureConfig
 .text.UART_CheckIdleState
                0x08003254      0x154 ./Drivers/STM32G0xx_HAL_Driver/Src/stm32g0xx_hal_uart.o
                0x08003254                UART_CheckIdleState
 .text.UART_WaitOnFlagUntilTimeout
                0x080033a8       0xde ./Drivers/STM32G0xx_HAL_Driver/Src/stm32g0xx_hal_uart.o
                0x080033a8                UART_WaitOnFlagUntilTimeout
 *fill*         0x08003486        0x2 
 .text.UART_EndRxTransfer
                0x08003488       0xcc ./Drivers/STM32G0xx_HAL_Driver/Src/stm32g0xx_hal_uart.o
 .text.HAL_RS485Ex_Init
                0x08003554       0xe4 ./Drivers/STM32G0xx_HAL_Driver/Src/stm32g0xx_hal_uart_ex.o
                0x08003554                HAL_RS485Ex_Init
 .text.HAL_UARTEx_DisableFifoMode
                0x08003638       0x74 ./Drivers/STM32G0xx_HAL_Driver/Src/stm32g0xx_hal_uart_ex.o
                0x08003638                HAL_UARTEx_DisableFifoMode
 .text.HAL_UARTEx_SetTxFifoThreshold
                0x080036ac       0x7e ./Drivers/STM32G0xx_HAL_Driver/Src/stm32g0xx_hal_uart_ex.o
                0x080036ac                HAL_UARTEx_SetTxFifoThreshold
 *fill*         0x0800372a        0x2 
 .text.HAL_UARTEx_SetRxFifoThreshold
                0x0800372c       0x84 ./Drivers/STM32G0xx_HAL_Driver/Src/stm32g0xx_hal_uart_ex.o
                0x0800372c                HAL_UARTEx_SetRxFifoThreshold
 .text.UARTEx_SetNbDataToProcess
                0x080037b0       0xbc ./Drivers/STM32G0xx_HAL_Driver/Src/stm32g0xx_hal_uart_ex.o
 .text.eMBFuncReadCoils
                0x0800386c      0x156 ./S_Mod/functions/mbfunccoils.o
                0x0800386c                eMBFuncReadCoils
 .text.eMBFuncWriteCoil
                0x080039c2       0xdc ./S_Mod/functions/mbfunccoils.o
                0x080039c2                eMBFuncWriteCoil
 .text.eMBFuncWriteMultipleCoils
                0x08003a9e      0x128 ./S_Mod/functions/mbfunccoils.o
                0x08003a9e                eMBFuncWriteMultipleCoils
 .text.eMBFuncReadDiscreteInputs
                0x08003bc6      0x156 ./S_Mod/functions/mbfuncdisc.o
                0x08003bc6                eMBFuncReadDiscreteInputs
 .text.eMBFuncWriteHoldingRegister
                0x08003d1c       0x90 ./S_Mod/functions/mbfuncholding.o
                0x08003d1c                eMBFuncWriteHoldingRegister
 .text.eMBFuncWriteMultipleHoldingRegister
                0x08003dac       0xf6 ./S_Mod/functions/mbfuncholding.o
                0x08003dac                eMBFuncWriteMultipleHoldingRegister
 .text.eMBFuncReadHoldingRegister
                0x08003ea2      0x11e ./S_Mod/functions/mbfuncholding.o
                0x08003ea2                eMBFuncReadHoldingRegister
 .text.eMBFuncReadWriteMultipleHoldingRegister
                0x08003fc0      0x1cc ./S_Mod/functions/mbfuncholding.o
                0x08003fc0                eMBFuncReadWriteMultipleHoldingRegister
 .text.xMBUtilSetBits
                0x0800418c      0x128 ./S_Mod/functions/mbutils.o
                0x0800418c                xMBUtilSetBits
 .text.xMBUtilGetBits
                0x080042b4       0xa6 ./S_Mod/functions/mbutils.o
                0x080042b4                xMBUtilGetBits
 .text.prveMBError2Exception
                0x0800435a       0x56 ./S_Mod/functions/mbutils.o
                0x0800435a                prveMBError2Exception
 .text.eMBInit  0x080043b0      0x13c ./S_Mod/mb.o
                0x080043b0                eMBInit
 .text.eMBEnable
                0x080044ec       0x3c ./S_Mod/mb.o
                0x080044ec                eMBEnable
 .text.eMBPoll  0x08004528      0x198 ./S_Mod/mb.o
                0x08004528                eMBPoll
 .text.__NVIC_EnableIRQ
                0x080046c0       0x34 ./S_Mod/mb_slave_API.o
 .text.__NVIC_SetPriority
                0x080046f4       0xdc ./S_Mod/mb_slave_API.o
 .text.MbSlaveMode
                0x080047d0       0x66 ./S_Mod/mb_slave_API.o
                0x080047d0                MbSlaveMode
 *fill*         0x08004836        0x2 
 .text.WriteToModbusBuffer
                0x08004838       0x58 ./S_Mod/mb_slave_API.o
                0x08004838                WriteToModbusBuffer
 .text.MX_NVIC_Init
                0x08004890       0x42 ./S_Mod/mb_slave_API.o
                0x08004890                MX_NVIC_Init
 *fill*         0x080048d2        0x2 
 .text.eMBRegHoldingCB
                0x080048d4      0x118 ./S_Mod/mbtask.o
                0x080048d4                eMBRegHoldingCB
 .text.eMBRegCoilsCB
                0x080049ec      0x120 ./S_Mod/mbtask.o
                0x080049ec                eMBRegCoilsCB
 .text.eMBRegDiscreteCB
                0x08004b0c       0xbc ./S_Mod/mbtask.o
                0x08004b0c                eMBRegDiscreteCB
 .text.xMBPortEventInit
                0x08004bc8       0x18 ./S_Mod/port/portevent.o
                0x08004bc8                xMBPortEventInit
 .text.xMBPortEventPost
                0x08004be0       0x2c ./S_Mod/port/portevent.o
                0x08004be0                xMBPortEventPost
 .text.xMBPortEventGet
                0x08004c0c       0x44 ./S_Mod/port/portevent.o
                0x08004c0c                xMBPortEventGet
 .text.LL_USART_EnableIT_RXNE_RXFNE
                0x08004c50       0x3e ./S_Mod/port/portserial.o
 .text.LL_USART_EnableIT_TXE_TXFNF
                0x08004c8e       0x3e ./S_Mod/port/portserial.o
 .text.LL_USART_DisableIT_RXNE_RXFNE
                0x08004ccc       0x40 ./S_Mod/port/portserial.o
 .text.LL_USART_DisableIT_TXE_TXFNF
                0x08004d0c       0x40 ./S_Mod/port/portserial.o
 .text.LL_USART_ReceiveData8
                0x08004d4c       0x16 ./S_Mod/port/portserial.o
 .text.LL_USART_TransmitData8
                0x08004d62       0x1e ./S_Mod/port/portserial.o
 .text.vMBPortSerialEnable
                0x08004d80       0x64 ./S_Mod/port/portserial.o
                0x08004d80                vMBPortSerialEnable
 .text.xMBPortSerialInit
                0x08004de4       0x40 ./S_Mod/port/portserial.o
                0x08004de4                xMBPortSerialInit
 .text.xMBPortSerialPutByte
                0x08004e24       0x28 ./S_Mod/port/portserial.o
                0x08004e24                xMBPortSerialPutByte
 .text.xMBPortSerialGetByte
                0x08004e4c       0x28 ./S_Mod/port/portserial.o
                0x08004e4c                xMBPortSerialGetByte
 .text.LL_TIM_EnableCounter
                0x08004e74       0x1c ./S_Mod/port/porttimer.o
 .text.LL_TIM_DisableCounter
                0x08004e90       0x1e ./S_Mod/port/porttimer.o
 .text.LL_TIM_SetCounter
                0x08004eae       0x18 ./S_Mod/port/porttimer.o
 .text.LL_TIM_SetAutoReload
                0x08004ec6       0x18 ./S_Mod/port/porttimer.o
 .text.LL_TIM_EnableIT_UPDATE
                0x08004ede       0x1c ./S_Mod/port/porttimer.o
 .text.LL_TIM_DisableIT_UPDATE
                0x08004efa       0x1e ./S_Mod/port/porttimer.o
 .text.xMBPortTimersInit
                0x08004f18       0x2c ./S_Mod/port/porttimer.o
                0x08004f18                xMBPortTimersInit
 .text.vMBPortTimersEnable
                0x08004f44       0x28 ./S_Mod/port/porttimer.o
                0x08004f44                vMBPortTimersEnable
 .text.vMBPortTimersDisable
                0x08004f6c       0x28 ./S_Mod/port/porttimer.o
                0x08004f6c                vMBPortTimersDisable
 .text.usMBCRC16
                0x08004f94       0x8c ./S_Mod/rtu/mbcrc.o
                0x08004f94                usMBCRC16
 .text.eMBRTUInit
                0x08005020       0xac ./S_Mod/rtu/mbrtu.o
                0x08005020                eMBRTUInit
 .text.eMBRTUStart
                0x080050cc       0x28 ./S_Mod/rtu/mbrtu.o
                0x080050cc                eMBRTUStart
 .text.eMBRTUStop
                0x080050f4       0x1e ./S_Mod/rtu/mbrtu.o
                0x080050f4                eMBRTUStop
 *fill*         0x08005112        0x2 
 .text.eMBRTUReceive
                0x08005114       0xb0 ./S_Mod/rtu/mbrtu.o
                0x08005114                eMBRTUReceive
 .text.eMBRTUSend
                0x080051c4       0xe8 ./S_Mod/rtu/mbrtu.o
                0x080051c4                eMBRTUSend
 .text.xMBRTUReceiveFSM
                0x080052ac      0x11c ./S_Mod/rtu/mbrtu.o
                0x080052ac                xMBRTUReceiveFSM
 .text.xMBRTUTransmitFSM
                0x080053c8       0xb8 ./S_Mod/rtu/mbrtu.o
                0x080053c8                xMBRTUTransmitFSM
 .text.xMBRTUTimerT35Expired
                0x08005480       0x94 ./S_Mod/rtu/mbrtu.o
                0x08005480                xMBRTUTimerT35Expired
 .text.__assert_func
                0x08005514       0x3c C:/ST/STM32CubeIDE_1.17.0/STM32CubeIDE/plugins/com.st.stm32cube.ide.mcu.externaltools.gnu-tools-for-stm32.12.3.rel1.win32_1.1.0.202410251130/tools/bin/../lib/gcc/arm-none-eabi/12.3.1/../../../../arm-none-eabi/lib/thumb/v6-m/nofp\libc_nano.a(libc_a-assert.o)
                0x08005514                __assert_func
 .text.std      0x08005550       0x6c C:/ST/STM32CubeIDE_1.17.0/STM32CubeIDE/plugins/com.st.stm32cube.ide.mcu.externaltools.gnu-tools-for-stm32.12.3.rel1.win32_1.1.0.202410251130/tools/bin/../lib/gcc/arm-none-eabi/12.3.1/../../../../arm-none-eabi/lib/thumb/v6-m/nofp\libc_nano.a(libc_a-findfp.o)
 .text.stdio_exit_handler
                0x080055bc       0x1c C:/ST/STM32CubeIDE_1.17.0/STM32CubeIDE/plugins/com.st.stm32cube.ide.mcu.externaltools.gnu-tools-for-stm32.12.3.rel1.win32_1.1.0.202410251130/tools/bin/../lib/gcc/arm-none-eabi/12.3.1/../../../../arm-none-eabi/lib/thumb/v6-m/nofp\libc_nano.a(libc_a-findfp.o)
 .text.cleanup_stdio
                0x080055d8       0x3c C:/ST/STM32CubeIDE_1.17.0/STM32CubeIDE/plugins/com.st.stm32cube.ide.mcu.externaltools.gnu-tools-for-stm32.12.3.rel1.win32_1.1.0.202410251130/tools/bin/../lib/gcc/arm-none-eabi/12.3.1/../../../../arm-none-eabi/lib/thumb/v6-m/nofp\libc_nano.a(libc_a-findfp.o)
 .text.global_stdio_init.part.0
                0x08005614       0x3c C:/ST/STM32CubeIDE_1.17.0/STM32CubeIDE/plugins/com.st.stm32cube.ide.mcu.externaltools.gnu-tools-for-stm32.12.3.rel1.win32_1.1.0.202410251130/tools/bin/../lib/gcc/arm-none-eabi/12.3.1/../../../../arm-none-eabi/lib/thumb/v6-m/nofp\libc_nano.a(libc_a-findfp.o)
 .text.__sfp_lock_acquire
                0x08005650       0x10 C:/ST/STM32CubeIDE_1.17.0/STM32CubeIDE/plugins/com.st.stm32cube.ide.mcu.externaltools.gnu-tools-for-stm32.12.3.rel1.win32_1.1.0.202410251130/tools/bin/../lib/gcc/arm-none-eabi/12.3.1/../../../../arm-none-eabi/lib/thumb/v6-m/nofp\libc_nano.a(libc_a-findfp.o)
                0x08005650                __sfp_lock_acquire
 .text.__sfp_lock_release
                0x08005660       0x10 C:/ST/STM32CubeIDE_1.17.0/STM32CubeIDE/plugins/com.st.stm32cube.ide.mcu.externaltools.gnu-tools-for-stm32.12.3.rel1.win32_1.1.0.202410251130/tools/bin/../lib/gcc/arm-none-eabi/12.3.1/../../../../arm-none-eabi/lib/thumb/v6-m/nofp\libc_nano.a(libc_a-findfp.o)
                0x08005660                __sfp_lock_release
 .text.__sinit  0x08005670       0x30 C:/ST/STM32CubeIDE_1.17.0/STM32CubeIDE/plugins/com.st.stm32cube.ide.mcu.externaltools.gnu-tools-for-stm32.12.3.rel1.win32_1.1.0.202410251130/tools/bin/../lib/gcc/arm-none-eabi/12.3.1/../../../../arm-none-eabi/lib/thumb/v6-m/nofp\libc_nano.a(libc_a-findfp.o)
                0x08005670                __sinit
 .text.fprintf  0x080056a0       0x20 C:/ST/STM32CubeIDE_1.17.0/STM32CubeIDE/plugins/com.st.stm32cube.ide.mcu.externaltools.gnu-tools-for-stm32.12.3.rel1.win32_1.1.0.202410251130/tools/bin/../lib/gcc/arm-none-eabi/12.3.1/../../../../arm-none-eabi/lib/thumb/v6-m/nofp\libc_nano.a(libc_a-fprintf.o)
                0x080056a0                fiprintf
                0x080056a0                fprintf
 .text._fwalk_sglue
                0x080056c0       0x38 C:/ST/STM32CubeIDE_1.17.0/STM32CubeIDE/plugins/com.st.stm32cube.ide.mcu.externaltools.gnu-tools-for-stm32.12.3.rel1.win32_1.1.0.202410251130/tools/bin/../lib/gcc/arm-none-eabi/12.3.1/../../../../arm-none-eabi/lib/thumb/v6-m/nofp\libc_nano.a(libc_a-fwalk.o)
                0x080056c0                _fwalk_sglue
 .text.__sread  0x080056f8       0x28 C:/ST/STM32CubeIDE_1.17.0/STM32CubeIDE/plugins/com.st.stm32cube.ide.mcu.externaltools.gnu-tools-for-stm32.12.3.rel1.win32_1.1.0.202410251130/tools/bin/../lib/gcc/arm-none-eabi/12.3.1/../../../../arm-none-eabi/lib/thumb/v6-m/nofp\libc_nano.a(libc_a-stdio.o)
                0x080056f8                __sread
 .text.__swrite
                0x08005720       0x38 C:/ST/STM32CubeIDE_1.17.0/STM32CubeIDE/plugins/com.st.stm32cube.ide.mcu.externaltools.gnu-tools-for-stm32.12.3.rel1.win32_1.1.0.202410251130/tools/bin/../lib/gcc/arm-none-eabi/12.3.1/../../../../arm-none-eabi/lib/thumb/v6-m/nofp\libc_nano.a(libc_a-stdio.o)
                0x08005720                __swrite
 .text.__sseek  0x08005758       0x2c C:/ST/STM32CubeIDE_1.17.0/STM32CubeIDE/plugins/com.st.stm32cube.ide.mcu.externaltools.gnu-tools-for-stm32.12.3.rel1.win32_1.1.0.202410251130/tools/bin/../lib/gcc/arm-none-eabi/12.3.1/../../../../arm-none-eabi/lib/thumb/v6-m/nofp\libc_nano.a(libc_a-stdio.o)
                0x08005758                __sseek
 .text.__sclose
                0x08005784        0xc C:/ST/STM32CubeIDE_1.17.0/STM32CubeIDE/plugins/com.st.stm32cube.ide.mcu.externaltools.gnu-tools-for-stm32.12.3.rel1.win32_1.1.0.202410251130/tools/bin/../lib/gcc/arm-none-eabi/12.3.1/../../../../arm-none-eabi/lib/thumb/v6-m/nofp\libc_nano.a(libc_a-stdio.o)
                0x08005784                __sclose
 .text.memset   0x08005790       0x10 C:/ST/STM32CubeIDE_1.17.0/STM32CubeIDE/plugins/com.st.stm32cube.ide.mcu.externaltools.gnu-tools-for-stm32.12.3.rel1.win32_1.1.0.202410251130/tools/bin/../lib/gcc/arm-none-eabi/12.3.1/../../../../arm-none-eabi/lib/thumb/v6-m/nofp\libc_nano.a(libc_a-memset.o)
                0x08005790                memset
 .text._close_r
                0x080057a0       0x24 C:/ST/STM32CubeIDE_1.17.0/STM32CubeIDE/plugins/com.st.stm32cube.ide.mcu.externaltools.gnu-tools-for-stm32.12.3.rel1.win32_1.1.0.202410251130/tools/bin/../lib/gcc/arm-none-eabi/12.3.1/../../../../arm-none-eabi/lib/thumb/v6-m/nofp\libc_nano.a(libc_a-closer.o)
                0x080057a0                _close_r
 .text._lseek_r
                0x080057c4       0x28 C:/ST/STM32CubeIDE_1.17.0/STM32CubeIDE/plugins/com.st.stm32cube.ide.mcu.externaltools.gnu-tools-for-stm32.12.3.rel1.win32_1.1.0.202410251130/tools/bin/../lib/gcc/arm-none-eabi/12.3.1/../../../../arm-none-eabi/lib/thumb/v6-m/nofp\libc_nano.a(libc_a-lseekr.o)
                0x080057c4                _lseek_r
 .text._read_r  0x080057ec       0x28 C:/ST/STM32CubeIDE_1.17.0/STM32CubeIDE/plugins/com.st.stm32cube.ide.mcu.externaltools.gnu-tools-for-stm32.12.3.rel1.win32_1.1.0.202410251130/tools/bin/../lib/gcc/arm-none-eabi/12.3.1/../../../../arm-none-eabi/lib/thumb/v6-m/nofp\libc_nano.a(libc_a-readr.o)
                0x080057ec                _read_r
 .text._write_r
                0x08005814       0x28 C:/ST/STM32CubeIDE_1.17.0/STM32CubeIDE/plugins/com.st.stm32cube.ide.mcu.externaltools.gnu-tools-for-stm32.12.3.rel1.win32_1.1.0.202410251130/tools/bin/../lib/gcc/arm-none-eabi/12.3.1/../../../../arm-none-eabi/lib/thumb/v6-m/nofp\libc_nano.a(libc_a-writer.o)
                0x08005814                _write_r
 .text.__errno  0x0800583c        0xc C:/ST/STM32CubeIDE_1.17.0/STM32CubeIDE/plugins/com.st.stm32cube.ide.mcu.externaltools.gnu-tools-for-stm32.12.3.rel1.win32_1.1.0.202410251130/tools/bin/../lib/gcc/arm-none-eabi/12.3.1/../../../../arm-none-eabi/lib/thumb/v6-m/nofp\libc_nano.a(libc_a-errno.o)
                0x0800583c                __errno
 .text.__libc_init_array
                0x08005848       0x48 C:/ST/STM32CubeIDE_1.17.0/STM32CubeIDE/plugins/com.st.stm32cube.ide.mcu.externaltools.gnu-tools-for-stm32.12.3.rel1.win32_1.1.0.202410251130/tools/bin/../lib/gcc/arm-none-eabi/12.3.1/../../../../arm-none-eabi/lib/thumb/v6-m/nofp\libc_nano.a(libc_a-init.o)
                0x08005848                __libc_init_array
 .text.__retarget_lock_init_recursive
                0x08005890        0x2 C:/ST/STM32CubeIDE_1.17.0/STM32CubeIDE/plugins/com.st.stm32cube.ide.mcu.externaltools.gnu-tools-for-stm32.12.3.rel1.win32_1.1.0.202410251130/tools/bin/../lib/gcc/arm-none-eabi/12.3.1/../../../../arm-none-eabi/lib/thumb/v6-m/nofp\libc_nano.a(libc_a-lock.o)
                0x08005890                __retarget_lock_init_recursive
 .text.__retarget_lock_acquire_recursive
                0x08005892        0x2 C:/ST/STM32CubeIDE_1.17.0/STM32CubeIDE/plugins/com.st.stm32cube.ide.mcu.externaltools.gnu-tools-for-stm32.12.3.rel1.win32_1.1.0.202410251130/tools/bin/../lib/gcc/arm-none-eabi/12.3.1/../../../../arm-none-eabi/lib/thumb/v6-m/nofp\libc_nano.a(libc_a-lock.o)
                0x08005892                __retarget_lock_acquire_recursive
 .text.__retarget_lock_release_recursive
                0x08005894        0x2 C:/ST/STM32CubeIDE_1.17.0/STM32CubeIDE/plugins/com.st.stm32cube.ide.mcu.externaltools.gnu-tools-for-stm32.12.3.rel1.win32_1.1.0.202410251130/tools/bin/../lib/gcc/arm-none-eabi/12.3.1/../../../../arm-none-eabi/lib/thumb/v6-m/nofp\libc_nano.a(libc_a-lock.o)
                0x08005894                __retarget_lock_release_recursive
 .text.abort    0x08005896        0xe C:/ST/STM32CubeIDE_1.17.0/STM32CubeIDE/plugins/com.st.stm32cube.ide.mcu.externaltools.gnu-tools-for-stm32.12.3.rel1.win32_1.1.0.202410251130/tools/bin/../lib/gcc/arm-none-eabi/12.3.1/../../../../arm-none-eabi/lib/thumb/v6-m/nofp\libc_nano.a(libc_a-abort.o)
                0x08005896                abort
 .text._free_r  0x080058a4       0x94 C:/ST/STM32CubeIDE_1.17.0/STM32CubeIDE/plugins/com.st.stm32cube.ide.mcu.externaltools.gnu-tools-for-stm32.12.3.rel1.win32_1.1.0.202410251130/tools/bin/../lib/gcc/arm-none-eabi/12.3.1/../../../../arm-none-eabi/lib/thumb/v6-m/nofp\libc_nano.a(libc_a-freer.o)
                0x080058a4                _free_r
 .text.sbrk_aligned
                0x08005938       0x44 C:/ST/STM32CubeIDE_1.17.0/STM32CubeIDE/plugins/com.st.stm32cube.ide.mcu.externaltools.gnu-tools-for-stm32.12.3.rel1.win32_1.1.0.202410251130/tools/bin/../lib/gcc/arm-none-eabi/12.3.1/../../../../arm-none-eabi/lib/thumb/v6-m/nofp\libc_nano.a(libc_a-mallocr.o)
 .text._malloc_r
                0x0800597c      0x100 C:/ST/STM32CubeIDE_1.17.0/STM32CubeIDE/plugins/com.st.stm32cube.ide.mcu.externaltools.gnu-tools-for-stm32.12.3.rel1.win32_1.1.0.202410251130/tools/bin/../lib/gcc/arm-none-eabi/12.3.1/../../../../arm-none-eabi/lib/thumb/v6-m/nofp\libc_nano.a(libc_a-mallocr.o)
                0x0800597c                _malloc_r
 .text.__malloc_lock
                0x08005a7c       0x10 C:/ST/STM32CubeIDE_1.17.0/STM32CubeIDE/plugins/com.st.stm32cube.ide.mcu.externaltools.gnu-tools-for-stm32.12.3.rel1.win32_1.1.0.202410251130/tools/bin/../lib/gcc/arm-none-eabi/12.3.1/../../../../arm-none-eabi/lib/thumb/v6-m/nofp\libc_nano.a(libc_a-mlock.o)
                0x08005a7c                __malloc_lock
 .text.__malloc_unlock
                0x08005a8c       0x10 C:/ST/STM32CubeIDE_1.17.0/STM32CubeIDE/plugins/com.st.stm32cube.ide.mcu.externaltools.gnu-tools-for-stm32.12.3.rel1.win32_1.1.0.202410251130/tools/bin/../lib/gcc/arm-none-eabi/12.3.1/../../../../arm-none-eabi/lib/thumb/v6-m/nofp\libc_nano.a(libc_a-mlock.o)
                0x08005a8c                __malloc_unlock
 .text.__sfputc_r
                0x08005a9c       0x2a C:/ST/STM32CubeIDE_1.17.0/STM32CubeIDE/plugins/com.st.stm32cube.ide.mcu.externaltools.gnu-tools-for-stm32.12.3.rel1.win32_1.1.0.202410251130/tools/bin/../lib/gcc/arm-none-eabi/12.3.1/../../../../arm-none-eabi/lib/thumb/v6-m/nofp\libc_nano.a(libc_a-nano-vfprintf.o)
 .text.__sfputs_r
                0x08005ac6       0x24 C:/ST/STM32CubeIDE_1.17.0/STM32CubeIDE/plugins/com.st.stm32cube.ide.mcu.externaltools.gnu-tools-for-stm32.12.3.rel1.win32_1.1.0.202410251130/tools/bin/../lib/gcc/arm-none-eabi/12.3.1/../../../../arm-none-eabi/lib/thumb/v6-m/nofp\libc_nano.a(libc_a-nano-vfprintf.o)
                0x08005ac6                __sfputs_r
 *fill*         0x08005aea        0x2 
 .text._vfprintf_r
                0x08005aec      0x238 C:/ST/STM32CubeIDE_1.17.0/STM32CubeIDE/plugins/com.st.stm32cube.ide.mcu.externaltools.gnu-tools-for-stm32.12.3.rel1.win32_1.1.0.202410251130/tools/bin/../lib/gcc/arm-none-eabi/12.3.1/../../../../arm-none-eabi/lib/thumb/v6-m/nofp\libc_nano.a(libc_a-nano-vfprintf.o)
                0x08005aec                _vfprintf_r
                0x08005aec                _vfiprintf_r
 .text._printf_common
                0x08005d24       0xde C:/ST/STM32CubeIDE_1.17.0/STM32CubeIDE/plugins/com.st.stm32cube.ide.mcu.externaltools.gnu-tools-for-stm32.12.3.rel1.win32_1.1.0.202410251130/tools/bin/../lib/gcc/arm-none-eabi/12.3.1/../../../../arm-none-eabi/lib/thumb/v6-m/nofp\libc_nano.a(libc_a-nano-vfprintf_i.o)
                0x08005d24                _printf_common
 *fill*         0x08005e02        0x2 
 .text._printf_i
                0x08005e04      0x21c C:/ST/STM32CubeIDE_1.17.0/STM32CubeIDE/plugins/com.st.stm32cube.ide.mcu.externaltools.gnu-tools-for-stm32.12.3.rel1.win32_1.1.0.202410251130/tools/bin/../lib/gcc/arm-none-eabi/12.3.1/../../../../arm-none-eabi/lib/thumb/v6-m/nofp\libc_nano.a(libc_a-nano-vfprintf_i.o)
                0x08005e04                _printf_i
 .text.__sflush_r
                0x08006020      0x10c C:/ST/STM32CubeIDE_1.17.0/STM32CubeIDE/plugins/com.st.stm32cube.ide.mcu.externaltools.gnu-tools-for-stm32.12.3.rel1.win32_1.1.0.202410251130/tools/bin/../lib/gcc/arm-none-eabi/12.3.1/../../../../arm-none-eabi/lib/thumb/v6-m/nofp\libc_nano.a(libc_a-fflush.o)
                0x08006020                __sflush_r
 .text._fflush_r
                0x0800612c       0x56 C:/ST/STM32CubeIDE_1.17.0/STM32CubeIDE/plugins/com.st.stm32cube.ide.mcu.externaltools.gnu-tools-for-stm32.12.3.rel1.win32_1.1.0.202410251130/tools/bin/../lib/gcc/arm-none-eabi/12.3.1/../../../../arm-none-eabi/lib/thumb/v6-m/nofp\libc_nano.a(libc_a-fflush.o)
                0x0800612c                _fflush_r
 .text.__swbuf_r
                0x08006182       0x84 C:/ST/STM32CubeIDE_1.17.0/STM32CubeIDE/plugins/com.st.stm32cube.ide.mcu.externaltools.gnu-tools-for-stm32.12.3.rel1.win32_1.1.0.202410251130/tools/bin/../lib/gcc/arm-none-eabi/12.3.1/../../../../arm-none-eabi/lib/thumb/v6-m/nofp\libc_nano.a(libc_a-wbuf.o)
                0x08006182                __swbuf_r
 *fill*         0x08006206        0x2 
 .text.__swsetup_r
                0x08006208       0xbc C:/ST/STM32CubeIDE_1.17.0/STM32CubeIDE/plugins/com.st.stm32cube.ide.mcu.externaltools.gnu-tools-for-stm32.12.3.rel1.win32_1.1.0.202410251130/tools/bin/../lib/gcc/arm-none-eabi/12.3.1/../../../../arm-none-eabi/lib/thumb/v6-m/nofp\libc_nano.a(libc_a-wsetup.o)
                0x08006208                __swsetup_r
 .text._raise_r
                0x080062c4       0x52 C:/ST/STM32CubeIDE_1.17.0/STM32CubeIDE/plugins/com.st.stm32cube.ide.mcu.externaltools.gnu-tools-for-stm32.12.3.rel1.win32_1.1.0.202410251130/tools/bin/../lib/gcc/arm-none-eabi/12.3.1/../../../../arm-none-eabi/lib/thumb/v6-m/nofp\libc_nano.a(libc_a-signal.o)
                0x080062c4                _raise_r
 *fill*         0x08006316        0x2 
 .text.raise    0x08006318       0x14 C:/ST/STM32CubeIDE_1.17.0/STM32CubeIDE/plugins/com.st.stm32cube.ide.mcu.externaltools.gnu-tools-for-stm32.12.3.rel1.win32_1.1.0.202410251130/tools/bin/../lib/gcc/arm-none-eabi/12.3.1/../../../../arm-none-eabi/lib/thumb/v6-m/nofp\libc_nano.a(libc_a-signal.o)
                0x08006318                raise
 .text._kill_r  0x0800632c       0x24 C:/ST/STM32CubeIDE_1.17.0/STM32CubeIDE/plugins/com.st.stm32cube.ide.mcu.externaltools.gnu-tools-for-stm32.12.3.rel1.win32_1.1.0.202410251130/tools/bin/../lib/gcc/arm-none-eabi/12.3.1/../../../../arm-none-eabi/lib/thumb/v6-m/nofp\libc_nano.a(libc_a-signalr.o)
                0x0800632c                _kill_r
 .text._getpid_r
                0x08006350        0x8 C:/ST/STM32CubeIDE_1.17.0/STM32CubeIDE/plugins/com.st.stm32cube.ide.mcu.externaltools.gnu-tools-for-stm32.12.3.rel1.win32_1.1.0.202410251130/tools/bin/../lib/gcc/arm-none-eabi/12.3.1/../../../../arm-none-eabi/lib/thumb/v6-m/nofp\libc_nano.a(libc_a-signalr.o)
                0x08006350                _getpid_r
 .text._sbrk_r  0x08006358       0x24 C:/ST/STM32CubeIDE_1.17.0/STM32CubeIDE/plugins/com.st.stm32cube.ide.mcu.externaltools.gnu-tools-for-stm32.12.3.rel1.win32_1.1.0.202410251130/tools/bin/../lib/gcc/arm-none-eabi/12.3.1/../../../../arm-none-eabi/lib/thumb/v6-m/nofp\libc_nano.a(libc_a-sbrkr.o)
                0x08006358                _sbrk_r
 .text.memchr   0x0800637c       0x16 C:/ST/STM32CubeIDE_1.17.0/STM32CubeIDE/plugins/com.st.stm32cube.ide.mcu.externaltools.gnu-tools-for-stm32.12.3.rel1.win32_1.1.0.202410251130/tools/bin/../lib/gcc/arm-none-eabi/12.3.1/../../../../arm-none-eabi/lib/thumb/v6-m/nofp\libc_nano.a(libc_a-memchr-stub.o)
                0x0800637c                memchr
 *fill*         0x08006392        0x2 
 .text.__swhatbuf_r
                0x08006394       0x54 C:/ST/STM32CubeIDE_1.17.0/STM32CubeIDE/plugins/com.st.stm32cube.ide.mcu.externaltools.gnu-tools-for-stm32.12.3.rel1.win32_1.1.0.202410251130/tools/bin/../lib/gcc/arm-none-eabi/12.3.1/../../../../arm-none-eabi/lib/thumb/v6-m/nofp\libc_nano.a(libc_a-makebuf.o)
                0x08006394                __swhatbuf_r
 .text.__smakebuf_r
                0x080063e8       0x82 C:/ST/STM32CubeIDE_1.17.0/STM32CubeIDE/plugins/com.st.stm32cube.ide.mcu.externaltools.gnu-tools-for-stm32.12.3.rel1.win32_1.1.0.202410251130/tools/bin/../lib/gcc/arm-none-eabi/12.3.1/../../../../arm-none-eabi/lib/thumb/v6-m/nofp\libc_nano.a(libc_a-makebuf.o)
                0x080063e8                __smakebuf_r
 *fill*         0x0800646a        0x2 
 .text._fstat_r
                0x0800646c       0x24 C:/ST/STM32CubeIDE_1.17.0/STM32CubeIDE/plugins/com.st.stm32cube.ide.mcu.externaltools.gnu-tools-for-stm32.12.3.rel1.win32_1.1.0.202410251130/tools/bin/../lib/gcc/arm-none-eabi/12.3.1/../../../../arm-none-eabi/lib/thumb/v6-m/nofp\libc_nano.a(libc_a-fstatr.o)
                0x0800646c                _fstat_r
 .text._isatty_r
                0x08006490       0x24 C:/ST/STM32CubeIDE_1.17.0/STM32CubeIDE/plugins/com.st.stm32cube.ide.mcu.externaltools.gnu-tools-for-stm32.12.3.rel1.win32_1.1.0.202410251130/tools/bin/../lib/gcc/arm-none-eabi/12.3.1/../../../../arm-none-eabi/lib/thumb/v6-m/nofp\libc_nano.a(libc_a-isattyr.o)
                0x08006490                _isatty_r
 *(.glue_7)
 .glue_7        0x080064b4        0x0 linker stubs
 *(.glue_7t)
 .glue_7t       0x080064b4        0x0 linker stubs
 *(.eh_frame)
 .eh_frame      0x080064b4        0x0 C:/ST/STM32CubeIDE_1.17.0/STM32CubeIDE/plugins/com.st.stm32cube.ide.mcu.externaltools.gnu-tools-for-stm32.12.3.rel1.win32_1.1.0.202410251130/tools/bin/../lib/gcc/arm-none-eabi/12.3.1/thumb/v6-m/nofp/crtbegin.o
 *(.init)
 .init          0x080064b4        0x4 C:/ST/STM32CubeIDE_1.17.0/STM32CubeIDE/plugins/com.st.stm32cube.ide.mcu.externaltools.gnu-tools-for-stm32.12.3.rel1.win32_1.1.0.202410251130/tools/bin/../lib/gcc/arm-none-eabi/12.3.1/thumb/v6-m/nofp/crti.o
                0x080064b4                _init
 .init          0x080064b8        0x8 C:/ST/STM32CubeIDE_1.17.0/STM32CubeIDE/plugins/com.st.stm32cube.ide.mcu.externaltools.gnu-tools-for-stm32.12.3.rel1.win32_1.1.0.202410251130/tools/bin/../lib/gcc/arm-none-eabi/12.3.1/thumb/v6-m/nofp/crtn.o
 *(.fini)
 .fini          0x080064c0        0x4 C:/ST/STM32CubeIDE_1.17.0/STM32CubeIDE/plugins/com.st.stm32cube.ide.mcu.externaltools.gnu-tools-for-stm32.12.3.rel1.win32_1.1.0.202410251130/tools/bin/../lib/gcc/arm-none-eabi/12.3.1/thumb/v6-m/nofp/crti.o
                0x080064c0                _fini
 .fini          0x080064c4        0x8 C:/ST/STM32CubeIDE_1.17.0/STM32CubeIDE/plugins/com.st.stm32cube.ide.mcu.externaltools.gnu-tools-for-stm32.12.3.rel1.win32_1.1.0.202410251130/tools/bin/../lib/gcc/arm-none-eabi/12.3.1/thumb/v6-m/nofp/crtn.o
                0x080064cc                        . = ALIGN (0x4)
                0x080064cc                        _etext = .

.vfp11_veneer   0x080064cc        0x0
 .vfp11_veneer  0x080064cc        0x0 linker stubs

.v4_bx          0x080064cc        0x0
 .v4_bx         0x080064cc        0x0 linker stubs

.iplt           0x080064cc        0x0
 .iplt          0x080064cc        0x0 C:/ST/STM32CubeIDE_1.17.0/STM32CubeIDE/plugins/com.st.stm32cube.ide.mcu.externaltools.gnu-tools-for-stm32.12.3.rel1.win32_1.1.0.202410251130/tools/bin/../lib/gcc/arm-none-eabi/12.3.1/thumb/v6-m/nofp/crtbegin.o

.rodata         0x080064cc      0x464
                0x080064cc                        . = ALIGN (0x4)
 *(.rodata)
 .rodata        0x080064cc       0x2d ./S_Mod/functions/mbutils.o
 *fill*         0x080064f9        0x3 
 .rodata        0x080064fc       0xdb ./S_Mod/rtu/mbrtu.o
 *(.rodata*)
 *fill*         0x080065d7        0x1 
 .rodata.AHBPrescTable
                0x080065d8       0x40 ./Core/Src/system_stm32g0xx.o
                0x080065d8                AHBPrescTable
 .rodata.APBPrescTable
                0x08006618       0x20 ./Core/Src/system_stm32g0xx.o
                0x08006618                APBPrescTable
 .rodata.UARTPrescTable
                0x08006638       0x18 ./Drivers/STM32G0xx_HAL_Driver/Src/stm32g0xx_hal_uart.o
                0x08006638                UARTPrescTable
 .rodata.numerator.1
                0x08006650        0x8 ./Drivers/STM32G0xx_HAL_Driver/Src/stm32g0xx_hal_uart_ex.o
 .rodata.denominator.0
                0x08006658        0x8 ./Drivers/STM32G0xx_HAL_Driver/Src/stm32g0xx_hal_uart_ex.o
 .rodata.__func__.0
                0x08006660        0xf ./S_Mod/functions/mbutils.o
 *fill*         0x0800666f        0x1 
 .rodata.aucCRCHi
                0x08006670      0x100 ./S_Mod/rtu/mbcrc.o
 .rodata.aucCRCLo
                0x08006770      0x100 ./S_Mod/rtu/mbcrc.o
 .rodata.__func__.3
                0x08006870        0xe ./S_Mod/rtu/mbrtu.o
 *fill*         0x0800687e        0x2 
 .rodata.__func__.2
                0x08006880       0x11 ./S_Mod/rtu/mbrtu.o
 *fill*         0x08006891        0x3 
 .rodata.__func__.1
                0x08006894       0x12 ./S_Mod/rtu/mbrtu.o
 *fill*         0x080068a6        0x2 
 .rodata.__func__.0
                0x080068a8       0x16 ./S_Mod/rtu/mbrtu.o
 .rodata.__assert_func.str1.1
                0x080068be       0x3c C:/ST/STM32CubeIDE_1.17.0/STM32CubeIDE/plugins/com.st.stm32cube.ide.mcu.externaltools.gnu-tools-for-stm32.12.3.rel1.win32_1.1.0.202410251130/tools/bin/../lib/gcc/arm-none-eabi/12.3.1/../../../../arm-none-eabi/lib/thumb/v6-m/nofp\libc_nano.a(libc_a-assert.o)
                                 0x3d (size before relaxing)
 .rodata._vfprintf_r.str1.1
                0x080068fa       0x11 C:/ST/STM32CubeIDE_1.17.0/STM32CubeIDE/plugins/com.st.stm32cube.ide.mcu.externaltools.gnu-tools-for-stm32.12.3.rel1.win32_1.1.0.202410251130/tools/bin/../lib/gcc/arm-none-eabi/12.3.1/../../../../arm-none-eabi/lib/thumb/v6-m/nofp\libc_nano.a(libc_a-nano-vfprintf.o)
 .rodata._printf_i.str1.1
                0x0800690b       0x22 C:/ST/STM32CubeIDE_1.17.0/STM32CubeIDE/plugins/com.st.stm32cube.ide.mcu.externaltools.gnu-tools-for-stm32.12.3.rel1.win32_1.1.0.202410251130/tools/bin/../lib/gcc/arm-none-eabi/12.3.1/../../../../arm-none-eabi/lib/thumb/v6-m/nofp\libc_nano.a(libc_a-nano-vfprintf_i.o)
                0x08006930                        . = ALIGN (0x4)
 *fill*         0x0800692d        0x3 

.ARM.extab      0x08006930        0x0
                0x08006930                        . = ALIGN (0x4)
 *(.ARM.extab* .gnu.linkonce.armextab.*)
                0x08006930                        . = ALIGN (0x4)

.ARM            0x08006930        0x8
                0x08006930                        . = ALIGN (0x4)
                0x08006930                        __exidx_start = .
 *(.ARM.exidx*)
 .ARM.exidx     0x08006930        0x8 C:/ST/STM32CubeIDE_1.17.0/STM32CubeIDE/plugins/com.st.stm32cube.ide.mcu.externaltools.gnu-tools-for-stm32.12.3.rel1.win32_1.1.0.202410251130/tools/bin/../lib/gcc/arm-none-eabi/12.3.1/thumb/v6-m/nofp\libgcc.a(_udivmoddi4.o)
                0x08006938                        __exidx_end = .
                0x08006938                        . = ALIGN (0x4)

.preinit_array  0x08006938        0x0
                0x08006938                        . = ALIGN (0x4)
                0x08006938                        PROVIDE (__preinit_array_start = .)
 *(.preinit_array*)
                0x08006938                        PROVIDE (__preinit_array_end = .)
                0x08006938                        . = ALIGN (0x4)

.init_array     0x08006938        0x4
                0x08006938                        . = ALIGN (0x4)
                0x08006938                        PROVIDE (__init_array_start = .)
 *(SORT_BY_NAME(.init_array.*))
 *(.init_array*)
 .init_array    0x08006938        0x4 C:/ST/STM32CubeIDE_1.17.0/STM32CubeIDE/plugins/com.st.stm32cube.ide.mcu.externaltools.gnu-tools-for-stm32.12.3.rel1.win32_1.1.0.202410251130/tools/bin/../lib/gcc/arm-none-eabi/12.3.1/thumb/v6-m/nofp/crtbegin.o
                0x0800693c                        PROVIDE (__init_array_end = .)
                0x0800693c                        . = ALIGN (0x4)

.fini_array     0x0800693c        0x4
                0x0800693c                        . = ALIGN (0x4)
                [!provide]                        PROVIDE (__fini_array_start = .)
 *(SORT_BY_NAME(.fini_array.*))
 *(.fini_array*)
 .fini_array    0x0800693c        0x4 C:/ST/STM32CubeIDE_1.17.0/STM32CubeIDE/plugins/com.st.stm32cube.ide.mcu.externaltools.gnu-tools-for-stm32.12.3.rel1.win32_1.1.0.202410251130/tools/bin/../lib/gcc/arm-none-eabi/12.3.1/thumb/v6-m/nofp/crtbegin.o
                [!provide]                        PROVIDE (__fini_array_end = .)
                0x08006940                        . = ALIGN (0x4)
                0x08006940                        _sidata = LOADADDR (.data)

.rel.dyn        0x08006940        0x0
 .rel.iplt      0x08006940        0x0 C:/ST/STM32CubeIDE_1.17.0/STM32CubeIDE/plugins/com.st.stm32cube.ide.mcu.externaltools.gnu-tools-for-stm32.12.3.rel1.win32_1.1.0.202410251130/tools/bin/../lib/gcc/arm-none-eabi/12.3.1/thumb/v6-m/nofp/crtbegin.o

.data           0x20000000      0x100 load address 0x08006940
                0x20000000                        . = ALIGN (0x4)
                0x20000000                        _sdata = .
 *(.data)
 *(.data*)
 .data.qq       0x20000000       0x14 ./Core/Src/main.o
                0x20000000                qq
 .data.SystemCoreClock
                0x20000014        0x4 ./Core/Src/system_stm32g0xx.o
                0x20000014                SystemCoreClock
 .data.uwTickPrio
                0x20000018        0x4 ./Drivers/STM32G0xx_HAL_Driver/Src/stm32g0xx_hal.o
                0x20000018                uwTickPrio
 .data.uwTickFreq
                0x2000001c        0x1 ./Drivers/STM32G0xx_HAL_Driver/Src/stm32g0xx_hal.o
                0x2000001c                uwTickFreq
 .data.eMBState
                0x2000001d        0x1 ./S_Mod/mb.o
 *fill*         0x2000001e        0x2 
 .data.xFuncHandlers
                0x20000020       0x80 ./S_Mod/mb.o
 .data.usRegHoldingStart
                0x200000a0        0x2 ./S_Mod/mbtask.o
                0x200000a0                usRegHoldingStart
 *fill*         0x200000a2        0x2 
 .data.__sglue  0x200000a4        0xc C:/ST/STM32CubeIDE_1.17.0/STM32CubeIDE/plugins/com.st.stm32cube.ide.mcu.externaltools.gnu-tools-for-stm32.12.3.rel1.win32_1.1.0.202410251130/tools/bin/../lib/gcc/arm-none-eabi/12.3.1/../../../../arm-none-eabi/lib/thumb/v6-m/nofp\libc_nano.a(libc_a-findfp.o)
                0x200000a4                __sglue
 .data._impure_ptr
                0x200000b0        0x4 C:/ST/STM32CubeIDE_1.17.0/STM32CubeIDE/plugins/com.st.stm32cube.ide.mcu.externaltools.gnu-tools-for-stm32.12.3.rel1.win32_1.1.0.202410251130/tools/bin/../lib/gcc/arm-none-eabi/12.3.1/../../../../arm-none-eabi/lib/thumb/v6-m/nofp\libc_nano.a(libc_a-impure.o)
                0x200000b0                _impure_ptr
 .data._impure_data
                0x200000b4       0x4c C:/ST/STM32CubeIDE_1.17.0/STM32CubeIDE/plugins/com.st.stm32cube.ide.mcu.externaltools.gnu-tools-for-stm32.12.3.rel1.win32_1.1.0.202410251130/tools/bin/../lib/gcc/arm-none-eabi/12.3.1/../../../../arm-none-eabi/lib/thumb/v6-m/nofp\libc_nano.a(libc_a-impure.o)
                0x200000b4                _impure_data
 *(.RamFunc)
 *(.RamFunc*)
                0x20000100                        . = ALIGN (0x4)
                0x20000100                        _edata = .

.igot.plt       0x20000100        0x0 load address 0x08006a40
 .igot.plt      0x20000100        0x0 C:/ST/STM32CubeIDE_1.17.0/STM32CubeIDE/plugins/com.st.stm32cube.ide.mcu.externaltools.gnu-tools-for-stm32.12.3.rel1.win32_1.1.0.202410251130/tools/bin/../lib/gcc/arm-none-eabi/12.3.1/thumb/v6-m/nofp/crtbegin.o
                0x20000100                        . = ALIGN (0x4)

.bss            0x20000100      0xbf8 load address 0x08006a40
                0x20000100                        _sbss = .
                0x20000100                        __bss_start__ = _sbss
 *(.bss)
 .bss           0x20000100       0x1c C:/ST/STM32CubeIDE_1.17.0/STM32CubeIDE/plugins/com.st.stm32cube.ide.mcu.externaltools.gnu-tools-for-stm32.12.3.rel1.win32_1.1.0.202410251130/tools/bin/../lib/gcc/arm-none-eabi/12.3.1/thumb/v6-m/nofp/crtbegin.o
 *(.bss*)
 .bss.t14       0x2000011c        0x4 ./Core/Src/stm32g0xx_it.o
                0x2000011c                t14
 .bss.t16       0x20000120        0x4 ./Core/Src/stm32g0xx_it.o
                0x20000120                t16
 .bss.u         0x20000124        0x4 ./Core/Src/stm32g0xx_it.o
                0x20000124                u
 .bss.__sbrk_heap_end
                0x20000128        0x4 ./Core/Src/sysmem.o
 .bss.htim14    0x2000012c       0x4c ./Core/Src/tim.o
                0x2000012c                htim14
 .bss.htim16    0x20000178       0x4c ./Core/Src/tim.o
                0x20000178                htim16
 .bss.huart3    0x200001c4       0x94 ./Core/Src/usart.o
                0x200001c4                huart3
 .bss.uwTick    0x20000258        0x4 ./Drivers/STM32G0xx_HAL_Driver/Src/stm32g0xx_hal.o
                0x20000258                uwTick
 .bss.ucMBAddress
                0x2000025c        0x1 ./S_Mod/mb.o
 .bss.eMBCurrentMode
                0x2000025d        0x1 ./S_Mod/mb.o
 *fill*         0x2000025e        0x2 
 .bss.peMBFrameSendCur
                0x20000260        0x4 ./S_Mod/mb.o
 .bss.pvMBFrameStartCur
                0x20000264        0x4 ./S_Mod/mb.o
 .bss.pvMBFrameStopCur
                0x20000268        0x4 ./S_Mod/mb.o
 .bss.peMBFrameReceiveCur
                0x2000026c        0x4 ./S_Mod/mb.o
 .bss.pvMBFrameCloseCur
                0x20000270        0x4 ./S_Mod/mb.o
 .bss.pxMBFrameCBByteReceived
                0x20000274        0x4 ./S_Mod/mb.o
                0x20000274                pxMBFrameCBByteReceived
 .bss.pxMBFrameCBTransmitterEmpty
                0x20000278        0x4 ./S_Mod/mb.o
                0x20000278                pxMBFrameCBTransmitterEmpty
 .bss.pxMBPortCBTimerExpired
                0x2000027c        0x4 ./S_Mod/mb.o
                0x2000027c                pxMBPortCBTimerExpired
 .bss.eStatus   0x20000280        0x1 ./S_Mod/mb.o
                0x20000280                eStatus
 .bss.ucRcvAddress.4
                0x20000281        0x1 ./S_Mod/mb.o
 *fill*         0x20000282        0x2 
 .bss.ucMBFrame.3
                0x20000284        0x4 ./S_Mod/mb.o
 .bss.usLength.2
                0x20000288        0x2 ./S_Mod/mb.o
 .bss.ucFunctionCode.1
                0x2000028a        0x1 ./S_Mod/mb.o
 .bss.eException.0
                0x2000028b        0x1 ./S_Mod/mb.o
 .bss.usRegHoldingBuf
                0x2000028c      0x800 ./S_Mod/mbtask.o
                0x2000028c                usRegHoldingBuf
 .bss.ucRegCoilsBuf
                0x20000a8c        0x2 ./S_Mod/mbtask.o
                0x20000a8c                ucRegCoilsBuf
 *fill*         0x20000a8e        0x2 
 .bss.ucRegDiscBuf
                0x20000a90        0x1 ./S_Mod/mbtask.o
                0x20000a90                ucRegDiscBuf
 .bss.event     0x20000a91        0x1 ./S_Mod/port/portevent.o
 .bss.eventReceived
                0x20000a92        0x1 ./S_Mod/port/portevent.o
 .bss.eSndState
                0x20000a93        0x1 ./S_Mod/rtu/mbrtu.o
 .bss.eRcvState
                0x20000a94        0x1 ./S_Mod/rtu/mbrtu.o
 *fill*         0x20000a95        0x3 
 .bss.ucRTUBuf  0x20000a98      0x100 ./S_Mod/rtu/mbrtu.o
                0x20000a98                ucRTUBuf
 .bss.pucSndBufferCur
                0x20000b98        0x4 ./S_Mod/rtu/mbrtu.o
 .bss.usSndBufferCount
                0x20000b9c        0x2 ./S_Mod/rtu/mbrtu.o
 .bss.usRcvBufferPos
                0x20000b9e        0x2 ./S_Mod/rtu/mbrtu.o
 .bss.start_time
                0x20000ba0        0x4 ./S_Mod/rtu/mbrtu.o
                0x20000ba0                start_time
 .bss.Loop_time
                0x20000ba4        0x4 ./S_Mod/rtu/mbrtu.o
                0x20000ba4                Loop_time
 .bss.end_time  0x20000ba8        0x4 ./S_Mod/rtu/mbrtu.o
                0x20000ba8                end_time
 .bss.__sf      0x20000bac      0x138 C:/ST/STM32CubeIDE_1.17.0/STM32CubeIDE/plugins/com.st.stm32cube.ide.mcu.externaltools.gnu-tools-for-stm32.12.3.rel1.win32_1.1.0.202410251130/tools/bin/../lib/gcc/arm-none-eabi/12.3.1/../../../../arm-none-eabi/lib/thumb/v6-m/nofp\libc_nano.a(libc_a-findfp.o)
                0x20000bac                __sf
 .bss.__stdio_exit_handler
                0x20000ce4        0x4 C:/ST/STM32CubeIDE_1.17.0/STM32CubeIDE/plugins/com.st.stm32cube.ide.mcu.externaltools.gnu-tools-for-stm32.12.3.rel1.win32_1.1.0.202410251130/tools/bin/../lib/gcc/arm-none-eabi/12.3.1/../../../../arm-none-eabi/lib/thumb/v6-m/nofp\libc_nano.a(libc_a-findfp.o)
                0x20000ce4                __stdio_exit_handler
 .bss.errno     0x20000ce8        0x4 C:/ST/STM32CubeIDE_1.17.0/STM32CubeIDE/plugins/com.st.stm32cube.ide.mcu.externaltools.gnu-tools-for-stm32.12.3.rel1.win32_1.1.0.202410251130/tools/bin/../lib/gcc/arm-none-eabi/12.3.1/../../../../arm-none-eabi/lib/thumb/v6-m/nofp\libc_nano.a(libc_a-reent.o)
                0x20000ce8                errno
 .bss.__lock___malloc_recursive_mutex
                0x20000cec        0x1 C:/ST/STM32CubeIDE_1.17.0/STM32CubeIDE/plugins/com.st.stm32cube.ide.mcu.externaltools.gnu-tools-for-stm32.12.3.rel1.win32_1.1.0.202410251130/tools/bin/../lib/gcc/arm-none-eabi/12.3.1/../../../../arm-none-eabi/lib/thumb/v6-m/nofp\libc_nano.a(libc_a-lock.o)
                0x20000cec                __lock___malloc_recursive_mutex
 .bss.__lock___sfp_recursive_mutex
                0x20000ced        0x1 C:/ST/STM32CubeIDE_1.17.0/STM32CubeIDE/plugins/com.st.stm32cube.ide.mcu.externaltools.gnu-tools-for-stm32.12.3.rel1.win32_1.1.0.202410251130/tools/bin/../lib/gcc/arm-none-eabi/12.3.1/../../../../arm-none-eabi/lib/thumb/v6-m/nofp\libc_nano.a(libc_a-lock.o)
                0x20000ced                __lock___sfp_recursive_mutex
 *fill*         0x20000cee        0x2 
 .bss.__malloc_sbrk_start
                0x20000cf0        0x4 C:/ST/STM32CubeIDE_1.17.0/STM32CubeIDE/plugins/com.st.stm32cube.ide.mcu.externaltools.gnu-tools-for-stm32.12.3.rel1.win32_1.1.0.202410251130/tools/bin/../lib/gcc/arm-none-eabi/12.3.1/../../../../arm-none-eabi/lib/thumb/v6-m/nofp\libc_nano.a(libc_a-mallocr.o)
                0x20000cf0                __malloc_sbrk_start
 .bss.__malloc_free_list
                0x20000cf4        0x4 C:/ST/STM32CubeIDE_1.17.0/STM32CubeIDE/plugins/com.st.stm32cube.ide.mcu.externaltools.gnu-tools-for-stm32.12.3.rel1.win32_1.1.0.202410251130/tools/bin/../lib/gcc/arm-none-eabi/12.3.1/../../../../arm-none-eabi/lib/thumb/v6-m/nofp\libc_nano.a(libc_a-mallocr.o)
                0x20000cf4                __malloc_free_list
 *(COMMON)
                0x20000cf8                        . = ALIGN (0x4)
                0x20000cf8                        _ebss = .
                0x20000cf8                        __bss_end__ = _ebss

._user_heap_stack
                0x20000cf8      0x600 load address 0x08006a40
                0x20000cf8                        . = ALIGN (0x8)
                [!provide]                        PROVIDE (end = .)
                0x20000cf8                        PROVIDE (_end = .)
                0x20000ef8                        . = (. + _Min_Heap_Size)
 *fill*         0x20000cf8      0x200 
                0x200012f8                        . = (. + _Min_Stack_Size)
 *fill*         0x20000ef8      0x400 
                0x200012f8                        . = ALIGN (0x8)

/DISCARD/
 libc.a(*)
 libm.a(*)
 libgcc.a(*)

.ARM.attributes
                0x00000000       0x28
 *(.ARM.attributes)
 .ARM.attributes
                0x00000000       0x1e C:/ST/STM32CubeIDE_1.17.0/STM32CubeIDE/plugins/com.st.stm32cube.ide.mcu.externaltools.gnu-tools-for-stm32.12.3.rel1.win32_1.1.0.202410251130/tools/bin/../lib/gcc/arm-none-eabi/12.3.1/thumb/v6-m/nofp/crti.o
 .ARM.attributes
                0x0000001e       0x2c C:/ST/STM32CubeIDE_1.17.0/STM32CubeIDE/plugins/com.st.stm32cube.ide.mcu.externaltools.gnu-tools-for-stm32.12.3.rel1.win32_1.1.0.202410251130/tools/bin/../lib/gcc/arm-none-eabi/12.3.1/thumb/v6-m/nofp/crtbegin.o
 .ARM.attributes
                0x0000004a       0x2c ./Core/Src/gpio.o
 .ARM.attributes
                0x00000076       0x2c ./Core/Src/main.o
 .ARM.attributes
                0x000000a2       0x2c ./Core/Src/stm32g0xx_hal_msp.o
 .ARM.attributes
                0x000000ce       0x2c ./Core/Src/stm32g0xx_it.o
 .ARM.attributes
                0x000000fa       0x2c ./Core/Src/syscalls.o
 .ARM.attributes
                0x00000126       0x2c ./Core/Src/sysmem.o
 .ARM.attributes
                0x00000152       0x2c ./Core/Src/system_stm32g0xx.o
 .ARM.attributes
                0x0000017e       0x2c ./Core/Src/tim.o
 .ARM.attributes
                0x000001aa       0x2c ./Core/Src/usart.o
 .ARM.attributes
                0x000001d6       0x22 ./Core/Startup/startup_stm32g0b1ceuxn.o
 .ARM.attributes
                0x000001f8       0x2c ./Drivers/STM32G0xx_HAL_Driver/Src/stm32g0xx_hal.o
 .ARM.attributes
                0x00000224       0x2c ./Drivers/STM32G0xx_HAL_Driver/Src/stm32g0xx_hal_cortex.o
 .ARM.attributes
                0x00000250       0x2c ./Drivers/STM32G0xx_HAL_Driver/Src/stm32g0xx_hal_gpio.o
 .ARM.attributes
                0x0000027c       0x2c ./Drivers/STM32G0xx_HAL_Driver/Src/stm32g0xx_hal_pwr_ex.o
 .ARM.attributes
                0x000002a8       0x2c ./Drivers/STM32G0xx_HAL_Driver/Src/stm32g0xx_hal_rcc.o
 .ARM.attributes
                0x000002d4       0x2c ./Drivers/STM32G0xx_HAL_Driver/Src/stm32g0xx_hal_rcc_ex.o
 .ARM.attributes
                0x00000300       0x2c ./Drivers/STM32G0xx_HAL_Driver/Src/stm32g0xx_hal_tim.o
 .ARM.attributes
                0x0000032c       0x2c ./Drivers/STM32G0xx_HAL_Driver/Src/stm32g0xx_hal_uart.o
 .ARM.attributes
                0x00000358       0x2c ./Drivers/STM32G0xx_HAL_Driver/Src/stm32g0xx_hal_uart_ex.o
 .ARM.attributes
                0x00000384       0x2c ./S_Mod/functions/mbfunccoils.o
 .ARM.attributes
                0x000003b0       0x2c ./S_Mod/functions/mbfuncdisc.o
 .ARM.attributes
                0x000003dc       0x2c ./S_Mod/functions/mbfuncholding.o
 .ARM.attributes
                0x00000408       0x2c ./S_Mod/functions/mbutils.o
 .ARM.attributes
                0x00000434       0x2c ./S_Mod/mb.o
 .ARM.attributes
                0x00000460       0x2c ./S_Mod/mb_slave_API.o
 .ARM.attributes
                0x0000048c       0x2c ./S_Mod/mbtask.o
 .ARM.attributes
                0x000004b8       0x2c ./S_Mod/port/portevent.o
 .ARM.attributes
                0x000004e4       0x2c ./S_Mod/port/portserial.o
 .ARM.attributes
                0x00000510       0x2c ./S_Mod/port/porttimer.o
 .ARM.attributes
                0x0000053c       0x2c ./S_Mod/rtu/mbcrc.o
 .ARM.attributes
                0x00000568       0x2c ./S_Mod/rtu/mbrtu.o
 .ARM.attributes
                0x00000594       0x2c C:/ST/STM32CubeIDE_1.17.0/STM32CubeIDE/plugins/com.st.stm32cube.ide.mcu.externaltools.gnu-tools-for-stm32.12.3.rel1.win32_1.1.0.202410251130/tools/bin/../lib/gcc/arm-none-eabi/12.3.1/../../../../arm-none-eabi/lib/thumb/v6-m/nofp\libc_nano.a(libc_a-assert.o)
 .ARM.attributes
                0x000005c0       0x2c C:/ST/STM32CubeIDE_1.17.0/STM32CubeIDE/plugins/com.st.stm32cube.ide.mcu.externaltools.gnu-tools-for-stm32.12.3.rel1.win32_1.1.0.202410251130/tools/bin/../lib/gcc/arm-none-eabi/12.3.1/../../../../arm-none-eabi/lib/thumb/v6-m/nofp\libc_nano.a(libc_a-findfp.o)
 .ARM.attributes
                0x000005ec       0x2c C:/ST/STM32CubeIDE_1.17.0/STM32CubeIDE/plugins/com.st.stm32cube.ide.mcu.externaltools.gnu-tools-for-stm32.12.3.rel1.win32_1.1.0.202410251130/tools/bin/../lib/gcc/arm-none-eabi/12.3.1/../../../../arm-none-eabi/lib/thumb/v6-m/nofp\libc_nano.a(libc_a-fprintf.o)
 .ARM.attributes
                0x00000618       0x2c C:/ST/STM32CubeIDE_1.17.0/STM32CubeIDE/plugins/com.st.stm32cube.ide.mcu.externaltools.gnu-tools-for-stm32.12.3.rel1.win32_1.1.0.202410251130/tools/bin/../lib/gcc/arm-none-eabi/12.3.1/../../../../arm-none-eabi/lib/thumb/v6-m/nofp\libc_nano.a(libc_a-fwalk.o)
 .ARM.attributes
                0x00000644       0x2c C:/ST/STM32CubeIDE_1.17.0/STM32CubeIDE/plugins/com.st.stm32cube.ide.mcu.externaltools.gnu-tools-for-stm32.12.3.rel1.win32_1.1.0.202410251130/tools/bin/../lib/gcc/arm-none-eabi/12.3.1/../../../../arm-none-eabi/lib/thumb/v6-m/nofp\libc_nano.a(libc_a-stdio.o)
 .ARM.attributes
                0x00000670       0x2c C:/ST/STM32CubeIDE_1.17.0/STM32CubeIDE/plugins/com.st.stm32cube.ide.mcu.externaltools.gnu-tools-for-stm32.12.3.rel1.win32_1.1.0.202410251130/tools/bin/../lib/gcc/arm-none-eabi/12.3.1/../../../../arm-none-eabi/lib/thumb/v6-m/nofp\libc_nano.a(libc_a-memset.o)
 .ARM.attributes
                0x0000069c       0x2c C:/ST/STM32CubeIDE_1.17.0/STM32CubeIDE/plugins/com.st.stm32cube.ide.mcu.externaltools.gnu-tools-for-stm32.12.3.rel1.win32_1.1.0.202410251130/tools/bin/../lib/gcc/arm-none-eabi/12.3.1/../../../../arm-none-eabi/lib/thumb/v6-m/nofp\libc_nano.a(libc_a-closer.o)
 .ARM.attributes
                0x000006c8       0x2c C:/ST/STM32CubeIDE_1.17.0/STM32CubeIDE/plugins/com.st.stm32cube.ide.mcu.externaltools.gnu-tools-for-stm32.12.3.rel1.win32_1.1.0.202410251130/tools/bin/../lib/gcc/arm-none-eabi/12.3.1/../../../../arm-none-eabi/lib/thumb/v6-m/nofp\libc_nano.a(libc_a-reent.o)
 .ARM.attributes
                0x000006f4       0x2c C:/ST/STM32CubeIDE_1.17.0/STM32CubeIDE/plugins/com.st.stm32cube.ide.mcu.externaltools.gnu-tools-for-stm32.12.3.rel1.win32_1.1.0.202410251130/tools/bin/../lib/gcc/arm-none-eabi/12.3.1/../../../../arm-none-eabi/lib/thumb/v6-m/nofp\libc_nano.a(libc_a-impure.o)
 .ARM.attributes
                0x00000720       0x2c C:/ST/STM32CubeIDE_1.17.0/STM32CubeIDE/plugins/com.st.stm32cube.ide.mcu.externaltools.gnu-tools-for-stm32.12.3.rel1.win32_1.1.0.202410251130/tools/bin/../lib/gcc/arm-none-eabi/12.3.1/../../../../arm-none-eabi/lib/thumb/v6-m/nofp\libc_nano.a(libc_a-lseekr.o)
 .ARM.attributes
                0x0000074c       0x2c C:/ST/STM32CubeIDE_1.17.0/STM32CubeIDE/plugins/com.st.stm32cube.ide.mcu.externaltools.gnu-tools-for-stm32.12.3.rel1.win32_1.1.0.202410251130/tools/bin/../lib/gcc/arm-none-eabi/12.3.1/../../../../arm-none-eabi/lib/thumb/v6-m/nofp\libc_nano.a(libc_a-readr.o)
 .ARM.attributes
                0x00000778       0x2c C:/ST/STM32CubeIDE_1.17.0/STM32CubeIDE/plugins/com.st.stm32cube.ide.mcu.externaltools.gnu-tools-for-stm32.12.3.rel1.win32_1.1.0.202410251130/tools/bin/../lib/gcc/arm-none-eabi/12.3.1/../../../../arm-none-eabi/lib/thumb/v6-m/nofp\libc_nano.a(libc_a-writer.o)
 .ARM.attributes
                0x000007a4       0x2c C:/ST/STM32CubeIDE_1.17.0/STM32CubeIDE/plugins/com.st.stm32cube.ide.mcu.externaltools.gnu-tools-for-stm32.12.3.rel1.win32_1.1.0.202410251130/tools/bin/../lib/gcc/arm-none-eabi/12.3.1/../../../../arm-none-eabi/lib/thumb/v6-m/nofp\libc_nano.a(libc_a-errno.o)
 .ARM.attributes
                0x000007d0       0x2c C:/ST/STM32CubeIDE_1.17.0/STM32CubeIDE/plugins/com.st.stm32cube.ide.mcu.externaltools.gnu-tools-for-stm32.12.3.rel1.win32_1.1.0.202410251130/tools/bin/../lib/gcc/arm-none-eabi/12.3.1/../../../../arm-none-eabi/lib/thumb/v6-m/nofp\libc_nano.a(libc_a-init.o)
 .ARM.attributes
                0x000007fc       0x2c C:/ST/STM32CubeIDE_1.17.0/STM32CubeIDE/plugins/com.st.stm32cube.ide.mcu.externaltools.gnu-tools-for-stm32.12.3.rel1.win32_1.1.0.202410251130/tools/bin/../lib/gcc/arm-none-eabi/12.3.1/../../../../arm-none-eabi/lib/thumb/v6-m/nofp\libc_nano.a(libc_a-lock.o)
 .ARM.attributes
                0x00000828       0x2c C:/ST/STM32CubeIDE_1.17.0/STM32CubeIDE/plugins/com.st.stm32cube.ide.mcu.externaltools.gnu-tools-for-stm32.12.3.rel1.win32_1.1.0.202410251130/tools/bin/../lib/gcc/arm-none-eabi/12.3.1/../../../../arm-none-eabi/lib/thumb/v6-m/nofp\libc_nano.a(libc_a-abort.o)
 .ARM.attributes
                0x00000854       0x2c C:/ST/STM32CubeIDE_1.17.0/STM32CubeIDE/plugins/com.st.stm32cube.ide.mcu.externaltools.gnu-tools-for-stm32.12.3.rel1.win32_1.1.0.202410251130/tools/bin/../lib/gcc/arm-none-eabi/12.3.1/../../../../arm-none-eabi/lib/thumb/v6-m/nofp\libc_nano.a(libc_a-freer.o)
 .ARM.attributes
                0x00000880       0x2c C:/ST/STM32CubeIDE_1.17.0/STM32CubeIDE/plugins/com.st.stm32cube.ide.mcu.externaltools.gnu-tools-for-stm32.12.3.rel1.win32_1.1.0.202410251130/tools/bin/../lib/gcc/arm-none-eabi/12.3.1/../../../../arm-none-eabi/lib/thumb/v6-m/nofp\libc_nano.a(libc_a-mallocr.o)
 .ARM.attributes
                0x000008ac       0x2c C:/ST/STM32CubeIDE_1.17.0/STM32CubeIDE/plugins/com.st.stm32cube.ide.mcu.externaltools.gnu-tools-for-stm32.12.3.rel1.win32_1.1.0.202410251130/tools/bin/../lib/gcc/arm-none-eabi/12.3.1/../../../../arm-none-eabi/lib/thumb/v6-m/nofp\libc_nano.a(libc_a-mlock.o)
 .ARM.attributes
                0x000008d8       0x2c C:/ST/STM32CubeIDE_1.17.0/STM32CubeIDE/plugins/com.st.stm32cube.ide.mcu.externaltools.gnu-tools-for-stm32.12.3.rel1.win32_1.1.0.202410251130/tools/bin/../lib/gcc/arm-none-eabi/12.3.1/../../../../arm-none-eabi/lib/thumb/v6-m/nofp\libc_nano.a(libc_a-nano-vfprintf.o)
 .ARM.attributes
                0x00000904       0x2c C:/ST/STM32CubeIDE_1.17.0/STM32CubeIDE/plugins/com.st.stm32cube.ide.mcu.externaltools.gnu-tools-for-stm32.12.3.rel1.win32_1.1.0.202410251130/tools/bin/../lib/gcc/arm-none-eabi/12.3.1/../../../../arm-none-eabi/lib/thumb/v6-m/nofp\libc_nano.a(libc_a-nano-vfprintf_i.o)
 .ARM.attributes
                0x00000930       0x2c C:/ST/STM32CubeIDE_1.17.0/STM32CubeIDE/plugins/com.st.stm32cube.ide.mcu.externaltools.gnu-tools-for-stm32.12.3.rel1.win32_1.1.0.202410251130/tools/bin/../lib/gcc/arm-none-eabi/12.3.1/../../../../arm-none-eabi/lib/thumb/v6-m/nofp\libc_nano.a(libc_a-fflush.o)
 .ARM.attributes
                0x0000095c       0x2c C:/ST/STM32CubeIDE_1.17.0/STM32CubeIDE/plugins/com.st.stm32cube.ide.mcu.externaltools.gnu-tools-for-stm32.12.3.rel1.win32_1.1.0.202410251130/tools/bin/../lib/gcc/arm-none-eabi/12.3.1/../../../../arm-none-eabi/lib/thumb/v6-m/nofp\libc_nano.a(libc_a-wbuf.o)
 .ARM.attributes
                0x00000988       0x2c C:/ST/STM32CubeIDE_1.17.0/STM32CubeIDE/plugins/com.st.stm32cube.ide.mcu.externaltools.gnu-tools-for-stm32.12.3.rel1.win32_1.1.0.202410251130/tools/bin/../lib/gcc/arm-none-eabi/12.3.1/../../../../arm-none-eabi/lib/thumb/v6-m/nofp\libc_nano.a(libc_a-wsetup.o)
 .ARM.attributes
                0x000009b4       0x2c C:/ST/STM32CubeIDE_1.17.0/STM32CubeIDE/plugins/com.st.stm32cube.ide.mcu.externaltools.gnu-tools-for-stm32.12.3.rel1.win32_1.1.0.202410251130/tools/bin/../lib/gcc/arm-none-eabi/12.3.1/../../../../arm-none-eabi/lib/thumb/v6-m/nofp\libc_nano.a(libc_a-signal.o)
 .ARM.attributes
                0x000009e0       0x2c C:/ST/STM32CubeIDE_1.17.0/STM32CubeIDE/plugins/com.st.stm32cube.ide.mcu.externaltools.gnu-tools-for-stm32.12.3.rel1.win32_1.1.0.202410251130/tools/bin/../lib/gcc/arm-none-eabi/12.3.1/../../../../arm-none-eabi/lib/thumb/v6-m/nofp\libc_nano.a(libc_a-signalr.o)
 .ARM.attributes
                0x00000a0c       0x2c C:/ST/STM32CubeIDE_1.17.0/STM32CubeIDE/plugins/com.st.stm32cube.ide.mcu.externaltools.gnu-tools-for-stm32.12.3.rel1.win32_1.1.0.202410251130/tools/bin/../lib/gcc/arm-none-eabi/12.3.1/../../../../arm-none-eabi/lib/thumb/v6-m/nofp\libc_nano.a(libc_a-sbrkr.o)
 .ARM.attributes
                0x00000a38       0x2c C:/ST/STM32CubeIDE_1.17.0/STM32CubeIDE/plugins/com.st.stm32cube.ide.mcu.externaltools.gnu-tools-for-stm32.12.3.rel1.win32_1.1.0.202410251130/tools/bin/../lib/gcc/arm-none-eabi/12.3.1/../../../../arm-none-eabi/lib/thumb/v6-m/nofp\libc_nano.a(libc_a-memchr-stub.o)
 .ARM.attributes
                0x00000a64       0x2c C:/ST/STM32CubeIDE_1.17.0/STM32CubeIDE/plugins/com.st.stm32cube.ide.mcu.externaltools.gnu-tools-for-stm32.12.3.rel1.win32_1.1.0.202410251130/tools/bin/../lib/gcc/arm-none-eabi/12.3.1/../../../../arm-none-eabi/lib/thumb/v6-m/nofp\libc_nano.a(libc_a-makebuf.o)
 .ARM.attributes
                0x00000a90       0x2c C:/ST/STM32CubeIDE_1.17.0/STM32CubeIDE/plugins/com.st.stm32cube.ide.mcu.externaltools.gnu-tools-for-stm32.12.3.rel1.win32_1.1.0.202410251130/tools/bin/../lib/gcc/arm-none-eabi/12.3.1/../../../../arm-none-eabi/lib/thumb/v6-m/nofp\libc_nano.a(libc_a-fstatr.o)
 .ARM.attributes
                0x00000abc       0x2c C:/ST/STM32CubeIDE_1.17.0/STM32CubeIDE/plugins/com.st.stm32cube.ide.mcu.externaltools.gnu-tools-for-stm32.12.3.rel1.win32_1.1.0.202410251130/tools/bin/../lib/gcc/arm-none-eabi/12.3.1/../../../../arm-none-eabi/lib/thumb/v6-m/nofp\libc_nano.a(libc_a-isattyr.o)
 .ARM.attributes
                0x00000ae8       0x1e C:/ST/STM32CubeIDE_1.17.0/STM32CubeIDE/plugins/com.st.stm32cube.ide.mcu.externaltools.gnu-tools-for-stm32.12.3.rel1.win32_1.1.0.202410251130/tools/bin/../lib/gcc/arm-none-eabi/12.3.1/thumb/v6-m/nofp\libgcc.a(_thumb1_case_shi.o)
 .ARM.attributes
                0x00000b06       0x1e C:/ST/STM32CubeIDE_1.17.0/STM32CubeIDE/plugins/com.st.stm32cube.ide.mcu.externaltools.gnu-tools-for-stm32.12.3.rel1.win32_1.1.0.202410251130/tools/bin/../lib/gcc/arm-none-eabi/12.3.1/thumb/v6-m/nofp\libgcc.a(_udivsi3.o)
 .ARM.attributes
                0x00000b24       0x1e C:/ST/STM32CubeIDE_1.17.0/STM32CubeIDE/plugins/com.st.stm32cube.ide.mcu.externaltools.gnu-tools-for-stm32.12.3.rel1.win32_1.1.0.202410251130/tools/bin/../lib/gcc/arm-none-eabi/12.3.1/thumb/v6-m/nofp\libgcc.a(_divsi3.o)
 .ARM.attributes
                0x00000b42       0x1e C:/ST/STM32CubeIDE_1.17.0/STM32CubeIDE/plugins/com.st.stm32cube.ide.mcu.externaltools.gnu-tools-for-stm32.12.3.rel1.win32_1.1.0.202410251130/tools/bin/../lib/gcc/arm-none-eabi/12.3.1/thumb/v6-m/nofp\libgcc.a(_dvmd_tls.o)
 .ARM.attributes
                0x00000b60       0x1e C:/ST/STM32CubeIDE_1.17.0/STM32CubeIDE/plugins/com.st.stm32cube.ide.mcu.externaltools.gnu-tools-for-stm32.12.3.rel1.win32_1.1.0.202410251130/tools/bin/../lib/gcc/arm-none-eabi/12.3.1/thumb/v6-m/nofp\libgcc.a(_aeabi_uldivmod.o)
 .ARM.attributes
                0x00000b7e       0x2c C:/ST/STM32CubeIDE_1.17.0/STM32CubeIDE/plugins/com.st.stm32cube.ide.mcu.externaltools.gnu-tools-for-stm32.12.3.rel1.win32_1.1.0.202410251130/tools/bin/../lib/gcc/arm-none-eabi/12.3.1/thumb/v6-m/nofp\libgcc.a(_udivmoddi4.o)
 .ARM.attributes
                0x00000baa       0x2c C:/ST/STM32CubeIDE_1.17.0/STM32CubeIDE/plugins/com.st.stm32cube.ide.mcu.externaltools.gnu-tools-for-stm32.12.3.rel1.win32_1.1.0.202410251130/tools/bin/../lib/gcc/arm-none-eabi/12.3.1/thumb/v6-m/nofp\libgcc.a(subsf3.o)
 .ARM.attributes
                0x00000bd6       0x2c C:/ST/STM32CubeIDE_1.17.0/STM32CubeIDE/plugins/com.st.stm32cube.ide.mcu.externaltools.gnu-tools-for-stm32.12.3.rel1.win32_1.1.0.202410251130/tools/bin/../lib/gcc/arm-none-eabi/12.3.1/thumb/v6-m/nofp\libgcc.a(floatunsisf.o)
 .ARM.attributes
                0x00000c02       0x1e C:/ST/STM32CubeIDE_1.17.0/STM32CubeIDE/plugins/com.st.stm32cube.ide.mcu.externaltools.gnu-tools-for-stm32.12.3.rel1.win32_1.1.0.202410251130/tools/bin/../lib/gcc/arm-none-eabi/12.3.1/thumb/v6-m/nofp\libgcc.a(_clzsi2.o)
 .ARM.attributes
                0x00000c20       0x1e C:/ST/STM32CubeIDE_1.17.0/STM32CubeIDE/plugins/com.st.stm32cube.ide.mcu.externaltools.gnu-tools-for-stm32.12.3.rel1.win32_1.1.0.202410251130/tools/bin/../lib/gcc/arm-none-eabi/12.3.1/thumb/v6-m/nofp\libgcc.a(_clzdi2.o)
 .ARM.attributes
                0x00000c3e       0x1e C:/ST/STM32CubeIDE_1.17.0/STM32CubeIDE/plugins/com.st.stm32cube.ide.mcu.externaltools.gnu-tools-for-stm32.12.3.rel1.win32_1.1.0.202410251130/tools/bin/../lib/gcc/arm-none-eabi/12.3.1/thumb/v6-m/nofp/crtn.o
OUTPUT(Slave_Test.elf elf32-littlearm)
LOAD linker stubs
LOAD C:/ST/STM32CubeIDE_1.17.0/STM32CubeIDE/plugins/com.st.stm32cube.ide.mcu.externaltools.gnu-tools-for-stm32.12.3.rel1.win32_1.1.0.202410251130/tools/bin/../lib/gcc/arm-none-eabi/12.3.1/../../../../arm-none-eabi/lib/thumb/v6-m/nofp\libc.a
LOAD C:/ST/STM32CubeIDE_1.17.0/STM32CubeIDE/plugins/com.st.stm32cube.ide.mcu.externaltools.gnu-tools-for-stm32.12.3.rel1.win32_1.1.0.202410251130/tools/bin/../lib/gcc/arm-none-eabi/12.3.1/../../../../arm-none-eabi/lib/thumb/v6-m/nofp\libm.a
LOAD C:/ST/STM32CubeIDE_1.17.0/STM32CubeIDE/plugins/com.st.stm32cube.ide.mcu.externaltools.gnu-tools-for-stm32.12.3.rel1.win32_1.1.0.202410251130/tools/bin/../lib/gcc/arm-none-eabi/12.3.1/thumb/v6-m/nofp\libgcc.a

.debug_info     0x00000000    0x1297d
 .debug_info    0x00000000      0x265 ./Core/Src/gpio.o
 .debug_info    0x00000265      0x47e ./Core/Src/main.o
 .debug_info    0x000006e3      0x278 ./Core/Src/stm32g0xx_hal_msp.o
 .debug_info    0x0000095b      0x76e ./Core/Src/stm32g0xx_it.o
 .debug_info    0x000010c9      0x6a3 ./Core/Src/syscalls.o
 .debug_info    0x0000176c      0x168 ./Core/Src/sysmem.o
 .debug_info    0x000018d4      0x316 ./Core/Src/system_stm32g0xx.o
 .debug_info    0x00001bea      0xc29 ./Core/Src/tim.o
 .debug_info    0x00002813      0xe3b ./Core/Src/usart.o
 .debug_info    0x0000364e       0x30 ./Core/Startup/startup_stm32g0b1ceuxn.o
 .debug_info    0x0000367e      0xafa ./Drivers/STM32G0xx_HAL_Driver/Src/stm32g0xx_hal.o
 .debug_info    0x00004178      0x8d9 ./Drivers/STM32G0xx_HAL_Driver/Src/stm32g0xx_hal_cortex.o
 .debug_info    0x00004a51      0x5d9 ./Drivers/STM32G0xx_HAL_Driver/Src/stm32g0xx_hal_gpio.o
 .debug_info    0x0000502a      0x8b5 ./Drivers/STM32G0xx_HAL_Driver/Src/stm32g0xx_hal_pwr_ex.o
 .debug_info    0x000058df      0xb9b ./Drivers/STM32G0xx_HAL_Driver/Src/stm32g0xx_hal_rcc.o
 .debug_info    0x0000647a      0xa41 ./Drivers/STM32G0xx_HAL_Driver/Src/stm32g0xx_hal_rcc_ex.o
 .debug_info    0x00006ebb     0x2c12 ./Drivers/STM32G0xx_HAL_Driver/Src/stm32g0xx_hal_tim.o
 .debug_info    0x00009acd     0x48a0 ./Drivers/STM32G0xx_HAL_Driver/Src/stm32g0xx_hal_uart.o
 .debug_info    0x0000e36d      0xff0 ./Drivers/STM32G0xx_HAL_Driver/Src/stm32g0xx_hal_uart_ex.o
 .debug_info    0x0000f35d      0x39d ./S_Mod/functions/mbfunccoils.o
 .debug_info    0x0000f6fa      0x262 ./S_Mod/functions/mbfuncdisc.o
 .debug_info    0x0000f95c      0x40d ./S_Mod/functions/mbfuncholding.o
 .debug_info    0x0000fd69      0x345 ./S_Mod/functions/mbutils.o
 .debug_info    0x000100ae      0x825 ./S_Mod/mb.o
 .debug_info    0x000108d3      0x619 ./S_Mod/mb_slave_API.o
 .debug_info    0x00010eec      0x4f3 ./S_Mod/mbtask.o
 .debug_info    0x000113df      0x19d ./S_Mod/port/portevent.o
 .debug_info    0x0001157c      0x71c ./S_Mod/port/portserial.o
 .debug_info    0x00011c98      0x41e ./S_Mod/port/porttimer.o
 .debug_info    0x000120b6      0x19b ./S_Mod/rtu/mbcrc.o
 .debug_info    0x00012251      0x72c ./S_Mod/rtu/mbrtu.o

.debug_abbrev   0x00000000     0x34b1
 .debug_abbrev  0x00000000       0xdd ./Core/Src/gpio.o
 .debug_abbrev  0x000000dd      0x1d1 ./Core/Src/main.o
 .debug_abbrev  0x000002ae       0xf9 ./Core/Src/stm32g0xx_hal_msp.o
 .debug_abbrev  0x000003a7      0x1ca ./Core/Src/stm32g0xx_it.o
 .debug_abbrev  0x00000571      0x1b6 ./Core/Src/syscalls.o
 .debug_abbrev  0x00000727       0xbc ./Core/Src/sysmem.o
 .debug_abbrev  0x000007e3      0x119 ./Core/Src/system_stm32g0xx.o
 .debug_abbrev  0x000008fc      0x246 ./Core/Src/tim.o
 .debug_abbrev  0x00000b42      0x22a ./Core/Src/usart.o
 .debug_abbrev  0x00000d6c       0x24 ./Core/Startup/startup_stm32g0b1ceuxn.o
 .debug_abbrev  0x00000d90      0x27f ./Drivers/STM32G0xx_HAL_Driver/Src/stm32g0xx_hal.o
 .debug_abbrev  0x0000100f      0x2ab ./Drivers/STM32G0xx_HAL_Driver/Src/stm32g0xx_hal_cortex.o
 .debug_abbrev  0x000012ba      0x1c8 ./Drivers/STM32G0xx_HAL_Driver/Src/stm32g0xx_hal_gpio.o
 .debug_abbrev  0x00001482      0x23c ./Drivers/STM32G0xx_HAL_Driver/Src/stm32g0xx_hal_pwr_ex.o
 .debug_abbrev  0x000016be      0x2aa ./Drivers/STM32G0xx_HAL_Driver/Src/stm32g0xx_hal_rcc.o
 .debug_abbrev  0x00001968      0x244 ./Drivers/STM32G0xx_HAL_Driver/Src/stm32g0xx_hal_rcc_ex.o
 .debug_abbrev  0x00001bac      0x287 ./Drivers/STM32G0xx_HAL_Driver/Src/stm32g0xx_hal_tim.o
 .debug_abbrev  0x00001e33      0x311 ./Drivers/STM32G0xx_HAL_Driver/Src/stm32g0xx_hal_uart.o
 .debug_abbrev  0x00002144      0x2d3 ./Drivers/STM32G0xx_HAL_Driver/Src/stm32g0xx_hal_uart_ex.o
 .debug_abbrev  0x00002417      0x10f ./S_Mod/functions/mbfunccoils.o
 .debug_abbrev  0x00002526       0xf1 ./S_Mod/functions/mbfuncdisc.o
 .debug_abbrev  0x00002617      0x10f ./S_Mod/functions/mbfuncholding.o
 .debug_abbrev  0x00002726      0x106 ./S_Mod/functions/mbutils.o
 .debug_abbrev  0x0000282c      0x236 ./S_Mod/mb.o
 .debug_abbrev  0x00002a62      0x20a ./S_Mod/mb_slave_API.o
 .debug_abbrev  0x00002c6c      0x16a ./S_Mod/mbtask.o
 .debug_abbrev  0x00002dd6       0xd7 ./S_Mod/port/portevent.o
 .debug_abbrev  0x00002ead      0x24d ./S_Mod/port/portserial.o
 .debug_abbrev  0x000030fa      0x147 ./S_Mod/port/porttimer.o
 .debug_abbrev  0x00003241       0x9d ./S_Mod/rtu/mbcrc.o
 .debug_abbrev  0x000032de      0x1d3 ./S_Mod/rtu/mbrtu.o

.debug_aranges  0x00000000     0x1140
 .debug_aranges
                0x00000000       0x20 ./Core/Src/gpio.o
 .debug_aranges
                0x00000020       0x30 ./Core/Src/main.o
 .debug_aranges
                0x00000050       0x20 ./Core/Src/stm32g0xx_hal_msp.o
 .debug_aranges
                0x00000070       0xb0 ./Core/Src/stm32g0xx_it.o
 .debug_aranges
                0x00000120       0xa8 ./Core/Src/syscalls.o
 .debug_aranges
                0x000001c8       0x20 ./Core/Src/sysmem.o
 .debug_aranges
                0x000001e8       0x28 ./Core/Src/system_stm32g0xx.o
 .debug_aranges
                0x00000210       0x48 ./Core/Src/tim.o
 .debug_aranges
                0x00000258       0x30 ./Core/Src/usart.o
 .debug_aranges
                0x00000288       0x28 ./Core/Startup/startup_stm32g0b1ceuxn.o
 .debug_aranges
                0x000002b0      0x130 ./Drivers/STM32G0xx_HAL_Driver/Src/stm32g0xx_hal.o
 .debug_aranges
                0x000003e0       0xe8 ./Drivers/STM32G0xx_HAL_Driver/Src/stm32g0xx_hal_cortex.o
 .debug_aranges
                0x000004c8       0x60 ./Drivers/STM32G0xx_HAL_Driver/Src/stm32g0xx_hal_gpio.o
 .debug_aranges
                0x00000528      0x128 ./Drivers/STM32G0xx_HAL_Driver/Src/stm32g0xx_hal_pwr_ex.o
 .debug_aranges
                0x00000650       0xa0 ./Drivers/STM32G0xx_HAL_Driver/Src/stm32g0xx_hal_rcc.o
 .debug_aranges
                0x000006f0       0x88 ./Drivers/STM32G0xx_HAL_Driver/Src/stm32g0xx_hal_rcc_ex.o
 .debug_aranges
                0x00000778      0x3e0 ./Drivers/STM32G0xx_HAL_Driver/Src/stm32g0xx_hal_tim.o
 .debug_aranges
                0x00000b58      0x248 ./Drivers/STM32G0xx_HAL_Driver/Src/stm32g0xx_hal_uart.o
 .debug_aranges
                0x00000da0       0xa8 ./Drivers/STM32G0xx_HAL_Driver/Src/stm32g0xx_hal_uart_ex.o
 .debug_aranges
                0x00000e48       0x30 ./S_Mod/functions/mbfunccoils.o
 .debug_aranges
                0x00000e78       0x20 ./S_Mod/functions/mbfuncdisc.o
 .debug_aranges
                0x00000e98       0x38 ./S_Mod/functions/mbfuncholding.o
 .debug_aranges
                0x00000ed0       0x30 ./S_Mod/functions/mbutils.o
 .debug_aranges
                0x00000f00       0x48 ./S_Mod/mb.o
 .debug_aranges
                0x00000f48       0x48 ./S_Mod/mb_slave_API.o
 .debug_aranges
                0x00000f90       0x40 ./S_Mod/mbtask.o
 .debug_aranges
                0x00000fd0       0x30 ./S_Mod/port/portevent.o
 .debug_aranges
                0x00001000       0x68 ./S_Mod/port/portserial.o
 .debug_aranges
                0x00001068       0x60 ./S_Mod/port/porttimer.o
 .debug_aranges
                0x000010c8       0x20 ./S_Mod/rtu/mbcrc.o
 .debug_aranges
                0x000010e8       0x58 ./S_Mod/rtu/mbrtu.o

.debug_rnglists
                0x00000000      0xd27
 .debug_rnglists
                0x00000000       0x13 ./Core/Src/gpio.o
 .debug_rnglists
                0x00000013       0x20 ./Core/Src/main.o
 .debug_rnglists
                0x00000033       0x13 ./Core/Src/stm32g0xx_hal_msp.o
 .debug_rnglists
                0x00000046       0x80 ./Core/Src/stm32g0xx_it.o
 .debug_rnglists
                0x000000c6       0x79 ./Core/Src/syscalls.o
 .debug_rnglists
                0x0000013f       0x13 ./Core/Src/sysmem.o
 .debug_rnglists
                0x00000152       0x1a ./Core/Src/system_stm32g0xx.o
 .debug_rnglists
                0x0000016c       0x32 ./Core/Src/tim.o
 .debug_rnglists
                0x0000019e       0x21 ./Core/Src/usart.o
 .debug_rnglists
                0x000001bf       0x19 ./Core/Startup/startup_stm32g0b1ceuxn.o
 .debug_rnglists
                0x000001d8       0xe0 ./Drivers/STM32G0xx_HAL_Driver/Src/stm32g0xx_hal.o
 .debug_rnglists
                0x000002b8       0xaa ./Drivers/STM32G0xx_HAL_Driver/Src/stm32g0xx_hal_cortex.o
 .debug_rnglists
                0x00000362       0x45 ./Drivers/STM32G0xx_HAL_Driver/Src/stm32g0xx_hal_gpio.o
 .debug_rnglists
                0x000003a7       0xe0 ./Drivers/STM32G0xx_HAL_Driver/Src/stm32g0xx_hal_pwr_ex.o
 .debug_rnglists
                0x00000487       0x79 ./Drivers/STM32G0xx_HAL_Driver/Src/stm32g0xx_hal_rcc.o
 .debug_rnglists
                0x00000500       0x69 ./Drivers/STM32G0xx_HAL_Driver/Src/stm32g0xx_hal_rcc_ex.o
 .debug_rnglists
                0x00000569      0x32a ./Drivers/STM32G0xx_HAL_Driver/Src/stm32g0xx_hal_tim.o
 .debug_rnglists
                0x00000893      0x1fd ./Drivers/STM32G0xx_HAL_Driver/Src/stm32g0xx_hal_uart.o
 .debug_rnglists
                0x00000a90       0x80 ./Drivers/STM32G0xx_HAL_Driver/Src/stm32g0xx_hal_uart_ex.o
 .debug_rnglists
                0x00000b10       0x22 ./S_Mod/functions/mbfunccoils.o
 .debug_rnglists
                0x00000b32       0x14 ./S_Mod/functions/mbfuncdisc.o
 .debug_rnglists
                0x00000b46       0x29 ./S_Mod/functions/mbfuncholding.o
 .debug_rnglists
                0x00000b6f       0x21 ./S_Mod/functions/mbutils.o
 .debug_rnglists
                0x00000b90       0x34 ./S_Mod/mb.o
 .debug_rnglists
                0x00000bc4       0x32 ./S_Mod/mb_slave_API.o
 .debug_rnglists
                0x00000bf6       0x2f ./S_Mod/mbtask.o
 .debug_rnglists
                0x00000c25       0x1f ./S_Mod/port/portevent.o
 .debug_rnglists
                0x00000c44       0x49 ./S_Mod/port/portserial.o
 .debug_rnglists
                0x00000c8d       0x43 ./S_Mod/port/porttimer.o
 .debug_rnglists
                0x00000cd0       0x14 ./S_Mod/rtu/mbcrc.o
 .debug_rnglists
                0x00000ce4       0x43 ./S_Mod/rtu/mbrtu.o

.debug_macro    0x00000000    0x20ecd
 .debug_macro   0x00000000      0x1f3 ./Core/Src/gpio.o
 .debug_macro   0x000001f3      0xa8a ./Core/Src/gpio.o
 .debug_macro   0x00000c7d      0x12a ./Core/Src/gpio.o
 .debug_macro   0x00000da7       0x2e ./Core/Src/gpio.o
 .debug_macro   0x00000dd5       0x28 ./Core/Src/gpio.o
 .debug_macro   0x00000dfd       0x22 ./Core/Src/gpio.o
 .debug_macro   0x00000e1f       0x8e ./Core/Src/gpio.o
 .debug_macro   0x00000ead       0x51 ./Core/Src/gpio.o
 .debug_macro   0x00000efe      0x103 ./Core/Src/gpio.o
 .debug_macro   0x00001001       0x6a ./Core/Src/gpio.o
 .debug_macro   0x0000106b      0x1df ./Core/Src/gpio.o
 .debug_macro   0x0000124a       0x1c ./Core/Src/gpio.o
 .debug_macro   0x00001266       0x22 ./Core/Src/gpio.o
 .debug_macro   0x00001288       0xd1 ./Core/Src/gpio.o
 .debug_macro   0x00001359      0x4da ./Core/Src/gpio.o
 .debug_macro   0x00001833      0x11f ./Core/Src/gpio.o
 .debug_macro   0x00001952     0xf3de ./Core/Src/gpio.o
 .debug_macro   0x00010d30       0x66 ./Core/Src/gpio.o
 .debug_macro   0x00010d96     0x350e ./Core/Src/gpio.o
 .debug_macro   0x000142a4      0x189 ./Core/Src/gpio.o
 .debug_macro   0x0001442d       0x5c ./Core/Src/gpio.o
 .debug_macro   0x00014489      0x72c ./Core/Src/gpio.o
 .debug_macro   0x00014bb5     0x1579 ./Core/Src/gpio.o
 .debug_macro   0x0001612e      0x535 ./Core/Src/gpio.o
 .debug_macro   0x00016663      0x1cf ./Core/Src/gpio.o
 .debug_macro   0x00016832      0x25b ./Core/Src/gpio.o
 .debug_macro   0x00016a8d      0x4f5 ./Core/Src/gpio.o
 .debug_macro   0x00016f82      0x280 ./Core/Src/gpio.o
 .debug_macro   0x00017202      0x417 ./Core/Src/gpio.o