Archive member included to satisfy reference by file (symbol)

C:/ST/STM32CubeIDE_1.14.1/STM32CubeIDE/plugins/com.st.stm32cube.ide.mcu.externaltools.gnu-tools-for-stm32.11.3.rel1.win32_1.1.100.202309141235/tools/bin/../lib/gcc/arm-none-eabi/11.3.1/../../../../arm-none-eabi/lib/thumb/v6-m/nofp\libc_nano.a(libc_a-exit.o)
                              C:/ST/STM32CubeIDE_1.14.1/STM32CubeIDE/plugins/com.st.stm32cube.ide.mcu.externaltools.gnu-tools-for-stm32.11.3.rel1.win32_1.1.100.202309141235/tools/bin/../lib/gcc/arm-none-eabi/11.3.1/../../../../arm-none-eabi/lib/thumb/v6-m/nofp/crt0.o (exit)
C:/ST/STM32CubeIDE_1.14.1/STM32CubeIDE/plugins/com.st.stm32cube.ide.mcu.externaltools.gnu-tools-for-stm32.11.3.rel1.win32_1.1.100.202309141235/tools/bin/../lib/gcc/arm-none-eabi/11.3.1/../../../../arm-none-eabi/lib/thumb/v6-m/nofp\libc_nano.a(libc_a-findfp.o)
                              ./Middlewares/Third_Party/FreeRTOS/Source/tasks.o (__sf)
C:/ST/STM32CubeIDE_1.14.1/STM32CubeIDE/plugins/com.st.stm32cube.ide.mcu.externaltools.gnu-tools-for-stm32.11.3.rel1.win32_1.1.100.202309141235/tools/bin/../lib/gcc/arm-none-eabi/11.3.1/../../../../arm-none-eabi/lib/thumb/v6-m/nofp\libc_nano.a(libc_a-fwalk.o)
                              C:/ST/STM32CubeIDE_1.14.1/STM32CubeIDE/plugins/com.st.stm32cube.ide.mcu.externaltools.gnu-tools-for-stm32.11.3.rel1.win32_1.1.100.202309141235/tools/bin/../lib/gcc/arm-none-eabi/11.3.1/../../../../arm-none-eabi/lib/thumb/v6-m/nofp\libc_nano.a(libc_a-findfp.o) (_fwalk_sglue)
C:/ST/STM32CubeIDE_1.14.1/STM32CubeIDE/plugins/com.st.stm32cube.ide.mcu.externaltools.gnu-tools-for-stm32.11.3.rel1.win32_1.1.100.202309141235/tools/bin/../lib/gcc/arm-none-eabi/11.3.1/../../../../arm-none-eabi/lib/thumb/v6-m/nofp\libc_nano.a(libc_a-stdio.o)
                              C:/ST/STM32CubeIDE_1.14.1/STM32CubeIDE/plugins/com.st.stm32cube.ide.mcu.externaltools.gnu-tools-for-stm32.11.3.rel1.win32_1.1.100.202309141235/tools/bin/../lib/gcc/arm-none-eabi/11.3.1/../../../../arm-none-eabi/lib/thumb/v6-m/nofp\libc_nano.a(libc_a-findfp.o) (__sread)
C:/ST/STM32CubeIDE_1.14.1/STM32CubeIDE/plugins/com.st.stm32cube.ide.mcu.externaltools.gnu-tools-for-stm32.11.3.rel1.win32_1.1.100.202309141235/tools/bin/../lib/gcc/arm-none-eabi/11.3.1/../../../../arm-none-eabi/lib/thumb/v6-m/nofp\libc_nano.a(libc_a-memset.o)
                              C:/ST/STM32CubeIDE_1.14.1/STM32CubeIDE/plugins/com.st.stm32cube.ide.mcu.externaltools.gnu-tools-for-stm32.11.3.rel1.win32_1.1.100.202309141235/tools/bin/../lib/gcc/arm-none-eabi/11.3.1/../../../../arm-none-eabi/lib/thumb/v6-m/nofp/crt0.o (memset)
C:/ST/STM32CubeIDE_1.14.1/STM32CubeIDE/plugins/com.st.stm32cube.ide.mcu.externaltools.gnu-tools-for-stm32.11.3.rel1.win32_1.1.100.202309141235/tools/bin/../lib/gcc/arm-none-eabi/11.3.1/../../../../arm-none-eabi/lib/thumb/v6-m/nofp\libc_nano.a(libc_a-closer.o)
                              C:/ST/STM32CubeIDE_1.14.1/STM32CubeIDE/plugins/com.st.stm32cube.ide.mcu.externaltools.gnu-tools-for-stm32.11.3.rel1.win32_1.1.100.202309141235/tools/bin/../lib/gcc/arm-none-eabi/11.3.1/../../../../arm-none-eabi/lib/thumb/v6-m/nofp\libc_nano.a(libc_a-stdio.o) (_close_r)
C:/ST/STM32CubeIDE_1.14.1/STM32CubeIDE/plugins/com.st.stm32cube.ide.mcu.externaltools.gnu-tools-for-stm32.11.3.rel1.win32_1.1.100.202309141235/tools/bin/../lib/gcc/arm-none-eabi/11.3.1/../../../../arm-none-eabi/lib/thumb/v6-m/nofp\libc_nano.a(libc_a-reent.o)
                              ./Middlewares/Third_Party/FreeRTOS/Source/tasks.o (_reclaim_reent)
C:/ST/STM32CubeIDE_1.14.1/STM32CubeIDE/plugins/com.st.stm32cube.ide.mcu.externaltools.gnu-tools-for-stm32.11.3.rel1.win32_1.1.100.202309141235/tools/bin/../lib/gcc/arm-none-eabi/11.3.1/../../../../arm-none-eabi/lib/thumb/v6-m/nofp\libc_nano.a(libc_a-impure.o)
                              ./Middlewares/Third_Party/FreeRTOS/Source/tasks.o (_impure_ptr)
C:/ST/STM32CubeIDE_1.14.1/STM32CubeIDE/plugins/com.st.stm32cube.ide.mcu.externaltools.gnu-tools-for-stm32.11.3.rel1.win32_1.1.100.202309141235/tools/bin/../lib/gcc/arm-none-eabi/11.3.1/../../../../arm-none-eabi/lib/thumb/v6-m/nofp\libc_nano.a(libc_a-lseekr.o)
                              C:/ST/STM32CubeIDE_1.14.1/STM32CubeIDE/plugins/com.st.stm32cube.ide.mcu.externaltools.gnu-tools-for-stm32.11.3.rel1.win32_1.1.100.202309141235/tools/bin/../lib/gcc/arm-none-eabi/11.3.1/../../../../arm-none-eabi/lib/thumb/v6-m/nofp\libc_nano.a(libc_a-stdio.o) (_lseek_r)
C:/ST/STM32CubeIDE_1.14.1/STM32CubeIDE/plugins/com.st.stm32cube.ide.mcu.externaltools.gnu-tools-for-stm32.11.3.rel1.win32_1.1.100.202309141235/tools/bin/../lib/gcc/arm-none-eabi/11.3.1/../../../../arm-none-eabi/lib/thumb/v6-m/nofp\libc_nano.a(libc_a-readr.o)
                              C:/ST/STM32CubeIDE_1.14.1/STM32CubeIDE/plugins/com.st.stm32cube.ide.mcu.externaltools.gnu-tools-for-stm32.11.3.rel1.win32_1.1.100.202309141235/tools/bin/../lib/gcc/arm-none-eabi/11.3.1/../../../../arm-none-eabi/lib/thumb/v6-m/nofp\libc_nano.a(libc_a-stdio.o) (_read_r)
[...]
Memory Configuration

Name             Origin             Length             Attributes
RAM              0x0000000020000000 0x0000000000008000 xrw
FLASH            0x0000000008000000 0x0000000000020000 xr
*default*        0x0000000000000000 0xffffffffffffffff

Linker script and memory map

LOAD C:/ST/STM32CubeIDE_1.14.1/STM32CubeIDE/plugins/com.st.stm32cube.ide.mcu.externaltools.gnu-tools-for-stm32.11.3.rel1.win32_1.1.100.202309141235/tools/bin/../lib/gcc/arm-none-eabi/11.3.1/thumb/v6-m/nofp/crti.o
LOAD C:/ST/STM32CubeIDE_1.14.1/STM32CubeIDE/plugins/com.st.stm32cube.ide.mcu.externaltools.gnu-tools-for-stm32.11.3.rel1.win32_1.1.100.202309141235/tools/bin/../lib/gcc/arm-none-eabi/11.3.1/thumb/v6-m/nofp/crtbegin.o
LOAD C:/ST/STM32CubeIDE_1.14.1/STM32CubeIDE/plugins/com.st.stm32cube.ide.mcu.externaltools.gnu-tools-for-stm32.11.3.rel1.win32_1.1.100.202309141235/tools/bin/../lib/gcc/arm-none-eabi/11.3.1/../../../../arm-none-eabi/lib/thumb/v6-m/nofp/crt0.o
LOAD ./Core/Src/crc.o
LOAD ./Core/Src/dma.o
LOAD ./Core/Src/eeprom.o
LOAD ./Core/Src/freertos.o
LOAD ./Core/Src/gpio.o
LOAD ./Core/Src/main.o
LOAD ./Core/Src/stm32f0xx_hal_msp.o
LOAD ./Core/Src/stm32f0xx_hal_timebase_tim.o
LOAD ./Core/Src/stm32f0xx_it.o
LOAD ./Core/Src/system_stm32f0xx.o
LOAD ./Core/Src/usart.o
LOAD ./Core/Startup/startup_stm32f091cbux.o
LOAD ./Drivers/STM32F0xx_HAL_Driver/Src/stm32f0xx_hal.o
LOAD ./Drivers/STM32F0xx_HAL_Driver/Src/stm32f0xx_hal_cortex.o
LOAD ./Drivers/STM32F0xx_HAL_Driver/Src/stm32f0xx_hal_crc.o
LOAD ./Drivers/STM32F0xx_HAL_Driver/Src/stm32f0xx_hal_crc_ex.o
LOAD ./Drivers/STM32F0xx_HAL_Driver/Src/stm32f0xx_hal_dma.o
LOAD ./Drivers/STM32F0xx_HAL_Driver/Src/stm32f0xx_hal_exti.o
LOAD ./Drivers/STM32F0xx_HAL_Driver/Src/stm32f0xx_hal_flash.o
LOAD ./Drivers/STM32F0xx_HAL_Driver/Src/stm32f0xx_hal_flash_ex.o
LOAD ./Drivers/STM32F0xx_HAL_Driver/Src/stm32f0xx_hal_gpio.o
LOAD ./Drivers/STM32F0xx_HAL_Driver/Src/stm32f0xx_hal_i2c.o
LOAD ./Drivers/STM32F0xx_HAL_Driver/Src/stm32f0xx_hal_i2c_ex.o
LOAD ./Drivers/STM32F0xx_HAL_Driver/Src/stm32f0xx_hal_pwr.o
LOAD ./Drivers/STM32F0xx_HAL_Driver/Src/stm32f0xx_hal_pwr_ex.o
LOAD ./Drivers/STM32F0xx_HAL_Driver/Src/stm32f0xx_hal_rcc.o
LOAD ./Drivers/STM32F0xx_HAL_Driver/Src/stm32f0xx_hal_rcc_ex.o
LOAD ./Drivers/STM32F0xx_HAL_Driver/Src/stm32f0xx_hal_tim.o
LOAD ./Drivers/STM32F0xx_HAL_Driver/Src/stm32f0xx_hal_tim_ex.o
LOAD ./Drivers/STM32F0xx_HAL_Driver/Src/stm32f0xx_hal_uart.o
LOAD ./Drivers/STM32F0xx_HAL_Driver/Src/stm32f0xx_hal_uart_ex.o
LOAD ./Middlewares/Third_Party/FreeRTOS/Source/CMSIS_RTOS/cmsis_os.o
LOAD ./Middlewares/Third_Party/FreeRTOS/Source/croutine.o
LOAD ./Middlewares/Third_Party/FreeRTOS/Source/event_groups.o
LOAD ./Middlewares/Third_Party/FreeRTOS/Source/list.o
LOAD ./Middlewares/Third_Party/FreeRTOS/Source/queue.o
LOAD ./Middlewares/Third_Party/FreeRTOS/Source/stream_buffer.o
LOAD ./Middlewares/Third_Party/FreeRTOS/Source/tasks.o
LOAD ./Middlewares/Third_Party/FreeRTOS/Source/timers.o
LOAD ./Middlewares/Third_Party/FreeRTOS/Source/portable/GCC/ARM_CM0/port.o
LOAD ./Middlewares/Third_Party/FreeRTOS/Source/portable/MemMang/heap_4.o
LOAD ./Modbus_Master_Mode/H1DR1/Src/H1DR1_Master.o
LOAD ./Modbus_Master_Mode/H1DR1/Src/Messaging_Master.o
LOAD ./Modbus_Master_Mode/H1DR1/Src/Modbus_Master_Mode.o
LOAD ./Modbus_Master_Mode/Modbus_Master/Src/mbm.o
LOAD ./Modbus_Master_Mode/Modbus_Master/Src/mbmascii.o
LOAD ./Modbus_Master_Mode/Modbus_Master/Src/mbmcrc.o
LOAD ./Modbus_Master_Mode/Modbus_Master/Src/mbmfunccoils.o
LOAD ./Modbus_Master_Mode/Modbus_Master/Src/mbmfunccustom1.o
LOAD ./Modbus_Master_Mode/Modbus_Master/Src/mbmfuncdisc.o
LOAD ./Modbus_Master_Mode/Modbus_Master/Src/mbmfuncfiles.o
LOAD ./Modbus_Master_Mode/Modbus_Master/Src/mbmfuncholding.o
LOAD ./Modbus_Master_Mode/Modbus_Master/Src/mbmfuncinput.o
LOAD ./Modbus_Master_Mode/Modbus_Master/Src/mbmfuncraw.o
LOAD ./Modbus_Master_Mode/Modbus_Master/Src/mbmfuncslaveid.o
LOAD ./Modbus_Master_Mode/Modbus_Master/Src/mbmrtu.o
LOAD ./Modbus_Master_Mode/Modbus_Master/Src/mbmtcp.o
LOAD ./Modbus_Master_Mode/Modbus_Master/Src/mbmudp.o
LOAD ./Modbus_Master_Mode/Modbus_Master/Src/mbportevent.o
LOAD ./Modbus_Master_Mode/Modbus_Master/Src/mbportother.o
LOAD ./Modbus_Master_Mode/Modbus_Master/Src/mbportserial.o
LOAD ./Modbus_Master_Mode/Modbus_Master/Src/mbporttimer.o
LOAD ./Modbus_Master_Mode/Modbus_Master/Src/mbutils.o
LOAD ./Modbus_Slave_Mode/H1DR1/Src/H1DR1_Slave.o
LOAD ./Modbus_Slave_Mode/H1DR1/Src/Messaging_Slave.o
LOAD ./Modbus_Slave_Mode/H1DR1/Src/Modbus_Slave_Mode.o
LOAD ./Modbus_Slave_Mode/Modbus_Slave/Scr/mbportevent.o
LOAD ./Modbus_Slave_Mode/Modbus_Slave/Scr/mbportother.o
LOAD ./Modbus_Slave_Mode/Modbus_Slave/Scr/mbportserial.o
LOAD ./Modbus_Slave_Mode/Modbus_Slave/Scr/mbporttimer.o
LOAD ./Modbus_Slave_Mode/Modbus_Slave/Scr/mbs.o
LOAD ./Modbus_Slave_Mode/Modbus_Slave/Scr/mbsascii.o
LOAD ./Modbus_Slave_Mode/Modbus_Slave/Scr/mbscrc.o
LOAD ./Modbus_Slave_Mode/Modbus_Slave/Scr/mbsfunccoils.o
LOAD ./Modbus_Slave_Mode/Modbus_Slave/Scr/mbsfuncdiag.o
LOAD ./Modbus_Slave_Mode/Modbus_Slave/Scr/mbsfuncdisc.o
LOAD ./Modbus_Slave_Mode/Modbus_Slave/Scr/mbsfuncfilerecord.o
LOAD ./Modbus_Slave_Mode/Modbus_Slave/Scr/mbsfuncholding.o
LOAD ./Modbus_Slave_Mode/Modbus_Slave/Scr/mbsfuncinput.o
LOAD ./Modbus_Slave_Mode/Modbus_Slave/Scr/mbsrtu.o
LOAD ./Modbus_Slave_Mode/Modbus_Slave/Scr/mbsslaveid.o
LOAD ./Modbus_Slave_Mode/Modbus_Slave/Scr/mbutils.o
START GROUP
LOAD C:/ST/STM32CubeIDE_1.14.1/STM32CubeIDE/plugins/com.st.stm32cube.ide.mcu.externaltools.gnu-tools-for-stm32.11.3.rel1.win32_1.1.100.202309141235/tools/bin/../lib/gcc/arm-none-eabi/11.3.1/../../../../arm-none-eabi/lib/thumb/v6-m/nofp\libc_nano.a
LOAD C:/ST/STM32CubeIDE_1.14.1/STM32CubeIDE/plugins/com.st.stm32cube.ide.mcu.externaltools.gnu-tools-for-stm32.11.3.rel1.win32_1.1.100.202309141235/tools/bin/../lib/gcc/arm-none-eabi/11.3.1/../../../../arm-none-eabi/lib/thumb/v6-m/nofp\libm.a
END GROUP
START GROUP
LOAD C:/ST/STM32CubeIDE_1.14.1/STM32CubeIDE/plugins/com.st.stm32cube.ide.mcu.externaltools.gnu-tools-for-stm32.11.3.rel1.win32_1.1.100.202309141235/tools/bin/../lib/gcc/arm-none-eabi/11.3.1/thumb/v6-m/nofp\libgcc.a
LOAD C:/ST/STM32CubeIDE_1.14.1/STM32CubeIDE/plugins/com.st.stm32cube.ide.mcu.externaltools.gnu-tools-for-stm32.11.3.rel1.win32_1.1.100.202309141235/tools/bin/../lib/gcc/arm-none-eabi/11.3.1/../../../../arm-none-eabi/lib/thumb/v6-m/nofp\libc_nano.a
END GROUP
START GROUP
LOAD C:/ST/STM32CubeIDE_1.14.1/STM32CubeIDE/plugins/com.st.stm32cube.ide.mcu.externaltools.gnu-tools-for-stm32.11.3.rel1.win32_1.1.100.202309141235/tools/bin/../lib/gcc/arm-none-eabi/11.3.1/thumb/v6-m/nofp\libgcc.a
LOAD C:/ST/STM32CubeIDE_1.14.1/STM32CubeIDE/plugins/com.st.stm32cube.ide.mcu.externaltools.gnu-tools-for-stm32.11.3.rel1.win32_1.1.100.202309141235/tools/bin/../lib/gcc/arm-none-eabi/11.3.1/../../../../arm-none-eabi/lib/thumb/v6-m/nofp\libc_nano.a
LOAD C:/ST/STM32CubeIDE_1.14.1/STM32CubeIDE/plugins/com.st.stm32cube.ide.mcu.externaltools.gnu-tools-for-stm32.11.3.rel1.win32_1.1.100.202309141235/tools/bin/../lib/gcc/arm-none-eabi/11.3.1/../../../../arm-none-eabi/lib/thumb/v6-m/nofp\libnosys.a
END GROUP
START GROUP
LOAD C:/ST/STM32CubeIDE_1.14.1/STM32CubeIDE/plugins/com.st.stm32cube.ide.mcu.externaltools.gnu-tools-for-stm32.11.3.rel1.win32_1.1.100.202309141235/tools/bin/../lib/gcc/arm-none-eabi/11.3.1/thumb/v6-m/nofp\libgcc.a
LOAD C:/ST/STM32CubeIDE_1.14.1/STM32CubeIDE/plugins/com.st.stm32cube.ide.mcu.externaltools.gnu-tools-for-stm32.11.3.rel1.win32_1.1.100.202309141235/tools/bin/../lib/gcc/arm-none-eabi/11.3.1/../../../../arm-none-eabi/lib/thumb/v6-m/nofp\libc_nano.a
LOAD C:/ST/STM32CubeIDE_1.14.1/STM32CubeIDE/plugins/com.st.stm32cube.ide.mcu.externaltools.gnu-tools-for-stm32.11.3.rel1.win32_1.1.100.202309141235/tools/bin/../lib/gcc/arm-none-eabi/11.3.1/../../../../arm-none-eabi/lib/thumb/v6-m/nofp\libnosys.a
END GROUP
LOAD C:/ST/STM32CubeIDE_1.14.1/STM32CubeIDE/plugins/com.st.stm32cube.ide.mcu.externaltools.gnu-tools-for-stm32.11.3.rel1.win32_1.1.100.202309141235/tools/bin/../lib/gcc/arm-none-eabi/11.3.1/thumb/v6-m/nofp/crtend.o
LOAD C:/ST/STM32CubeIDE_1.14.1/STM32CubeIDE/plugins/com.st.stm32cube.ide.mcu.externaltools.gnu-tools-for-stm32.11.3.rel1.win32_1.1.100.202309141235/tools/bin/../lib/gcc/arm-none-eabi/11.3.1/thumb/v6-m/nofp/crtn.o
                0x0000000020008000                _estack = (ORIGIN (RAM) + LENGTH (RAM))
                0x0000000000000200                _Min_Heap_Size = 0x200
                0x0000000000000400                _Min_Stack_Size = 0x400

.isr_vector     0x0000000008000000       0xbc
                0x0000000008000000                . = ALIGN (0x4)
 *(.isr_vector)
 .isr_vector    0x0000000008000000       0xbc ./Core/Startup/startup_stm32f091cbux.o
                0x0000000008000000                g_pfnVectors
                0x00000000080000bc                . = ALIGN (0x4)

.text           0x00000000080000c0     0x6bcc
                0x00000000080000c0                . = ALIGN (0x4)
 *(.text)
 .text          0x00000000080000c0       0x48 C:/ST/STM32CubeIDE_1.14.1/STM32CubeIDE/plugins/com.st.stm32cube.ide.mcu.externaltools.gnu-tools-for-stm32.11.3.rel1.win32_1.1.100.202309141235/tools/bin/../lib/gcc/arm-none-eabi/11.3.1/thumb/v6-m/nofp/crtbegin.o
 .text          0x0000000008000108       0x14 C:/ST/STM32CubeIDE_1.14.1/STM32CubeIDE/plugins/com.st.stm32cube.ide.mcu.externaltools.gnu-tools-for-stm32.11.3.rel1.win32_1.1.100.202309141235/tools/bin/../lib/gcc/arm-none-eabi/11.3.1/thumb/v6-m/nofp\libgcc.a(_thumb1_case_sqi.o)
                0x0000000008000108                __gnu_thumb1_case_sqi
 .text          0x000000000800011c       0x14 C:/ST/STM32CubeIDE_1.14.1/STM32CubeIDE/plugins/com.st.stm32cube.ide.mcu.externaltools.gnu-tools-for-stm32.11.3.rel1.win32_1.1.100.202309141235/tools/bin/../lib/gcc/arm-none-eabi/11.3.1/thumb/v6-m/nofp\libgcc.a(_thumb1_case_uqi.o)
                0x000000000800011c                __gnu_thumb1_case_uqi
 .text          0x0000000008000130      0x114 C:/ST/STM32CubeIDE_1.14.1/STM32CubeIDE/plugins/com.st.stm32cube.ide.mcu.externaltools.gnu-tools-for-stm32.11.3.rel1.win32_1.1.100.202309141235/tools/bin/../lib/gcc/arm-none-eabi/11.3.1/thumb/v6-m/nofp\libgcc.a(_udivsi3.o)
                0x0000000008000130                __aeabi_uidiv
                0x0000000008000130                __udivsi3
                0x000000000800023c                __aeabi_uidivmod
 .text          0x0000000008000244        0x4 C:/ST/STM32CubeIDE_1.14.1/STM32CubeIDE/plugins/com.st.stm32cube.ide.mcu.externaltools.gnu-tools-for-stm32.11.3.rel1.win32_1.1.100.202309141235/tools/bin/../lib/gcc/arm-none-eabi/11.3.1/thumb/v6-m/nofp\libgcc.a(_dvmd_tls.o)
                0x0000000008000244                __aeabi_idiv0
                0x0000000008000244                __aeabi_ldiv0
 .text          0x0000000008000248       0x18 C:/ST/STM32CubeIDE_1.14.1/STM32CubeIDE/plugins/com.st.stm32cube.ide.mcu.externaltools.gnu-tools-for-stm32.11.3.rel1.win32_1.1.100.202309141235/tools/bin/../lib/gcc/arm-none-eabi/11.3.1/thumb/v6-m/nofp\libgcc.a(_lshrdi3.o)
                0x0000000008000248                __lshrdi3
                0x0000000008000248                __aeabi_llsr
 *(.text*)
 .text.MX_CRC_Init
                0x0000000008000260       0x2c ./Core/Src/crc.o
                0x0000000008000260                MX_CRC_Init
 .text.HAL_CRC_MspInit
                0x000000000800028c       0x28 ./Core/Src/crc.o
                0x000000000800028c                HAL_CRC_MspInit
 .text.MX_DMA_Init
                0x00000000080002b4       0x5c ./Core/Src/dma.o
                0x00000000080002b4                MX_DMA_Init
 .text.EE_VerifyPageFullWriteVariable
                0x0000000008000310       0xbc ./Core/Src/eeprom.o
 .text.EE_ReadVariable
                0x00000000080003cc       0x58 ./Core/Src/eeprom.o
                0x00000000080003cc                EE_ReadVariable
 .text.EE_Format
                0x0000000008000424       0xa0 ./Core/Src/eeprom.o
                0x0000000008000424                EE_Format
 .text.EE_Init  0x00000000080004c4      0x288 ./Core/Src/eeprom.o
                0x00000000080004c4                EE_Init
 .text.MX_FREERTOS_Init
                0x000000000800074c       0x28 ./Core/Src/freertos.o
                0x000000000800074c                MX_FREERTOS_Init
 .text.MX_GPIO_Init
                0x0000000008000774       0x64 ./Core/Src/gpio.o
                0x0000000008000774                MX_GPIO_Init
 .text.StartDefaultTask
                0x00000000080007d8       0x3c ./Core/Src/main.o
                0x00000000080007d8                StartDefaultTask
 .text.SystemClock_Config
                0x0000000008000814       0x88 ./Core/Src/main.o
                0x0000000008000814                SystemClock_Config
 .text.startup.main
                0x000000000800089c       0x1c ./Core/Src/main.o
                0x000000000800089c                main
 .text.HAL_TIM_PeriodElapsedCallback
                0x00000000080008b8       0x14 ./Core/Src/main.o
                0x00000000080008b8                HAL_TIM_PeriodElapsedCallback
 .text.Error_Handler
                0x00000000080008cc        0x4 ./Core/Src/main.o
                0x00000000080008cc                Error_Handler
 .text.HAL_MspInit
                0x00000000080008d0       0x68 ./Core/Src/stm32f0xx_hal_msp.o
                0x00000000080008d0                HAL_MspInit
 .text.HAL_InitTick
                0x0000000008000938       0x7c ./Core/Src/stm32f0xx_hal_timebase_tim.o
                0x0000000008000938                HAL_InitTick
 .text.NMI_Handler
                0x00000000080009b4        0x2 ./Core/Src/stm32f0xx_it.o
                0x00000000080009b4                NMI_Handler
 .text.HardFault_Handler
                0x00000000080009b6        0x2 ./Core/Src/stm32f0xx_it.o
                0x00000000080009b6                HardFault_Handler
 .text.PVD_VDDIO2_IRQHandler
                0x00000000080009b8        0xc ./Core/Src/stm32f0xx_it.o
                0x00000000080009b8                PVD_VDDIO2_IRQHandler
 .text.FLASH_IRQHandler
                0x00000000080009c4        0x8 ./Core/Src/stm32f0xx_it.o
                0x00000000080009c4                FLASH_IRQHandler
 .text.RCC_CRS_IRQHandler
                0x00000000080009cc        0x2 ./Core/Src/stm32f0xx_it.o
                0x00000000080009cc                RCC_CRS_IRQHandler
 *fill*         0x00000000080009ce        0x2 
 .text.DMA1_Ch1_IRQHandler
                0x00000000080009d0       0x10 ./Core/Src/stm32f0xx_it.o
                0x00000000080009d0                DMA1_Ch1_IRQHandler
 .text.DMA1_Ch2_3_DMA2_Ch1_2_IRQHandler
                0x00000000080009e0       0x2c ./Core/Src/stm32f0xx_it.o
                0x00000000080009e0                DMA1_Ch2_3_DMA2_Ch1_2_IRQHandler
 .text.DMA1_Ch4_7_DMA2_Ch3_5_IRQHandler
                0x0000000008000a0c       0x4c ./Core/Src/stm32f0xx_it.o
                0x0000000008000a0c                DMA1_Ch4_7_DMA2_Ch3_5_IRQHandler
 .text.TIM16_IRQHandler
                0x0000000008000a58       0x10 ./Core/Src/stm32f0xx_it.o
                0x0000000008000a58                TIM16_IRQHandler
 .text.USART1_IRQHandler
                0x0000000008000a68       0x10 ./Core/Src/stm32f0xx_it.o
                0x0000000008000a68                USART1_IRQHandler
 .text.USART2_IRQHandler
                0x0000000008000a78       0x10 ./Core/Src/stm32f0xx_it.o
                0x0000000008000a78                USART2_IRQHandler
 .text.USART3_8_IRQHandler
                0x0000000008000a88       0x2c ./Core/Src/stm32f0xx_it.o
                0x0000000008000a88                USART3_8_IRQHandler
 .text.SystemInit
                0x0000000008000ab4        0x2 ./Core/Src/system_stm32f0xx.o
                0x0000000008000ab4                SystemInit
 *fill*         0x0000000008000ab6        0x2 
 .text.MX_USART1_UART_Init
                0x0000000008000ab8       0x44 ./Core/Src/usart.o
                0x0000000008000ab8                MX_USART1_UART_Init
 .text.MX_USART2_UART_Init
                0x0000000008000afc       0x40 ./Core/Src/usart.o
                0x0000000008000afc                MX_USART2_UART_Init
 .text.MX_USART3_UART_Init
                0x0000000008000b3c       0x40 ./Core/Src/usart.o
                0x0000000008000b3c                MX_USART3_UART_Init
 .text.MX_USART4_UART_Init
                0x0000000008000b7c       0x40 ./Core/Src/usart.o
                0x0000000008000b7c                MX_USART4_UART_Init
 .text.MX_USART5_UART_Init
                0x0000000008000bbc       0x40 ./Core/Src/usart.o
                0x0000000008000bbc                MX_USART5_UART_Init
 .text.MX_USART6_UART_Init
                0x0000000008000bfc       0x40 ./Core/Src/usart.o
                0x0000000008000bfc                MX_USART6_UART_Init
 .text.HAL_UART_MspInit
                0x0000000008000c3c      0x57c ./Core/Src/usart.o
                0x0000000008000c3c                HAL_UART_MspInit
 .text.HAL_UART_MspDeInit
                0x00000000080011b8       0xfc ./Core/Src/usart.o
                0x00000000080011b8                HAL_UART_MspDeInit
 .text.Reset_Handler
                0x00000000080012b4       0x50 ./Core/Startup/startup_stm32f091cbux.o
                0x00000000080012b4                Reset_Handler
 .text.Default_Handler
                0x0000000008001304        0x2 ./Core/Startup/startup_stm32f091cbux.o
                0x0000000008001304                TIM1_CC_IRQHandler
                0x0000000008001304                TSC_IRQHandler
                0x0000000008001304                ADC1_COMP_IRQHandler
                0x0000000008001304                I2C1_IRQHandler
                0x0000000008001304                SPI1_IRQHandler
                0x0000000008001304                TIM6_DAC_IRQHandler
                0x0000000008001304                EXTI2_3_IRQHandler
                0x0000000008001304                I2C2_IRQHandler
                0x0000000008001304                TIM17_IRQHandler
                0x0000000008001304                CEC_CAN_IRQHandler
                0x0000000008001304                RTC_IRQHandler
                0x0000000008001304                TIM3_IRQHandler
                0x0000000008001304                EXTI4_15_IRQHandler
                0x0000000008001304                Default_Handler
                0x0000000008001304                TIM14_IRQHandler
                0x0000000008001304                TIM7_IRQHandler
                0x0000000008001304                TIM15_IRQHandler
                0x0000000008001304                EXTI0_1_IRQHandler
                0x0000000008001304                SPI2_IRQHandler
                0x0000000008001304                WWDG_IRQHandler
                0x0000000008001304                TIM2_IRQHandler
                0x0000000008001304                TIM1_BRK_UP_TRG_COM_IRQHandler
 *fill*         0x0000000008001306        0x2 
 .text.HAL_Init
                0x0000000008001308       0x20 ./Drivers/STM32F0xx_HAL_Driver/Src/stm32f0xx_hal.o
                0x0000000008001308                HAL_Init
 .text.HAL_IncTick
                0x0000000008001328       0x18 ./Drivers/STM32F0xx_HAL_Driver/Src/stm32f0xx_hal.o
                0x0000000008001328                HAL_IncTick
 .text.HAL_GetTick
                0x0000000008001340        0xc ./Drivers/STM32F0xx_HAL_Driver/Src/stm32f0xx_hal.o
                0x0000000008001340                HAL_GetTick
 .text.HAL_Delay
                0x000000000800134c       0x24 ./Drivers/STM32F0xx_HAL_Driver/Src/stm32f0xx_hal.o
                0x000000000800134c                HAL_Delay
 .text.HAL_NVIC_SetPriority
                0x0000000008001370       0x54 ./Drivers/STM32F0xx_HAL_Driver/Src/stm32f0xx_hal_cortex.o
                0x0000000008001370                HAL_NVIC_SetPriority
 .text.HAL_NVIC_EnableIRQ
                0x00000000080013c4       0x18 ./Drivers/STM32F0xx_HAL_Driver/Src/stm32f0xx_hal_cortex.o
                0x00000000080013c4                HAL_NVIC_EnableIRQ
 .text.HAL_NVIC_DisableIRQ
                0x00000000080013dc       0x20 ./Drivers/STM32F0xx_HAL_Driver/Src/stm32f0xx_hal_cortex.o
                0x00000000080013dc                HAL_NVIC_DisableIRQ
 .text.CRC_Handle_8
                0x00000000080013fc       0x6e ./Drivers/STM32F0xx_HAL_Driver/Src/stm32f0xx_hal_crc.o
 .text.CRC_Handle_16
                0x000000000800146a       0x2c ./Drivers/STM32F0xx_HAL_Driver/Src/stm32f0xx_hal_crc.o
 *fill*         0x0000000008001496        0x2 
 .text.HAL_CRC_Init
                0x0000000008001498       0x74 ./Drivers/STM32F0xx_HAL_Driver/Src/stm32f0xx_hal_crc.o
                0x0000000008001498                HAL_CRC_Init
 .text.HAL_CRC_Accumulate
                0x000000000800150c       0x3e ./Drivers/STM32F0xx_HAL_Driver/Src/stm32f0xx_hal_crc.o
                0x000000000800150c                HAL_CRC_Accumulate
 .text.HAL_CRC_Calculate
                0x000000000800154a       0x4a ./Drivers/STM32F0xx_HAL_Driver/Src/stm32f0xx_hal_crc.o
                0x000000000800154a                HAL_CRC_Calculate
 .text.HAL_CRCEx_Polynomial_Set
                0x0000000008001594       0x5e ./Drivers/STM32F0xx_HAL_Driver/Src/stm32f0xx_hal_crc_ex.o
                0x0000000008001594                HAL_CRCEx_Polynomial_Set
 *fill*         0x00000000080015f2        0x2 
 .text.DMA_CalcBaseAndBitshift
                0x00000000080015f4       0x44 ./Drivers/STM32F0xx_HAL_Driver/Src/stm32f0xx_hal_dma.o
 .text.HAL_DMA_Init
                0x0000000008001638       0x50 ./Drivers/STM32F0xx_HAL_Driver/Src/stm32f0xx_hal_dma.o
                0x0000000008001638                HAL_DMA_Init
 .text.HAL_DMA_DeInit
                0x0000000008001688       0x42 ./Drivers/STM32F0xx_HAL_Driver/Src/stm32f0xx_hal_dma.o
                0x0000000008001688                HAL_DMA_DeInit
 .text.HAL_DMA_Start_IT
                0x00000000080016ca       0x7c ./Drivers/STM32F0xx_HAL_Driver/Src/stm32f0xx_hal_dma.o
                0x00000000080016ca                HAL_DMA_Start_IT
 .text.HAL_DMA_Abort
                0x0000000008001746       0x3c ./Drivers/STM32F0xx_HAL_Driver/Src/stm32f0xx_hal_dma.o
                0x0000000008001746                HAL_DMA_Abort
 .text.HAL_DMA_Abort_IT
                0x0000000008001782       0x46 ./Drivers/STM32F0xx_HAL_Driver/Src/stm32f0xx_hal_dma.o
                0x0000000008001782                HAL_DMA_Abort_IT
 .text.HAL_DMA_IRQHandler
                0x00000000080017c8       0x92 ./Drivers/STM32F0xx_HAL_Driver/Src/stm32f0xx_hal_dma.o
                0x00000000080017c8                HAL_DMA_IRQHandler
 *fill*         0x000000000800185a        0x2 
 .text.FLASH_SetErrorCode
                0x000000000800185c       0x3c ./Drivers/STM32F0xx_HAL_Driver/Src/stm32f0xx_hal_flash.o
 .text.HAL_FLASH_EndOfOperationCallback
                0x0000000008001898        0x2 ./Drivers/STM32F0xx_HAL_Driver/Src/stm32f0xx_hal_flash.o
                0x0000000008001898                HAL_FLASH_EndOfOperationCallback
 .text.HAL_FLASH_OperationErrorCallback
                0x000000000800189a        0x2 ./Drivers/STM32F0xx_HAL_Driver/Src/stm32f0xx_hal_flash.o
                0x000000000800189a                HAL_FLASH_OperationErrorCallback
 .text.HAL_FLASH_IRQHandler
                0x000000000800189c      0x11c ./Drivers/STM32F0xx_HAL_Driver/Src/stm32f0xx_hal_flash.o
                0x000000000800189c                HAL_FLASH_IRQHandler
 .text.HAL_FLASH_Unlock
                0x00000000080019b8       0x28 ./Drivers/STM32F0xx_HAL_Driver/Src/stm32f0xx_hal_flash.o
                0x00000000080019b8                HAL_FLASH_Unlock
 .text.HAL_FLASH_Lock
                0x00000000080019e0       0x14 ./Drivers/STM32F0xx_HAL_Driver/Src/stm32f0xx_hal_flash.o
                0x00000000080019e0                HAL_FLASH_Lock
 .text.FLASH_WaitForLastOperation
                0x00000000080019f4       0x54 ./Drivers/STM32F0xx_HAL_Driver/Src/stm32f0xx_hal_flash.o
                0x00000000080019f4                FLASH_WaitForLastOperation
 .text.HAL_FLASH_Program
                0x0000000008001a48       0x88 ./Drivers/STM32F0xx_HAL_Driver/Src/stm32f0xx_hal_flash.o
                0x0000000008001a48                HAL_FLASH_Program
 .text.FLASH_PageErase
                0x0000000008001ad0       0x24 ./Drivers/STM32F0xx_HAL_Driver/Src/stm32f0xx_hal_flash_ex.o
                0x0000000008001ad0                FLASH_PageErase
 .text.HAL_GPIO_Init
                0x0000000008001af4      0x18c ./Drivers/STM32F0xx_HAL_Driver/Src/stm32f0xx_hal_gpio.o
                0x0000000008001af4                HAL_GPIO_Init
 .text.HAL_GPIO_DeInit
                0x0000000008001c80       0xf4 ./Drivers/STM32F0xx_HAL_Driver/Src/stm32f0xx_hal_gpio.o
                0x0000000008001c80                HAL_GPIO_DeInit
 .text.HAL_GPIO_WritePin
                0x0000000008001d74        0xc ./Drivers/STM32F0xx_HAL_Driver/Src/stm32f0xx_hal_gpio.o
                0x0000000008001d74                HAL_GPIO_WritePin
 .text.HAL_GPIO_TogglePin
                0x0000000008001d80       0x10 ./Drivers/STM32F0xx_HAL_Driver/Src/stm32f0xx_hal_gpio.o
                0x0000000008001d80                HAL_GPIO_TogglePin
 .text.HAL_PWR_PVDCallback
                0x0000000008001d90        0x2 ./Drivers/STM32F0xx_HAL_Driver/Src/stm32f0xx_hal_pwr_ex.o
                0x0000000008001d90                HAL_PWR_PVDCallback
 *fill*         0x0000000008001d92        0x2 
 .text.HAL_PWR_PVD_IRQHandler
                0x0000000008001d94       0x1c ./Drivers/STM32F0xx_HAL_Driver/Src/stm32f0xx_hal_pwr_ex.o
                0x0000000008001d94                HAL_PWR_PVD_IRQHandler
 .text.HAL_PWREx_Vddio2MonitorCallback
                0x0000000008001db0        0x2 ./Drivers/STM32F0xx_HAL_Driver/Src/stm32f0xx_hal_pwr_ex.o
                0x0000000008001db0                HAL_PWREx_Vddio2MonitorCallback
 *fill*         0x0000000008001db2        0x2 
 .text.HAL_PWREx_Vddio2Monitor_IRQHandler
                0x0000000008001db4       0x1c ./Drivers/STM32F0xx_HAL_Driver/Src/stm32f0xx_hal_pwr_ex.o
                0x0000000008001db4                HAL_PWREx_Vddio2Monitor_IRQHandler
 .text.HAL_RCC_OscConfig
                0x0000000008001dd0      0x4a0 ./Drivers/STM32F0xx_HAL_Driver/Src/stm32f0xx_hal_rcc.o
                0x0000000008001dd0                HAL_RCC_OscConfig
 .text.HAL_RCC_GetSysClockFreq
                0x0000000008002270       0x6c ./Drivers/STM32F0xx_HAL_Driver/Src/stm32f0xx_hal_rcc.o
                0x0000000008002270                HAL_RCC_GetSysClockFreq
 .text.HAL_RCC_ClockConfig
                0x00000000080022dc      0x114 ./Drivers/STM32F0xx_HAL_Driver/Src/stm32f0xx_hal_rcc.o
                0x00000000080022dc                HAL_RCC_ClockConfig
 .text.HAL_RCC_GetPCLK1Freq
                0x00000000080023f0       0x20 ./Drivers/STM32F0xx_HAL_Driver/Src/stm32f0xx_hal_rcc.o
                0x00000000080023f0                HAL_RCC_GetPCLK1Freq
 .text.HAL_RCC_GetClockConfig
                0x0000000008002410       0x38 ./Drivers/STM32F0xx_HAL_Driver/Src/stm32f0xx_hal_rcc.o
                0x0000000008002410                HAL_RCC_GetClockConfig
 .text.HAL_RCCEx_PeriphCLKConfig
                0x0000000008002448      0x148 ./Drivers/STM32F0xx_HAL_Driver/Src/stm32f0xx_hal_rcc_ex.o
                0x0000000008002448                HAL_RCCEx_PeriphCLKConfig
 .text.HAL_TIM_Base_MspInit
                0x0000000008002590        0x2 ./Drivers/STM32F0xx_HAL_Driver/Src/stm32f0xx_hal_tim.o
                0x0000000008002590                HAL_TIM_Base_MspInit
 *fill*         0x0000000008002592        0x2 
 .text.HAL_TIM_Base_Start_IT
                0x0000000008002594       0x60 ./Drivers/STM32F0xx_HAL_Driver/Src/stm32f0xx_hal_tim.o
                0x0000000008002594                HAL_TIM_Base_Start_IT
 .text.HAL_TIM_OC_DelayElapsedCallback
                0x00000000080025f4        0x2 ./Drivers/STM32F0xx_HAL_Driver/Src/stm32f0xx_hal_tim.o
                0x00000000080025f4                HAL_TIM_OC_DelayElapsedCallback
 .text.HAL_TIM_IC_CaptureCallback
                0x00000000080025f6        0x2 ./Drivers/STM32F0xx_HAL_Driver/Src/stm32f0xx_hal_tim.o
                0x00000000080025f6                HAL_TIM_IC_CaptureCallback
 .text.HAL_TIM_PWM_PulseFinishedCallback
                0x00000000080025f8        0x2 ./Drivers/STM32F0xx_HAL_Driver/Src/stm32f0xx_hal_tim.o
                0x00000000080025f8                HAL_TIM_PWM_PulseFinishedCallback
 .text.HAL_TIM_TriggerCallback
                0x00000000080025fa        0x2 ./Drivers/STM32F0xx_HAL_Driver/Src/stm32f0xx_hal_tim.o
                0x00000000080025fa                HAL_TIM_TriggerCallback
 .text.HAL_TIM_IRQHandler
                0x00000000080025fc      0x148 ./Drivers/STM32F0xx_HAL_Driver/Src/stm32f0xx_hal_tim.o
                0x00000000080025fc                HAL_TIM_IRQHandler
 .text.TIM_Base_SetConfig
                0x0000000008002744       0xa0 ./Drivers/STM32F0xx_HAL_Driver/Src/stm32f0xx_hal_tim.o
                0x0000000008002744                TIM_Base_SetConfig
 .text.HAL_TIM_Base_Init
                0x00000000080027e4       0x50 ./Drivers/STM32F0xx_HAL_Driver/Src/stm32f0xx_hal_tim.o
                0x00000000080027e4                HAL_TIM_Base_Init
 .text.HAL_TIMEx_CommutCallback
                0x0000000008002834        0x2 ./Drivers/STM32F0xx_HAL_Driver/Src/stm32f0xx_hal_tim_ex.o
                0x0000000008002834                HAL_TIMEx_CommutCallback
 .text.HAL_TIMEx_BreakCallback
                0x0000000008002836        0x2 ./Drivers/STM32F0xx_HAL_Driver/Src/stm32f0xx_hal_tim_ex.o
                0x0000000008002836                HAL_TIMEx_BreakCallback
 .text.UART_EndRxTransfer
                0x0000000008002838       0x5c ./Drivers/STM32F0xx_HAL_Driver/Src/stm32f0xx_hal_uart.o
 .text.UART_TxISR_8BIT.part.0
                0x0000000008002894       0x32 ./Drivers/STM32F0xx_HAL_Driver/Src/stm32f0xx_hal_uart.o
 .text.UART_TxISR_8BIT
                0x00000000080028c6       0x2e ./Drivers/STM32F0xx_HAL_Driver/Src/stm32f0xx_hal_uart.o
 .text.UART_TxISR_16BIT
                0x00000000080028f4       0x32 ./Drivers/STM32F0xx_HAL_Driver/Src/stm32f0xx_hal_uart.o
 .text.HAL_UART_DeInit
                0x0000000008002926       0x3c ./Drivers/STM32F0xx_HAL_Driver/Src/stm32f0xx_hal_uart.o
                0x0000000008002926                HAL_UART_DeInit
 *fill*         0x0000000008002962        0x2 
 .text.HAL_UART_Transmit_IT
                0x0000000008002964       0x7c ./Drivers/STM32F0xx_HAL_Driver/Src/stm32f0xx_hal_uart.o
                0x0000000008002964                HAL_UART_Transmit_IT
 .text.HAL_UART_TxCpltCallback
                0x00000000080029e0        0x2 ./Drivers/STM32F0xx_HAL_Driver/Src/stm32f0xx_hal_uart.o
                0x00000000080029e0                HAL_UART_TxCpltCallback
 .text.HAL_UART_RxHalfCpltCallback
                0x00000000080029e2        0x2 ./Drivers/STM32F0xx_HAL_Driver/Src/stm32f0xx_hal_uart.o
                0x00000000080029e2                HAL_UART_RxHalfCpltCallback
 .text.HAL_UART_ErrorCallback
                0x00000000080029e4        0x2 ./Drivers/STM32F0xx_HAL_Driver/Src/stm32f0xx_hal_uart.o
                0x00000000080029e4                HAL_UART_ErrorCallback
 .text.UART_DMAError
                0x00000000080029e6       0x68 ./Drivers/STM32F0xx_HAL_Driver/Src/stm32f0xx_hal_uart.o
 .text.UART_DMAAbortOnError
                0x0000000008002a4e       0x16 ./Drivers/STM32F0xx_HAL_Driver/Src/stm32f0xx_hal_uart.o
 .text.HAL_UARTEx_RxEventCallback
                0x0000000008002a64        0x2 ./Drivers/STM32F0xx_HAL_Driver/Src/stm32f0xx_hal_uart.o
                0x0000000008002a64                HAL_UARTEx_RxEventCallback
 *fill*         0x0000000008002a66        0x2 
 .text.HAL_UART_IRQHandler
                0x0000000008002a68      0x2bc ./Drivers/STM32F0xx_HAL_Driver/Src/stm32f0xx_hal_uart.o
                0x0000000008002a68                HAL_UART_IRQHandler
 .text.UART_RxISR_8BIT
                0x0000000008002d24       0xd4 ./Drivers/STM32F0xx_HAL_Driver/Src/stm32f0xx_hal_uart.o
 .text.UART_RxISR_16BIT
                0x0000000008002df8       0xd4 ./Drivers/STM32F0xx_HAL_Driver/Src/stm32f0xx_hal_uart.o
 .text.UART_DMARxHalfCplt
                0x0000000008002ecc       0x22 ./Drivers/STM32F0xx_HAL_Driver/Src/stm32f0xx_hal_uart.o
 *fill*         0x0000000008002eee        0x2 
 .text.UART_DMAReceiveCplt
                0x0000000008002ef0       0x9c ./Drivers/STM32F0xx_HAL_Driver/Src/stm32f0xx_hal_uart.o
 .text.UART_SetConfig
                0x0000000008002f8c      0x1d0 ./Drivers/STM32F0xx_HAL_Driver/Src/stm32f0xx_hal_uart.o
                0x0000000008002f8c                UART_SetConfig
 .text.UART_AdvFeatureConfig
                0x000000000800315c       0xd0 ./Drivers/STM32F0xx_HAL_Driver/Src/stm32f0xx_hal_uart.o
                0x000000000800315c                UART_AdvFeatureConfig
 .text.UART_WaitOnFlagUntilTimeout
                0x000000000800322c       0x8a ./Drivers/STM32F0xx_HAL_Driver/Src/stm32f0xx_hal_uart.o
                0x000000000800322c                UART_WaitOnFlagUntilTimeout
 .text.HAL_UART_Transmit
                0x00000000080032b6       0xce ./Drivers/STM32F0xx_HAL_Driver/Src/stm32f0xx_hal_uart.o
                0x00000000080032b6                HAL_UART_Transmit
 .text.UART_CheckIdleState
                0x0000000008003384       0xc0 ./Drivers/STM32F0xx_HAL_Driver/Src/stm32f0xx_hal_uart.o
                0x0000000008003384                UART_CheckIdleState
 .text.HAL_UART_Init
                0x0000000008003444       0x64 ./Drivers/STM32F0xx_HAL_Driver/Src/stm32f0xx_hal_uart.o
                0x0000000008003444                HAL_UART_Init
 .text.UART_Start_Receive_IT
                0x00000000080034a8       0xcc ./Drivers/STM32F0xx_HAL_Driver/Src/stm32f0xx_hal_uart.o
                0x00000000080034a8                UART_Start_Receive_IT
 .text.HAL_UART_Receive_IT
                0x0000000008003574       0x5c ./Drivers/STM32F0xx_HAL_Driver/Src/stm32f0xx_hal_uart.o
                0x0000000008003574                HAL_UART_Receive_IT
 .text.UART_Start_Receive_DMA
                0x00000000080035d0       0xa8 ./Drivers/STM32F0xx_HAL_Driver/Src/stm32f0xx_hal_uart.o
                0x00000000080035d0                UART_Start_Receive_DMA
 .text.HAL_UART_Receive_DMA
                0x0000000008003678       0x5c ./Drivers/STM32F0xx_HAL_Driver/Src/stm32f0xx_hal_uart.o
                0x0000000008003678                HAL_UART_Receive_DMA
 .text.HAL_RS485Ex_Init
                0x00000000080036d4       0x84 ./Drivers/STM32F0xx_HAL_Driver/Src/stm32f0xx_hal_uart_ex.o
                0x00000000080036d4                HAL_RS485Ex_Init
 .text.HAL_UARTEx_WakeupCallback
                0x0000000008003758        0x2 ./Drivers/STM32F0xx_HAL_Driver/Src/stm32f0xx_hal_uart_ex.o
                0x0000000008003758                HAL_UARTEx_WakeupCallback
 .text.osKernelStart
                0x000000000800375a        0xa ./Middlewares/Third_Party/FreeRTOS/Source/CMSIS_RTOS/cmsis_os.o
                0x000000000800375a                osKernelStart
 .text.osThreadCreate
                0x0000000008003764       0x34 ./Middlewares/Third_Party/FreeRTOS/Source/CMSIS_RTOS/cmsis_os.o
                0x0000000008003764                osThreadCreate
 .text.vListInitialise
                0x0000000008003798       0x16 ./Middlewares/Third_Party/FreeRTOS/Source/list.o
                0x0000000008003798                vListInitialise
 .text.vListInitialiseItem
                0x00000000080037ae        0x6 ./Middlewares/Third_Party/FreeRTOS/Source/list.o
                0x00000000080037ae                vListInitialiseItem
 .text.vListInsertEnd
                0x00000000080037b4       0x18 ./Middlewares/Third_Party/FreeRTOS/Source/list.o
                0x00000000080037b4                vListInsertEnd
 .text.vListInsert
                0x00000000080037cc       0x2e ./Middlewares/Third_Party/FreeRTOS/Source/list.o
                0x00000000080037cc                vListInsert
 .text.uxListRemove
                0x00000000080037fa       0x20 ./Middlewares/Third_Party/FreeRTOS/Source/list.o
                0x00000000080037fa                uxListRemove
 .text.prvIsQueueEmpty
                0x000000000800381a       0x14 ./Middlewares/Third_Party/FreeRTOS/Source/queue.o
 .text.prvCopyDataToQueue
                0x000000000800382e       0x76 ./Middlewares/Third_Party/FreeRTOS/Source/queue.o
 .text.prvCopyDataFromQueue
                0x00000000080038a4       0x24 ./Middlewares/Third_Party/FreeRTOS/Source/queue.o
 .text.prvUnlockQueue
                0x00000000080038c8       0x6a ./Middlewares/Third_Party/FreeRTOS/Source/queue.o
 .text.xQueueGenericReset
                0x0000000008003932       0x68 ./Middlewares/Third_Party/FreeRTOS/Source/queue.o
                0x0000000008003932                xQueueGenericReset
 .text.xQueueGenericCreate
                0x000000000800399a       0x36 ./Middlewares/Third_Party/FreeRTOS/Source/queue.o
                0x000000000800399a                xQueueGenericCreate
 .text.xQueueGenericSend
                0x00000000080039d0      0x120 ./Middlewares/Third_Party/FreeRTOS/Source/queue.o
                0x00000000080039d0                xQueueGenericSend
 .text.xQueueGenericSendFromISR
                0x0000000008003af0       0x92 ./Middlewares/Third_Party/FreeRTOS/Source/queue.o
                0x0000000008003af0                xQueueGenericSendFromISR
 .text.xQueueReceive
                0x0000000008003b82      0x10a ./Middlewares/Third_Party/FreeRTOS/Source/queue.o
                0x0000000008003b82                xQueueReceive
 .text.vQueueAddToRegistry
                0x0000000008003c8c       0x24 ./Middlewares/Third_Party/FreeRTOS/Source/queue.o
                0x0000000008003c8c                vQueueAddToRegistry
 .text.vQueueWaitForMessageRestricted
                0x0000000008003cb0       0x4a ./Middlewares/Third_Party/FreeRTOS/Source/queue.o
                0x0000000008003cb0                vQueueWaitForMessageRestricted
 *fill*         0x0000000008003cfa        0x2 
 .text.prvIdleTask
                0x0000000008003cfc       0x60 ./Middlewares/Third_Party/FreeRTOS/Source/tasks.o
 .text.prvAddCurrentTaskToDelayedList
                0x0000000008003d5c       0x70 ./Middlewares/Third_Party/FreeRTOS/Source/tasks.o
 .text.prvResetNextTaskUnblockTime
                0x0000000008003dcc       0x28 ./Middlewares/Third_Party/FreeRTOS/Source/tasks.o
 .text.xTaskCreate
                0x0000000008003df4      0x1b0 ./Middlewares/Third_Party/FreeRTOS/Source/tasks.o
                0x0000000008003df4                xTaskCreate
 .text.vTaskStartScheduler
                0x0000000008003fa4       0x6c ./Middlewares/Third_Party/FreeRTOS/Source/tasks.o
                0x0000000008003fa4                vTaskStartScheduler
 .text.vTaskSuspendAll
                0x0000000008004010       0x10 ./Middlewares/Third_Party/FreeRTOS/Source/tasks.o
                0x0000000008004010                vTaskSuspendAll
 .text.xTaskGetTickCount
                0x0000000008004020        0xc ./Middlewares/Third_Party/FreeRTOS/Source/tasks.o
                0x0000000008004020                xTaskGetTickCount
 .text.xTaskIncrementTick
                0x000000000800402c      0x108 ./Middlewares/Third_Party/FreeRTOS/Source/tasks.o
                0x000000000800402c                xTaskIncrementTick
 .text.xTaskResumeAll
                0x0000000008004134       0xd0 ./Middlewares/Third_Party/FreeRTOS/Source/tasks.o
                0x0000000008004134                xTaskResumeAll
 .text.vTaskSwitchContext
                0x0000000008004204       0x78 ./Middlewares/Third_Party/FreeRTOS/Source/tasks.o
                0x0000000008004204                vTaskSwitchContext
 .text.vTaskPlaceOnEventList
                0x000000000800427c       0x24 ./Middlewares/Third_Party/FreeRTOS/Source/tasks.o
                0x000000000800427c                vTaskPlaceOnEventList
 .text.vTaskPlaceOnEventListRestricted
                0x00000000080042a0       0x30 ./Middlewares/Third_Party/FreeRTOS/Source/tasks.o
                0x00000000080042a0                vTaskPlaceOnEventListRestricted
 .text.xTaskRemoveFromEventList
                0x00000000080042d0       0x74 ./Middlewares/Third_Party/FreeRTOS/Source/tasks.o
                0x00000000080042d0                xTaskRemoveFromEventList
 .text.vTaskInternalSetTimeOutState
                0x0000000008004344       0x18 ./Middlewares/Third_Party/FreeRTOS/Source/tasks.o
                0x0000000008004344                vTaskInternalSetTimeOutState
 .text.xTaskCheckForTimeOut
                0x000000000800435c       0x64 ./Middlewares/Third_Party/FreeRTOS/Source/tasks.o
                0x000000000800435c                xTaskCheckForTimeOut
 .text.vTaskMissedYield
                0x00000000080043c0        0xc ./Middlewares/Third_Party/FreeRTOS/Source/tasks.o
                0x00000000080043c0                vTaskMissedYield
 .text.xTaskGetSchedulerState
                0x00000000080043cc       0x20 ./Middlewares/Third_Party/FreeRTOS/Source/tasks.o
                0x00000000080043cc                xTaskGetSchedulerState
 .text.xTaskPriorityDisinherit
                0x00000000080043ec       0x6c ./Middlewares/Third_Party/FreeRTOS/Source/tasks.o
                0x00000000080043ec                xTaskPriorityDisinherit
 .text.prvCheckForValidListAndQueue
                0x0000000008004458       0x5c ./Middlewares/Third_Party/FreeRTOS/Source/timers.o
 .text.prvInsertTimerInActiveList
                0x00000000080044b4       0x3c ./Middlewares/Third_Party/FreeRTOS/Source/timers.o
 .text.xTimerCreateTimerTask
                0x00000000080044f0       0x40 ./Middlewares/Third_Party/FreeRTOS/Source/timers.o
                0x00000000080044f0                xTimerCreateTimerTask
 .text.xTimerCreate
                0x0000000008004530       0x38 ./Middlewares/Third_Party/FreeRTOS/Source/timers.o
                0x0000000008004530                xTimerCreate
 .text.xTimerGenericCommand
                0x0000000008004568       0x4c ./Middlewares/Third_Party/FreeRTOS/Source/timers.o
                0x0000000008004568                xTimerGenericCommand
 .text.prvSampleTimeNow
                0x00000000080045b4       0x90 ./Middlewares/Third_Party/FreeRTOS/Source/timers.o
 .text.prvTimerTask
                0x0000000008004644      0x144 ./Middlewares/Third_Party/FreeRTOS/Source/timers.o
 .text.pvTimerGetTimerID
                0x0000000008004788       0x18 ./Middlewares/Third_Party/FreeRTOS/Source/timers.o
                0x0000000008004788                pvTimerGetTimerID
 .text.prvTaskExitError
                0x00000000080047a0       0x24 ./Middlewares/Third_Party/FreeRTOS/Source/portable/GCC/ARM_CM0/port.o
 *fill*         0x00000000080047c4        0xc 
 .text.vPortStartFirstTask
                0x00000000080047d0       0x34 ./Middlewares/Third_Party/FreeRTOS/Source/portable/GCC/ARM_CM0/port.o
 .text.pxPortInitialiseStack
                0x0000000008004804       0x20 ./Middlewares/Third_Party/FreeRTOS/Source/portable/GCC/ARM_CM0/port.o
                0x0000000008004804                pxPortInitialiseStack
 .text.SVC_Handler
                0x0000000008004824        0x2 ./Middlewares/Third_Party/FreeRTOS/Source/portable/GCC/ARM_CM0/port.o
                0x0000000008004824                SVC_Handler
 *fill*         0x0000000008004826        0x2 
 .text.xPortStartScheduler
                0x0000000008004828       0x64 ./Middlewares/Third_Party/FreeRTOS/Source/portable/GCC/ARM_CM0/port.o
                0x0000000008004828                xPortStartScheduler
 .text.vPortYield
                0x000000000800488c       0x18 ./Middlewares/Third_Party/FreeRTOS/Source/portable/GCC/ARM_CM0/port.o
                0x000000000800488c                vPortYield
 .text.vPortEnterCritical
                0x00000000080048a4       0x18 ./Middlewares/Third_Party/FreeRTOS/Source/portable/GCC/ARM_CM0/port.o
                0x00000000080048a4                vPortEnterCritical
 .text.vPortExitCritical
                0x00000000080048bc       0x1c ./Middlewares/Third_Party/FreeRTOS/Source/portable/GCC/ARM_CM0/port.o
                0x00000000080048bc                vPortExitCritical
 .text.ulSetInterruptMaskFromISR
                0x00000000080048d8        0x8 ./Middlewares/Third_Party/FreeRTOS/Source/portable/GCC/ARM_CM0/port.o
                0x00000000080048d8                ulSetInterruptMaskFromISR
 .text.vClearInterruptMaskFromISR
                0x00000000080048e0        0x6 ./Middlewares/Third_Party/FreeRTOS/Source/portable/GCC/ARM_CM0/port.o
                0x00000000080048e0                vClearInterruptMaskFromISR
 *fill*         0x00000000080048e6        0xa 
 .text.PendSV_Handler
                0x00000000080048f0       0x44 ./Middlewares/Third_Party/FreeRTOS/Source/portable/GCC/ARM_CM0/port.o
                0x00000000080048f0                PendSV_Handler
 .text.SysTick_Handler
                0x0000000008004934       0x24 ./Middlewares/Third_Party/FreeRTOS/Source/portable/GCC/ARM_CM0/port.o
                0x0000000008004934                SysTick_Handler
 .text.prvInsertBlockIntoFreeList
                0x0000000008004958       0x48 ./Middlewares/Third_Party/FreeRTOS/Source/portable/MemMang/heap_4.o
 .text.pvPortMalloc
                0x00000000080049a0      0x104 ./Middlewares/Third_Party/FreeRTOS/Source/portable/MemMang/heap_4.o
                0x00000000080049a0                pvPortMalloc
 .text.vPortFree
                0x0000000008004aa4       0x48 ./Middlewares/Third_Party/FreeRTOS/Source/portable/MemMang/heap_4.o
                0x0000000008004aa4                vPortFree
 .text.RTC_HandleTimer
                0x0000000008004aec       0x44 ./Modbus_Slave_Mode/H1DR1/Src/H1DR1_Slave.o
 .text.Module_Init
                0x0000000008004b30       0xbc ./Modbus_Slave_Mode/H1DR1/Src/H1DR1_Slave.o
                0x0000000008004b30                Module_Init
 .text.GetUART  0x0000000008004bec       0x18 ./Modbus_Slave_Mode/H1DR1/Src/H1DR1_Slave.o
                0x0000000008004bec                GetUART
 .text.SendMessage
                0x0000000008004c04       0xf0 ./Modbus_Slave_Mode/H1DR1/Src/Messaging_Slave.o
                0x0000000008004c04                SendMessage
 .text.Module_MessagingProcessing
                0x0000000008004cf4      0x170 ./Modbus_Slave_Mode/H1DR1/Src/Messaging_Slave.o
                0x0000000008004cf4                Module_MessagingProcessing
 .text.SlaveMessagingParser
                0x0000000008004e64       0xbc ./Modbus_Slave_Mode/H1DR1/Src/Messaging_Slave.o
                0x0000000008004e64                SlaveMessagingParser
 .text.eMyRegHoldingCB
                0x0000000008004f20      0x1e0 ./Modbus_Slave_Mode/H1DR1/Src/Modbus_Slave_Mode.o
 .text.ModbusSlaveModeInit
                0x0000000008005100       0x48 ./Modbus_Slave_Mode/H1DR1/Src/Modbus_Slave_Mode.o
                0x0000000008005100                ModbusSlaveModeInit
 .text.SlaveLoop
                0x0000000008005148       0x30 ./Modbus_Slave_Mode/H1DR1/Src/Modbus_Slave_Mode.o
                0x0000000008005148                SlaveLoop
 .text.HAL_UART_RxCpltCallback
                0x0000000008005178       0x90 ./Modbus_Slave_Mode/H1DR1/Src/Modbus_Slave_Mode.o
                0x0000000008005178                HAL_UART_RxCpltCallback
 .text.eMBPEventCreate
                0x0000000008005208       0x58 ./Modbus_Slave_Mode/Modbus_Slave/Scr/mbportevent.o
                0x0000000008005208                eMBPEventCreate
 .text.eMBPEventPost
                0x0000000008005260       0x2c ./Modbus_Slave_Mode/Modbus_Slave/Scr/mbportevent.o
                0x0000000008005260                eMBPEventPost
 .text.bMBPEventGet
                0x000000000800528c       0x38 ./Modbus_Slave_Mode/Modbus_Slave/Scr/mbportevent.o
                0x000000000800528c                bMBPEventGet
 .text.vMBPEventDelete
                0x00000000080052c4       0x2c ./Modbus_Slave_Mode/Modbus_Slave/Scr/mbportevent.o
                0x00000000080052c4                vMBPEventDelete
 .text.vMBPAssert
                0x00000000080052f0       0x16 ./Modbus_Slave_Mode/Modbus_Slave/Scr/mbportother.o
                0x00000000080052f0                vMBPAssert
 .text.vMBPEnterCritical
                0x0000000008005306        0x8 ./Modbus_Slave_Mode/Modbus_Slave/Scr/mbportother.o
                0x0000000008005306                vMBPEnterCritical
 .text.vMBPExitCritical
                0x000000000800530e        0x8 ./Modbus_Slave_Mode/Modbus_Slave/Scr/mbportother.o
                0x000000000800530e                vMBPExitCritical
 *fill*         0x0000000008005316        0x2 
 .text.eMBPSerialInit
                0x0000000008005318       0xd0 ./Modbus_Slave_Mode/Modbus_Slave/Scr/mbportserial.o
                0x0000000008005318                eMBPSerialInit
 .text.eMBPSerialClose
                0x00000000080053e8       0x64 ./Modbus_Slave_Mode/Modbus_Slave/Scr/mbportserial.o
                0x00000000080053e8                eMBPSerialClose
 .text.eMBPSerialTxEnable
                0x000000000800544c       0xbc ./Modbus_Slave_Mode/Modbus_Slave/Scr/mbportserial.o
                0x000000000800544c                eMBPSerialTxEnable
 .text.eMBPSerialRxEnable
                0x0000000008005508       0x60 ./Modbus_Slave_Mode/Modbus_Slave/Scr/mbportserial.o
                0x0000000008005508                eMBPSerialRxEnable
 .text.prvvMBPUSART1_RXNE_ISR
                0x0000000008005568       0x6c ./Modbus_Slave_Mode/Modbus_Slave/Scr/mbportserial.o
                0x0000000008005568                prvvMBPUSART1_RXNE_ISR
 .text.HandleTimer
                0x00000000080055d4       0x48 ./Modbus_Slave_Mode/Modbus_Slave/Scr/mbporttimer.o
 .text.eMBPTimerInit
                0x000000000800561c       0xac ./Modbus_Slave_Mode/Modbus_Slave/Scr/mbporttimer.o
                0x000000000800561c                eMBPTimerInit
 .text.vMBPTimerClose
                0x00000000080056c8       0x28 ./Modbus_Slave_Mode/Modbus_Slave/Scr/mbporttimer.o
                0x00000000080056c8                vMBPTimerClose
 .text.eMBPTimerStart
                0x00000000080056f0       0x4c ./Modbus_Slave_Mode/Modbus_Slave/Scr/mbporttimer.o
                0x00000000080056f0                eMBPTimerStart
 .text.eMBPTimerStop
                0x000000000800573c       0x30 ./Modbus_Slave_Mode/Modbus_Slave/Scr/mbporttimer.o
                0x000000000800573c                eMBPTimerStop
 .text.vMBSResetHdl
                0x000000000800576c       0x30 ./Modbus_Slave_Mode/Modbus_Slave/Scr/mbs.o
 .text.eMBSReleaseHdl
                0x000000000800579c       0x4c ./Modbus_Slave_Mode/Modbus_Slave/Scr/mbs.o
 .text.bMBSIsHdlValid
                0x00000000080057e8       0x24 ./Modbus_Slave_Mode/Modbus_Slave/Scr/mbs.o
                0x00000000080057e8                bMBSIsHdlValid
 .text.eMBSClose
                0x000000000800580c       0x34 ./Modbus_Slave_Mode/Modbus_Slave/Scr/mbs.o
                0x000000000800580c                eMBSClose
 .text.eMBSRegisterHoldingCB
                0x0000000008005840       0x28 ./Modbus_Slave_Mode/Modbus_Slave/Scr/mbs.o
                0x0000000008005840                eMBSRegisterHoldingCB
 .text.eMBSPoll
                0x0000000008005868      0x1b4 ./Modbus_Slave_Mode/Modbus_Slave/Scr/mbs.o
                0x0000000008005868                eMBSPoll
 .text.eMBSSerialInitExt
                0x0000000008005a1c       0xf4 ./Modbus_Slave_Mode/Modbus_Slave/Scr/mbs.o
                0x0000000008005a1c                eMBSSerialInitExt
 .text.eMBSSerialInit
                0x0000000008005b10       0x20 ./Modbus_Slave_Mode/Modbus_Slave/Scr/mbs.o
                0x0000000008005b10                eMBSSerialInit
 .text.bMBSSerialASCIITimerCB
                0x0000000008005b30       0x26 ./Modbus_Slave_Mode/Modbus_Slave/Scr/mbsascii.o
 .text.vMBPSerialReceiverAPIV1CB
                0x0000000008005b56      0x128 ./Modbus_Slave_Mode/Modbus_Slave/Scr/mbsascii.o
 .text.bMBSSerialASCIIBackOffTimerCB
                0x0000000008005c7e       0x16 ./Modbus_Slave_Mode/Modbus_Slave/Scr/mbsascii.o
 .text.eMBSSerialASCIIFrameCloseInternal
                0x0000000008005c94       0xa0 ./Modbus_Slave_Mode/Modbus_Slave/Scr/mbsascii.o
 .text.eMBSSerialASCIIFrameSend
                0x0000000008005d34       0xd0 ./Modbus_Slave_Mode/Modbus_Slave/Scr/mbsascii.o
 .text.eMBSSerialASCIIFrameClose
                0x0000000008005e04       0x18 ./Modbus_Slave_Mode/Modbus_Slave/Scr/mbsascii.o
 .text.eMBSSerialASCIIFrameReceive
                0x0000000008005e1c       0x80 ./Modbus_Slave_Mode/Modbus_Slave/Scr/mbsascii.o
 .text.bMBSSerialTransmitterEmptyAPIV1CB
                0x0000000008005e9c      0x10c ./Modbus_Slave_Mode/Modbus_Slave/Scr/mbsascii.o
 .text.eMBSSerialASCIIInit
                0x0000000008005fa8      0x10c ./Modbus_Slave_Mode/Modbus_Slave/Scr/mbsascii.o
                0x0000000008005fa8                eMBSSerialASCIIInit
 .text.usMBSCRC16
                0x00000000080060b4       0x34 ./Modbus_Slave_Mode/Modbus_Slave/Scr/mbscrc.o
                0x00000000080060b4                usMBSCRC16
 .text.eMBSFuncReadCoils
                0x00000000080060e8       0x6e ./Modbus_Slave_Mode/Modbus_Slave/Scr/mbsfunccoils.o
                0x00000000080060e8                eMBSFuncReadCoils
 .text.eMBSFuncWriteSingleCoil
                0x0000000008006156       0x46 ./Modbus_Slave_Mode/Modbus_Slave/Scr/mbsfunccoils.o
                0x0000000008006156                eMBSFuncWriteSingleCoil
 .text.eMBSFuncWriteMultipleCoils
                0x000000000800619c       0x5c ./Modbus_Slave_Mode/Modbus_Slave/Scr/mbsfunccoils.o
                0x000000000800619c                eMBSFuncWriteMultipleCoils
 .text.eMBSFuncReadDiscreteInputs
                0x00000000080061f8       0x70 ./Modbus_Slave_Mode/Modbus_Slave/Scr/mbsfuncdisc.o
                0x00000000080061f8                eMBSFuncReadDiscreteInputs
 .text.eMBSFuncReadFileRecord
                0x0000000008006268      0x110 ./Modbus_Slave_Mode/Modbus_Slave/Scr/mbsfuncfilerecord.o
                0x0000000008006268                eMBSFuncReadFileRecord
 .text.eMBSFuncWriteFileRecord
                0x0000000008006378       0xa0 ./Modbus_Slave_Mode/Modbus_Slave/Scr/mbsfuncfilerecord.o
                0x0000000008006378                eMBSFuncWriteFileRecord
 .text.eMBSFuncReadHoldingRegister
                0x0000000008006418       0x5e ./Modbus_Slave_Mode/Modbus_Slave/Scr/mbsfuncholding.o
                0x0000000008006418                eMBSFuncReadHoldingRegister
 .text.eMBSFuncWriteSingleRegister
                0x0000000008006476       0x2a ./Modbus_Slave_Mode/Modbus_Slave/Scr/mbsfuncholding.o
                0x0000000008006476                eMBSFuncWriteSingleRegister
 .text.eMBSFuncWriteMultipleHoldingRegister
                0x00000000080064a0       0x4e ./Modbus_Slave_Mode/Modbus_Slave/Scr/mbsfuncholding.o
                0x00000000080064a0                eMBSFuncWriteMultipleHoldingRegister
 .text.eMBSFuncReadWriteMultipleHoldingRegister
                0x00000000080064ee       0xaa ./Modbus_Slave_Mode/Modbus_Slave/Scr/mbsfuncholding.o
                0x00000000080064ee                eMBSFuncReadWriteMultipleHoldingRegister
 .text.eMBSFuncMaskWriteRegister
                0x0000000008006598       0x6c ./Modbus_Slave_Mode/Modbus_Slave/Scr/mbsfuncholding.o
                0x0000000008006598                eMBSFuncMaskWriteRegister
 .text.eMBSFuncReadInputRegister
                0x0000000008006604       0x5c ./Modbus_Slave_Mode/Modbus_Slave/Scr/mbsfuncinput.o
                0x0000000008006604                eMBSFuncReadInputRegister
 .text.vMBPSerialReceiverAPIV1CB
                0x0000000008006660       0x88 ./Modbus_Slave_Mode/Modbus_Slave/Scr/mbsrtu.o
 .text.bMBSSerialTransmitterEmptyAPIV1CB
                0x00000000080066e8       0x8c ./Modbus_Slave_Mode/Modbus_Slave/Scr/mbsrtu.o
 .text.bMBSSerialRTUT35CB
                0x0000000008006774       0x54 ./Modbus_Slave_Mode/Modbus_Slave/Scr/mbsrtu.o
 .text.eMBSSerialRTUFrameCloseInternal
                0x00000000080067c8       0x80 ./Modbus_Slave_Mode/Modbus_Slave/Scr/mbsrtu.o
 .text.eMBSSerialRTUFrameSend
                0x0000000008006848       0xc8 ./Modbus_Slave_Mode/Modbus_Slave/Scr/mbsrtu.o
 .text.eMBSSerialRTUFrameClose
                0x0000000008006910       0x18 ./Modbus_Slave_Mode/Modbus_Slave/Scr/mbsrtu.o
 .text.eMBSSerialRTUFrameReceive
                0x0000000008006928       0x5c ./Modbus_Slave_Mode/Modbus_Slave/Scr/mbsrtu.o
 .text.eMBSSerialRTUInit
                0x0000000008006984      0x110 ./Modbus_Slave_Mode/Modbus_Slave/Scr/mbsrtu.o
                0x0000000008006984                eMBSSerialRTUInit
 .text.memset   0x0000000008006a94       0x10 C:/ST/STM32CubeIDE_1.14.1/STM32CubeIDE/plugins/com.st.stm32cube.ide.mcu.externaltools.gnu-tools-for-stm32.11.3.rel1.win32_1.1.100.202309141235/tools/bin/../lib/gcc/arm-none-eabi/11.3.1/../../../../arm-none-eabi/lib/thumb/v6-m/nofp\libc_nano.a(libc_a-memset.o)
                0x0000000008006a94                memset
 .text._reclaim_reent
                0x0000000008006aa4       0xbc C:/ST/STM32CubeIDE_1.14.1/STM32CubeIDE/plugins/com.st.stm32cube.ide.mcu.externaltools.gnu-tools-for-stm32.11.3.rel1.win32_1.1.100.202309141235/tools/bin/../lib/gcc/arm-none-eabi/11.3.1/../../../../arm-none-eabi/lib/thumb/v6-m/nofp\libc_nano.a(libc_a-reent.o)
                0x0000000008006aa4                _reclaim_reent
 .text.__libc_init_array
                0x0000000008006b60       0x48 C:/ST/STM32CubeIDE_1.14.1/STM32CubeIDE/plugins/com.st.stm32cube.ide.mcu.externaltools.gnu-tools-for-stm32.11.3.rel1.win32_1.1.100.202309141235/tools/bin/../lib/gcc/arm-none-eabi/11.3.1/../../../../arm-none-eabi/lib/thumb/v6-m/nofp\libc_nano.a(libc_a-init.o)
                0x0000000008006b60                __libc_init_array
 .text.__retarget_lock_acquire_recursive
                0x0000000008006ba8        0x2 C:/ST/STM32CubeIDE_1.14.1/STM32CubeIDE/plugins/com.st.stm32cube.ide.mcu.externaltools.gnu-tools-for-stm32.11.3.rel1.win32_1.1.100.202309141235/tools/bin/../lib/gcc/arm-none-eabi/11.3.1/../../../../arm-none-eabi/lib/thumb/v6-m/nofp\libc_nano.a(libc_a-lock.o)
                0x0000000008006ba8                __retarget_lock_acquire_recursive
 .text.__retarget_lock_release_recursive
                0x0000000008006baa        0x2 C:/ST/STM32CubeIDE_1.14.1/STM32CubeIDE/plugins/com.st.stm32cube.ide.mcu.externaltools.gnu-tools-for-stm32.11.3.rel1.win32_1.1.100.202309141235/tools/bin/../lib/gcc/arm-none-eabi/11.3.1/../../../../arm-none-eabi/lib/thumb/v6-m/nofp\libc_nano.a(libc_a-lock.o)
                0x0000000008006baa                __retarget_lock_release_recursive
 .text.memcpy   0x0000000008006bac       0x12 C:/ST/STM32CubeIDE_1.14.1/STM32CubeIDE/plugins/com.st.stm32cube.ide.mcu.externaltools.gnu-tools-for-stm32.11.3.rel1.win32_1.1.100.202309141235/tools/bin/../lib/gcc/arm-none-eabi/11.3.1/../../../../arm-none-eabi/lib/thumb/v6-m/nofp\libc_nano.a(libc_a-memcpy-stub.o)
                0x0000000008006bac                memcpy
 *fill*         0x0000000008006bbe        0x2 
 .text._free_r  0x0000000008006bc0       0x94 C:/ST/STM32CubeIDE_1.14.1/STM32CubeIDE/plugins/com.st.stm32cube.ide.mcu.externaltools.gnu-tools-for-stm32.11.3.rel1.win32_1.1.100.202309141235/tools/bin/../lib/gcc/arm-none-eabi/11.3.1/../../../../arm-none-eabi/lib/thumb/v6-m/nofp\libc_nano.a(libc_a-freer.o)
                0x0000000008006bc0                _free_r
 .text.__malloc_lock
                0x0000000008006c54       0x10 C:/ST/STM32CubeIDE_1.14.1/STM32CubeIDE/plugins/com.st.stm32cube.ide.mcu.externaltools.gnu-tools-for-stm32.11.3.rel1.win32_1.1.100.202309141235/tools/bin/../lib/gcc/arm-none-eabi/11.3.1/../../../../arm-none-eabi/lib/thumb/v6-m/nofp\libc_nano.a(libc_a-mlock.o)
                0x0000000008006c54                __malloc_lock
 .text.__malloc_unlock
                0x0000000008006c64       0x10 C:/ST/STM32CubeIDE_1.14.1/STM32CubeIDE/plugins/com.st.stm32cube.ide.mcu.externaltools.gnu-tools-for-stm32.11.3.rel1.win32_1.1.100.202309141235/tools/bin/../lib/gcc/arm-none-eabi/11.3.1/../../../../arm-none-eabi/lib/thumb/v6-m/nofp\libc_nano.a(libc_a-mlock.o)
                0x0000000008006c64                __malloc_unlock
 *(.glue_7)
 .glue_7        0x0000000008006c74        0x0 linker stubs
 *(.glue_7t)
 .glue_7t       0x0000000008006c74        0x0 linker stubs
 *(.eh_frame)
 .eh_frame      0x0000000008006c74        0x0 C:/ST/STM32CubeIDE_1.14.1/STM32CubeIDE/plugins/com.st.stm32cube.ide.mcu.externaltools.gnu-tools-for-stm32.11.3.rel1.win32_1.1.100.202309141235/tools/bin/../lib/gcc/arm-none-eabi/11.3.1/thumb/v6-m/nofp/crtbegin.o
 *(.init)
 .init          0x0000000008006c74        0x4 C:/ST/STM32CubeIDE_1.14.1/STM32CubeIDE/plugins/com.st.stm32cube.ide.mcu.externaltools.gnu-tools-for-stm32.11.3.rel1.win32_1.1.100.202309141235/tools/bin/../lib/gcc/arm-none-eabi/11.3.1/thumb/v6-m/nofp/crti.o
                0x0000000008006c74                _init
 .init          0x0000000008006c78        0x8 C:/ST/STM32CubeIDE_1.14.1/STM32CubeIDE/plugins/com.st.stm32cube.ide.mcu.externaltools.gnu-tools-for-stm32.11.3.rel1.win32_1.1.100.202309141235/tools/bin/../lib/gcc/arm-none-eabi/11.3.1/thumb/v6-m/nofp/crtn.o
 *(.fini)
 .fini          0x0000000008006c80        0x4 C:/ST/STM32CubeIDE_1.14.1/STM32CubeIDE/plugins/com.st.stm32cube.ide.mcu.externaltools.gnu-tools-for-stm32.11.3.rel1.win32_1.1.100.202309141235/tools/bin/../lib/gcc/arm-none-eabi/11.3.1/thumb/v6-m/nofp/crti.o
                0x0000000008006c80                _fini
 .fini          0x0000000008006c84        0x8 C:/ST/STM32CubeIDE_1.14.1/STM32CubeIDE/plugins/com.st.stm32cube.ide.mcu.externaltools.gnu-tools-for-stm32.11.3.rel1.win32_1.1.100.202309141235/tools/bin/../lib/gcc/arm-none-eabi/11.3.1/thumb/v6-m/nofp/crtn.o
                0x0000000008006c8c                . = ALIGN (0x4)
                0x0000000008006c8c                _etext = .

.vfp11_veneer   0x0000000008006c8c        0x0
 .vfp11_veneer  0x0000000008006c8c        0x0 linker stubs

.v4_bx          0x0000000008006c8c        0x0
 .v4_bx         0x0000000008006c8c        0x0 linker stubs

.iplt           0x0000000008006c8c        0x0
 .iplt          0x0000000008006c8c        0x0 C:/ST/STM32CubeIDE_1.14.1/STM32CubeIDE/plugins/com.st.stm32cube.ide.mcu.externaltools.gnu-tools-for-stm32.11.3.rel1.win32_1.1.100.202309141235/tools/bin/../lib/gcc/arm-none-eabi/11.3.1/thumb/v6-m/nofp/crtbegin.o

.rodata         0x0000000008006c8c      0x304
                0x0000000008006c8c                . = ALIGN (0x4)
 *(.rodata)
 .rodata        0x0000000008006c8c       0x14 ./Core/Src/freertos.o
 *(.rodata*)
 .rodata.str1.1
                0x0000000008006ca0        0xc ./Core/Src/freertos.o
 .rodata.AHBPrescTable
                0x0000000008006cac       0x10 ./Core/Src/system_stm32f0xx.o
                0x0000000008006cac                AHBPrescTable
 .rodata.APBPrescTable
                0x0000000008006cbc        0x8 ./Core/Src/system_stm32f0xx.o
                0x0000000008006cbc                APBPrescTable
 .rodata.aPLLMULFactorTable.1
                0x0000000008006cc4       0x10 ./Drivers/STM32F0xx_HAL_Driver/Src/stm32f0xx_hal_rcc.o
 .rodata.aPredivFactorTable.0
                0x0000000008006cd4       0x10 ./Drivers/STM32F0xx_HAL_Driver/Src/stm32f0xx_hal_rcc.o
 .rodata.CSWTCH.59
                0x0000000008006ce4        0x3 ./Drivers/STM32F0xx_HAL_Driver/Src/stm32f0xx_hal_uart.o
 .rodata.vTaskStartScheduler.str1.1
                0x0000000008006ce7        0x5 ./Middlewares/Third_Party/FreeRTOS/Source/tasks.o
 .rodata.prvCheckForValidListAndQueue.str1.1
                0x0000000008006cec        0x5 ./Middlewares/Third_Party/FreeRTOS/Source/timers.o
 .rodata.xTimerCreateTimerTask.str1.1
                0x0000000008006cf1        0x8 ./Middlewares/Third_Party/FreeRTOS/Source/timers.o
 .rodata.Module_Init.str1.1
                0x0000000008006cf9       0x11 ./Modbus_Slave_Mode/H1DR1/Src/H1DR1_Slave.o
 *fill*         0x0000000008006d0a        0x2 
 .rodata.CSWTCH.13
                0x0000000008006d0c       0x18 ./Modbus_Slave_Mode/H1DR1/Src/H1DR1_Slave.o
 .rodata.eMBPTimerInit.str1.1
                0x0000000008006d24        0xb ./Modbus_Slave_Mode/Modbus_Slave/Scr/mbporttimer.o
 *fill*         0x0000000008006d2f        0x1 
 .rodata.arxMBSDefaultHandlers
                0x0000000008006d30       0x60 ./Modbus_Slave_Mode/Modbus_Slave/Scr/mbs.o
 .rodata.aucCRCHi
                0x0000000008006d90      0x100 ./Modbus_Slave_Mode/Modbus_Slave/Scr/mbscrc.o
 .rodata.aucCRCLo
                0x0000000008006e90      0x100 ./Modbus_Slave_Mode/Modbus_Slave/Scr/mbscrc.o
                0x0000000008006f90                . = ALIGN (0x4)

.rel.dyn        0x0000000008006f90        0x0
 .rel.iplt      0x0000000008006f90        0x0 C:/ST/STM32CubeIDE_1.14.1/STM32CubeIDE/plugins/com.st.stm32cube.ide.mcu.externaltools.gnu-tools-for-stm32.11.3.rel1.win32_1.1.100.202309141235/tools/bin/../lib/gcc/arm-none-eabi/11.3.1/thumb/v6-m/nofp/crtbegin.o

.ARM.extab      0x0000000008006f90        0x0
                0x0000000008006f90                . = ALIGN (0x4)
 *(.ARM.extab* .gnu.linkonce.armextab.*)
                0x0000000008006f90                . = ALIGN (0x4)

.ARM            0x0000000008006f90        0x0
                0x0000000008006f90                . = ALIGN (0x4)
                0x0000000008006f90                __exidx_start = .
 *(.ARM.exidx*)
                0x0000000008006f90                __exidx_end = .
                0x0000000008006f90                . = ALIGN (0x4)

.preinit_array  0x0000000008006f90        0x0
                0x0000000008006f90                . = ALIGN (0x4)
                0x0000000008006f90                PROVIDE (__preinit_array_start = .)
 *(.preinit_array*)
                0x0000000008006f90                PROVIDE (__preinit_array_end = .)
                0x0000000008006f90                . = ALIGN (0x4)

.init_array     0x0000000008006f90        0x4
                0x0000000008006f90                . = ALIGN (0x4)
                0x0000000008006f90                PROVIDE (__init_array_start = .)
 *(SORT_BY_NAME(.init_array.*))
 *(.init_array*)
 .init_array    0x0000000008006f90        0x4 C:/ST/STM32CubeIDE_1.14.1/STM32CubeIDE/plugins/com.st.stm32cube.ide.mcu.externaltools.gnu-tools-for-stm32.11.3.rel1.win32_1.1.100.202309141235/tools/bin/../lib/gcc/arm-none-eabi/11.3.1/thumb/v6-m/nofp/crtbegin.o
                0x0000000008006f94                PROVIDE (__init_array_end = .)
                0x0000000008006f94                . = ALIGN (0x4)

.fini_array     0x0000000008006f94        0x4
                0x0000000008006f94                . = ALIGN (0x4)
                [!provide]                        PROVIDE (__fini_array_start = .)
 *(SORT_BY_NAME(.fini_array.*))
 *(.fini_array*)
 .fini_array    0x0000000008006f94        0x4 C:/ST/STM32CubeIDE_1.14.1/STM32CubeIDE/plugins/com.st.stm32cube.ide.mcu.externaltools.gnu-tools-for-stm32.11.3.rel1.win32_1.1.100.202309141235/tools/bin/../lib/gcc/arm-none-eabi/11.3.1/thumb/v6-m/nofp/crtbegin.o
                [!provide]                        PROVIDE (__fini_array_end = .)
                0x0000000008006f98                . = ALIGN (0x4)
                0x0000000008006f98                _sidata = LOADADDR (.data)

.data           0x0000000020000000       0x60 load address 0x0000000008006f98
                0x0000000020000000                . = ALIGN (0x4)
                0x0000000020000000                _sdata = .
 *(.data)
 *(.data*)
 .data.d        0x0000000020000000        0x4 ./Core/Src/main.o
                0x0000000020000000                d
 .data.SystemCoreClock
                0x0000000020000004        0x4 ./Core/Src/system_stm32f0xx.o
                0x0000000020000004                SystemCoreClock
 .data.uwTickFreq
                0x0000000020000008        0x1 ./Drivers/STM32F0xx_HAL_Driver/Src/stm32f0xx_hal.o
                0x0000000020000008                uwTickFreq
 *fill*         0x0000000020000009        0x3 
 .data.uxCriticalNesting
                0x000000002000000c        0x4 ./Middlewares/Third_Party/FreeRTOS/Source/portable/GCC/ARM_CM0/port.o
 .data._impure_data
                0x0000000020000010       0x4c C:/ST/STM32CubeIDE_1.14.1/STM32CubeIDE/plugins/com.st.stm32cube.ide.mcu.externaltools.gnu-tools-for-stm32.11.3.rel1.win32_1.1.100.202309141235/tools/bin/../lib/gcc/arm-none-eabi/11.3.1/../../../../arm-none-eabi/lib/thumb/v6-m/nofp\libc_nano.a(libc_a-impure.o)
                0x0000000020000010                _impure_data
 .data._impure_ptr
                0x000000002000005c        0x4 C:/ST/STM32CubeIDE_1.14.1/STM32CubeIDE/plugins/com.st.stm32cube.ide.mcu.externaltools.gnu-tools-for-stm32.11.3.rel1.win32_1.1.100.202309141235/tools/bin/../lib/gcc/arm-none-eabi/11.3.1/../../../../arm-none-eabi/lib/thumb/v6-m/nofp\libc_nano.a(libc_a-impure.o)
                0x000000002000005c                _impure_ptr
 *(.RamFunc)
 *(.RamFunc*)
                0x0000000020000060                . = ALIGN (0x4)
                0x0000000020000060                _edata = .

.igot.plt       0x0000000020000060        0x0 load address 0x0000000008006ff8
 .igot.plt      0x0000000020000060        0x0 C:/ST/STM32CubeIDE_1.14.1/STM32CubeIDE/plugins/com.st.stm32cube.ide.mcu.externaltools.gnu-tools-for-stm32.11.3.rel1.win32_1.1.100.202309141235/tools/bin/../lib/gcc/arm-none-eabi/11.3.1/thumb/v6-m/nofp/crtbegin.o
                0x0000000020000060                . = ALIGN (0x4)

.bss            0x0000000020000060     0x4fec load address 0x0000000008006ff8
                0x0000000020000060                _sbss = .
                0x0000000020000060                __bss_start__ = _sbss
 *(.bss)
 .bss           0x0000000020000060       0x1c C:/ST/STM32CubeIDE_1.14.1/STM32CubeIDE/plugins/com.st.stm32cube.ide.mcu.externaltools.gnu-tools-for-stm32.11.3.rel1.win32_1.1.100.202309141235/tools/bin/../lib/gcc/arm-none-eabi/11.3.1/thumb/v6-m/nofp/crtbegin.o
 *(.bss*)
 .bss.hcrc      0x000000002000007c       0x24 ./Core/Src/crc.o
                0x000000002000007c                hcrc
 .bss.DataVar   0x00000000200000a0        0x2 ./Core/Src/eeprom.o
                0x00000000200000a0                DataVar
 *fill*         0x00000000200000a2        0x2 
 .bss.defaultTaskHandle
                0x00000000200000a4        0x4 ./Core/Src/freertos.o
                0x00000000200000a4                defaultTaskHandle
 .bss.htim16    0x00000000200000a8       0x48 ./Core/Src/stm32f0xx_hal_timebase_tim.o
                0x00000000200000a8                htim16
 .bss.hdma_usart1_rx
                0x00000000200000f0       0x44 ./Core/Src/usart.o
                0x00000000200000f0                hdma_usart1_rx
 .bss.hdma_usart1_tx
                0x0000000020000134       0x44 ./Core/Src/usart.o
                0x0000000020000134                hdma_usart1_tx
 .bss.hdma_usart2_rx
                0x0000000020000178       0x44 ./Core/Src/usart.o
                0x0000000020000178                hdma_usart2_rx
 .bss.hdma_usart2_tx
                0x00000000200001bc       0x44 ./Core/Src/usart.o
                0x00000000200001bc                hdma_usart2_tx
 .bss.hdma_usart3_rx
                0x0000000020000200       0x44 ./Core/Src/usart.o
                0x0000000020000200                hdma_usart3_rx
 .bss.hdma_usart3_tx
                0x0000000020000244       0x44 ./Core/Src/usart.o
                0x0000000020000244                hdma_usart3_tx
 .bss.hdma_usart4_rx
                0x0000000020000288       0x44 ./Core/Src/usart.o
                0x0000000020000288                hdma_usart4_rx
 .bss.hdma_usart4_tx
                0x00000000200002cc       0x44 ./Core/Src/usart.o
                0x00000000200002cc                hdma_usart4_tx
 .bss.hdma_usart5_rx
                0x0000000020000310       0x44 ./Core/Src/usart.o
                0x0000000020000310                hdma_usart5_rx
 .bss.hdma_usart5_tx
                0x0000000020000354       0x44 ./Core/Src/usart.o
                0x0000000020000354                hdma_usart5_tx
 .bss.hdma_usart6_rx
                0x0000000020000398       0x44 ./Core/Src/usart.o
                0x0000000020000398                hdma_usart6_rx
 .bss.hdma_usart6_tx
                0x00000000200003dc       0x44 ./Core/Src/usart.o
                0x00000000200003dc                hdma_usart6_tx
 .bss.huart1    0x0000000020000420       0x88 ./Core/Src/usart.o
                0x0000000020000420                huart1
 .bss.huart2    0x00000000200004a8       0x88 ./Core/Src/usart.o
                0x00000000200004a8                huart2
 .bss.huart3    0x0000000020000530       0x88 ./Core/Src/usart.o
                0x0000000020000530                huart3
 .bss.huart4    0x00000000200005b8       0x88 ./Core/Src/usart.o
                0x00000000200005b8                huart4
 .bss.huart5    0x0000000020000640       0x88 ./Core/Src/usart.o
                0x0000000020000640                huart5
 .bss.huart6    0x00000000200006c8       0x88 ./Core/Src/usart.o
                0x00000000200006c8                huart6
 .bss.uwTick    0x0000000020000750        0x4 ./Drivers/STM32F0xx_HAL_Driver/Src/stm32f0xx_hal.o
                0x0000000020000750                uwTick
 *fill*         0x0000000020000754        0x4 
 .bss.pFlash    0x0000000020000758       0x20 ./Drivers/STM32F0xx_HAL_Driver/Src/stm32f0xx_hal_flash.o
                0x0000000020000758                pFlash
 .bss.xQueueRegistry
                0x0000000020000778       0x40 ./Middlewares/Third_Party/FreeRTOS/Source/queue.o
                0x0000000020000778                xQueueRegistry
 .bss.pxCurrentTCB
                0x00000000200007b8        0x4 ./Middlewares/Third_Party/FreeRTOS/Source/tasks.o
                0x00000000200007b8                pxCurrentTCB
 .bss.pxDelayedTaskList
                0x00000000200007bc        0x4 ./Middlewares/Third_Party/FreeRTOS/Source/tasks.o
 .bss.pxOverflowDelayedTaskList
                0x00000000200007c0        0x4 ./Middlewares/Third_Party/FreeRTOS/Source/tasks.o
 .bss.pxReadyTasksLists
                0x00000000200007c4       0x8c ./Middlewares/Third_Party/FreeRTOS/Source/tasks.o
 .bss.uxCurrentNumberOfTasks
                0x0000000020000850        0x4 ./Middlewares/Third_Party/FreeRTOS/Source/tasks.o
 .bss.uxDeletedTasksWaitingCleanUp
                0x0000000020000854        0x4 ./Middlewares/Third_Party/FreeRTOS/Source/tasks.o
 .bss.uxPendedTicks
                0x0000000020000858        0x4 ./Middlewares/Third_Party/FreeRTOS/Source/tasks.o
 .bss.uxSchedulerSuspended
                0x000000002000085c        0x4 ./Middlewares/Third_Party/FreeRTOS/Source/tasks.o
 .bss.uxTaskNumber
                0x0000000020000860        0x4 ./Middlewares/Third_Party/FreeRTOS/Source/tasks.o
 .bss.uxTopReadyPriority
                0x0000000020000864        0x4 ./Middlewares/Third_Party/FreeRTOS/Source/tasks.o
 .bss.xDelayedTaskList1
                0x0000000020000868       0x14 ./Middlewares/Third_Party/FreeRTOS/Source/tasks.o
 .bss.xDelayedTaskList2
                0x000000002000087c       0x14 ./Middlewares/Third_Party/FreeRTOS/Source/tasks.o
 .bss.xIdleTaskHandle
                0x0000000020000890        0x4 ./Middlewares/Third_Party/FreeRTOS/Source/tasks.o
 .bss.xNextTaskUnblockTime
                0x0000000020000894        0x4 ./Middlewares/Third_Party/FreeRTOS/Source/tasks.o
 .bss.xNumOfOverflows
                0x0000000020000898        0x4 ./Middlewares/Third_Party/FreeRTOS/Source/tasks.o
 .bss.xPendingReadyList
                0x000000002000089c       0x14 ./Middlewares/Third_Party/FreeRTOS/Source/tasks.o
 .bss.xSchedulerRunning
                0x00000000200008b0        0x4 ./Middlewares/Third_Party/FreeRTOS/Source/tasks.o
 .bss.xSuspendedTaskList
                0x00000000200008b4       0x14 ./Middlewares/Third_Party/FreeRTOS/Source/tasks.o
 .bss.xTasksWaitingTermination
                0x00000000200008c8       0x14 ./Middlewares/Third_Party/FreeRTOS/Source/tasks.o
 .bss.xTickCount
                0x00000000200008dc        0x4 ./Middlewares/Third_Party/FreeRTOS/Source/tasks.o
 .bss.xYieldPending
                0x00000000200008e0        0x4 ./Middlewares/Third_Party/FreeRTOS/Source/tasks.o
 .bss.pxCurrentTimerList
                0x00000000200008e4        0x4 ./Middlewares/Third_Party/FreeRTOS/Source/timers.o
 .bss.pxOverflowTimerList
                0x00000000200008e8        0x4 ./Middlewares/Third_Party/FreeRTOS/Source/timers.o
 .bss.xActiveTimerList1
                0x00000000200008ec       0x14 ./Middlewares/Third_Party/FreeRTOS/Source/timers.o
 .bss.xActiveTimerList2
                0x0000000020000900       0x14 ./Middlewares/Third_Party/FreeRTOS/Source/timers.o
 .bss.xLastTime.0
                0x0000000020000914        0x4 ./Middlewares/Third_Party/FreeRTOS/Source/timers.o
 .bss.xTimerQueue
                0x0000000020000918        0x4 ./Middlewares/Third_Party/FreeRTOS/Source/timers.o
 .bss.xTimerTaskHandle
                0x000000002000091c        0x4 ./Middlewares/Third_Party/FreeRTOS/Source/timers.o
 .bss.pxEnd     0x0000000020000920        0x4 ./Middlewares/Third_Party/FreeRTOS/Source/portable/MemMang/heap_4.o
 .bss.ucHeap    0x0000000020000924     0x4000 ./Middlewares/Third_Party/FreeRTOS/Source/portable/MemMang/heap_4.o
 .bss.xBlockAllocatedBit
                0x0000000020004924        0x4 ./Middlewares/Third_Party/FreeRTOS/Source/portable/MemMang/heap_4.o
 .bss.xFreeBytesRemaining
                0x0000000020004928        0x4 ./Middlewares/Third_Party/FreeRTOS/Source/portable/MemMang/heap_4.o
 .bss.xMinimumEverFreeBytesRemaining
                0x000000002000492c        0x4 ./Middlewares/Third_Party/FreeRTOS/Source/portable/MemMang/heap_4.o
 .bss.xStart    0x0000000020004930        0x8 ./Middlewares/Third_Party/FreeRTOS/Source/portable/MemMang/heap_4.o
 .bss.Hour      0x0000000020004938        0x1 ./Modbus_Slave_Mode/H1DR1/Src/H1DR1_Slave.o
                0x0000000020004938                Hour
 .bss.Minute    0x0000000020004939        0x1 ./Modbus_Slave_Mode/H1DR1/Src/H1DR1_Slave.o
                0x0000000020004939                Minute
 .bss.RcvMessage
                0x000000002000493a       0x78 ./Modbus_Slave_Mode/H1DR1/Src/H1DR1_Slave.o
                0x000000002000493a                RcvMessage
 .bss.Second    0x00000000200049b2        0x1 ./Modbus_Slave_Mode/H1DR1/Src/H1DR1_Slave.o
                0x00000000200049b2                Second
 *fill*         0x00000000200049b3        0x1 
 .bss.usRegHoldingValue
                0x00000000200049b4       0xc8 ./Modbus_Slave_Mode/H1DR1/Src/H1DR1_Slave.o
                0x00000000200049b4                usRegHoldingValue
 .bss.zTimer    0x0000000020004a7c        0x4 ./Modbus_Slave_Mode/H1DR1/Src/H1DR1_Slave.o
                0x0000000020004a7c                zTimer
 .bss.ReadVar   0x0000000020004a80       0x32 ./Modbus_Slave_Mode/H1DR1/Src/Messaging_Slave.o
                0x0000000020004a80                ReadVar
 *fill*         0x0000000020004ab2        0x2 
 .bss.remoteVar
                0x0000000020004ab4       0x24 ./Modbus_Slave_Mode/H1DR1/Src/Messaging_Slave.o
                0x0000000020004ab4                remoteVar
 .bss.DataBuff  0x0000000020004ad8       0x19 ./Modbus_Slave_Mode/H1DR1/Src/Modbus_Slave_Mode.o
                0x0000000020004ad8                DataBuff
 .bss.eStatus   0x0000000020004af1        0x1 ./Modbus_Slave_Mode/H1DR1/Src/Modbus_Slave_Mode.o
                0x0000000020004af1                eStatus
 *fill*         0x0000000020004af2        0x2 
 .bss.xModmus   0x0000000020004af4        0x4 ./Modbus_Slave_Mode/H1DR1/Src/Modbus_Slave_Mode.o
                0x0000000020004af4                xModmus
 .bss.arxEventHdls
                0x0000000020004af8        0x4 ./Modbus_Slave_Mode/Modbus_Slave/Scr/mbportevent.o
 .bss.bIsInitialized
                0x0000000020004afc        0x1 ./Modbus_Slave_Mode/Modbus_Slave/Scr/mbportevent.o
 .bss.bIsInitalized
                0x0000000020004afd        0x1 ./Modbus_Slave_Mode/Modbus_Slave/Scr/mbportserial.o
 *fill*         0x0000000020004afe        0x2 
 .bss.xSerialHdls
                0x0000000020004b00       0x10 ./Modbus_Slave_Mode/Modbus_Slave/Scr/mbportserial.o
 .bss.arxTimerHdls
                0x0000000020004b10       0x50 ./Modbus_Slave_Mode/Modbus_Slave/Scr/mbporttimer.o
 .bss.bIsInitalized
                0x0000000020004b60        0x1 ./Modbus_Slave_Mode/Modbus_Slave/Scr/mbporttimer.o
 *fill*         0x0000000020004b61        0x3 
 .bss.xTimer    0x0000000020004b64        0x4 ./Modbus_Slave_Mode/Modbus_Slave/Scr/mbporttimer.o
                0x0000000020004b64                xTimer
 .bss.bIsInitalized
                0x0000000020004b68        0x1 ./Modbus_Slave_Mode/Modbus_Slave/Scr/mbs.o
 *fill*         0x0000000020004b69        0x3 
 .bss.xMBSInternalHdl
                0x0000000020004b6c       0x98 ./Modbus_Slave_Mode/Modbus_Slave/Scr/mbs.o
 .bss.bIsInitialized
                0x0000000020004c04        0x1 ./Modbus_Slave_Mode/Modbus_Slave/Scr/mbsascii.o
 *fill*         0x0000000020004c05        0x3 
 .bss.xMBSASCIIFrameHdl
                0x0000000020004c08      0x118 ./Modbus_Slave_Mode/Modbus_Slave/Scr/mbsascii.o
 .bss.xSubreqBuffer
                0x0000000020004d20       0xd2 ./Modbus_Slave_Mode/Modbus_Slave/Scr/mbsfuncfilerecord.o
 .bss.bIsInitialized
                0x0000000020004df2        0x1 ./Modbus_Slave_Mode/Modbus_Slave/Scr/mbsrtu.o
 *fill*         0x0000000020004df3        0x1 
 .bss.xMBSRTUFrameHdl
                0x0000000020004df4      0x118 ./Modbus_Slave_Mode/Modbus_Slave/Scr/mbsrtu.o
 .bss.__sf      0x0000000020004f0c      0x138 C:/ST/STM32CubeIDE_1.14.1/STM32CubeIDE/plugins/com.st.stm32cube.ide.mcu.externaltools.gnu-tools-for-stm32.11.3.rel1.win32_1.1.100.202309141235/tools/bin/../lib/gcc/arm-none-eabi/11.3.1/../../../../arm-none-eabi/lib/thumb/v6-m/nofp\libc_nano.a(libc_a-findfp.o)
                0x0000000020004f0c                __sf
 .bss.__lock___malloc_recursive_mutex
                0x0000000020005044        0x1 C:/ST/STM32CubeIDE_1.14.1/STM32CubeIDE/plugins/com.st.stm32cube.ide.mcu.externaltools.gnu-tools-for-stm32.11.3.rel1.win32_1.1.100.202309141235/tools/bin/../lib/gcc/arm-none-eabi/11.3.1/../../../../arm-none-eabi/lib/thumb/v6-m/nofp\libc_nano.a(libc_a-lock.o)
                0x0000000020005044                __lock___malloc_recursive_mutex
 *fill*         0x0000000020005045        0x3 
 .bss.__malloc_free_list
                0x0000000020005048        0x4 C:/ST/STM32CubeIDE_1.14.1/STM32CubeIDE/plugins/com.st.stm32cube.ide.mcu.externaltools.gnu-tools-for-stm32.11.3.rel1.win32_1.1.100.202309141235/tools/bin/../lib/gcc/arm-none-eabi/11.3.1/../../../../arm-none-eabi/lib/thumb/v6-m/nofp\libc_nano.a(libc_a-mallocr.o)
                0x0000000020005048                __malloc_free_list
 *(COMMON)
                0x000000002000504c                . = ALIGN (0x4)
                0x000000002000504c                _ebss = .
                0x000000002000504c                __bss_end__ = _ebss

._user_heap_stack
                0x000000002000504c      0x604 load address 0x0000000008006ff8
                0x0000000020005050                . = ALIGN (0x8)
 *fill*         0x000000002000504c        0x4 
                0x0000000020005050                PROVIDE (end = .)
                [!provide]                        PROVIDE (_end = .)
                0x0000000020005250                . = (. + _Min_Heap_Size)
 *fill*         0x0000000020005050      0x200 
                0x0000000020005650                . = (. + _Min_Stack_Size)
 *fill*         0x0000000020005250      0x400 
                0x0000000020005650                . = ALIGN (0x8)

/DISCARD/
 libc.a(*)
 libm.a(*)
 libgcc.a(*)

.ARM.attributes
                0x0000000000000000       0x28
 *(.ARM.attributes)
 .ARM.attributes
                0x0000000000000000       0x1e C:/ST/STM32CubeIDE_1.14.1/STM32CubeIDE/plugins/com.st.stm32cube.ide.mcu.externaltools.gnu-tools-for-stm32.11.3.rel1.win32_1.1.100.202309141235/tools/bin/../lib/gcc/arm-none-eabi/11.3.1/thumb/v6-m/nofp/crti.o
 .ARM.attributes
                0x000000000000001e       0x2c C:/ST/STM32CubeIDE_1.14.1/STM32CubeIDE/plugins/com.st.stm32cube.ide.mcu.externaltools.gnu-tools-for-stm32.11.3.rel1.win32_1.1.100.202309141235/tools/bin/../lib/gcc/arm-none-eabi/11.3.1/thumb/v6-m/nofp/crtbegin.o
 .ARM.attributes
                0x000000000000004a       0x2c ./Core/Src/crc.o
 .ARM.attributes
                0x0000000000000076       0x2c ./Core/Src/dma.o
 .ARM.attributes
                0x00000000000000a2       0x2c ./Core/Src/eeprom.o
 .ARM.attributes
                0x00000000000000ce       0x2c ./Core/Src/freertos.o
 .ARM.attributes
                0x00000000000000fa       0x2c ./Core/Src/gpio.o
 .ARM.attributes
                0x0000000000000126       0x2c ./Core/Src/main.o
 .ARM.attributes
                0x0000000000000152       0x2c ./Core/Src/stm32f0xx_hal_msp.o
 .ARM.attributes
                0x000000000000017e       0x2c ./Core/Src/stm32f0xx_hal_timebase_tim.o
 .ARM.attributes
                0x00000000000001aa       0x2c ./Core/Src/stm32f0xx_it.o
 .ARM.attributes
                0x00000000000001d6       0x2c ./Core/Src/system_stm32f0xx.o
 .ARM.attributes
                0x0000000000000202       0x2c ./Core/Src/usart.o
 .ARM.attributes
                0x000000000000022e       0x21 ./Core/Startup/startup_stm32f091cbux.o
 .ARM.attributes
                0x000000000000024f       0x2c ./Drivers/STM32F0xx_HAL_Driver/Src/stm32f0xx_hal.o
 .ARM.attributes
                0x000000000000027b       0x2c ./Drivers/STM32F0xx_HAL_Driver/Src/stm32f0xx_hal_cortex.o
 .ARM.attributes
                0x00000000000002a7       0x2c ./Drivers/STM32F0xx_HAL_Driver/Src/stm32f0xx_hal_crc.o
 .ARM.attributes
                0x00000000000002d3       0x2c ./Drivers/STM32F0xx_HAL_Driver/Src/stm32f0xx_hal_crc_ex.o
 .ARM.attributes
                0x00000000000002ff       0x2c ./Drivers/STM32F0xx_HAL_Driver/Src/stm32f0xx_hal_dma.o
 .ARM.attributes
                0x000000000000032b       0x2c ./Drivers/STM32F0xx_HAL_Driver/Src/stm32f0xx_hal_flash.o
 .ARM.attributes
                0x0000000000000357       0x2c ./Drivers/STM32F0xx_HAL_Driver/Src/stm32f0xx_hal_flash_ex.o
 .ARM.attributes
                0x0000000000000383       0x2c ./Drivers/STM32F0xx_HAL_Driver/Src/stm32f0xx_hal_gpio.o
 .ARM.attributes
                0x00000000000003af       0x2c ./Drivers/STM32F0xx_HAL_Driver/Src/stm32f0xx_hal_pwr_ex.o
 .ARM.attributes
                0x00000000000003db       0x2c ./Drivers/STM32F0xx_HAL_Driver/Src/stm32f0xx_hal_rcc.o
 .ARM.attributes
                0x0000000000000407       0x2c ./Drivers/STM32F0xx_HAL_Driver/Src/stm32f0xx_hal_rcc_ex.o
 .ARM.attributes
                0x0000000000000433       0x2c ./Drivers/STM32F0xx_HAL_Driver/Src/stm32f0xx_hal_tim.o
 .ARM.attributes
                0x000000000000045f       0x2c ./Drivers/STM32F0xx_HAL_Driver/Src/stm32f0xx_hal_tim_ex.o
 .ARM.attributes
                0x000000000000048b       0x2c ./Drivers/STM32F0xx_HAL_Driver/Src/stm32f0xx_hal_uart.o
 .ARM.attributes
                0x00000000000004b7       0x2c ./Drivers/STM32F0xx_HAL_Driver/Src/stm32f0xx_hal_uart_ex.o
 .ARM.attributes
                0x00000000000004e3       0x2c ./Middlewares/Third_Party/FreeRTOS/Source/CMSIS_RTOS/cmsis_os.o
 .ARM.attributes
                0x000000000000050f       0x2c ./Middlewares/Third_Party/FreeRTOS/Source/list.o
 .ARM.attributes
                0x000000000000053b       0x2c ./Middlewares/Third_Party/FreeRTOS/Source/queue.o
 .ARM.attributes
                0x0000000000000567       0x2c ./Middlewares/Third_Party/FreeRTOS/Source/tasks.o
 .ARM.attributes
                0x0000000000000593       0x2c ./Middlewares/Third_Party/FreeRTOS/Source/timers.o
 .ARM.attributes
                0x00000000000005bf       0x2c ./Middlewares/Third_Party/FreeRTOS/Source/portable/GCC/ARM_CM0/port.o
 .ARM.attributes
                0x00000000000005eb       0x2c ./Middlewares/Third_Party/FreeRTOS/Source/portable/MemMang/heap_4.o
 .ARM.attributes
                0x0000000000000617       0x2c ./Modbus_Slave_Mode/H1DR1/Src/H1DR1_Slave.o
 .ARM.attributes
                0x0000000000000643       0x2c ./Modbus_Slave_Mode/H1DR1/Src/Messaging_Slave.o
 .ARM.attributes
                0x000000000000066f       0x2c ./Modbus_Slave_Mode/H1DR1/Src/Modbus_Slave_Mode.o
 .ARM.attributes
                0x000000000000069b       0x2c ./Modbus_Slave_Mode/Modbus_Slave/Scr/mbportevent.o
 .ARM.attributes
                0x00000000000006c7       0x2c ./Modbus_Slave_Mode/Modbus_Slave/Scr/mbportother.o
 .ARM.attributes
                0x00000000000006f3       0x2c ./Modbus_Slave_Mode/Modbus_Slave/Scr/mbportserial.o
 .ARM.attributes
                0x000000000000071f       0x2c ./Modbus_Slave_Mode/Modbus_Slave/Scr/mbporttimer.o
 .ARM.attributes
                0x000000000000074b       0x2c ./Modbus_Slave_Mode/Modbus_Slave/Scr/mbs.o
 .ARM.attributes
                0x0000000000000777       0x2c ./Modbus_Slave_Mode/Modbus_Slave/Scr/mbsascii.o
 .ARM.attributes
                0x00000000000007a3       0x2c ./Modbus_Slave_Mode/Modbus_Slave/Scr/mbscrc.o
 .ARM.attributes
                0x00000000000007cf       0x2c ./Modbus_Slave_Mode/Modbus_Slave/Scr/mbsfunccoils.o
 .ARM.attributes
                0x00000000000007fb       0x2c ./Modbus_Slave_Mode/Modbus_Slave/Scr/mbsfuncdisc.o
 .ARM.attributes
                0x0000000000000827       0x2c ./Modbus_Slave_Mode/Modbus_Slave/Scr/mbsfuncfilerecord.o
 .ARM.attributes
                0x0000000000000853       0x2c ./Modbus_Slave_Mode/Modbus_Slave/Scr/mbsfuncholding.o
 .ARM.attributes
                0x000000000000087f       0x2c ./Modbus_Slave_Mode/Modbus_Slave/Scr/mbsfuncinput.o
 .ARM.attributes
                0x00000000000008ab       0x2c ./Modbus_Slave_Mode/Modbus_Slave/Scr/mbsrtu.o
 .ARM.attributes
                0x00000000000008d7       0x2c C:/ST/STM32CubeIDE_1.14.1/STM32CubeIDE/plugins/com.st.stm32cube.ide.mcu.externaltools.gnu-tools-for-stm32.11.3.rel1.win32_1.1.100.202309141235/tools/bin/../lib/gcc/arm-none-eabi/11.3.1/../../../../arm-none-eabi/lib/thumb/v6-m/nofp\libc_nano.a(libc_a-findfp.o)
 .ARM.attributes
                0x0000000000000903       0x2c C:/ST/STM32CubeIDE_1.14.1/STM32CubeIDE/plugins/com.st.stm32cube.ide.mcu.externaltools.gnu-tools-for-stm32.11.3.rel1.win32_1.1.100.202309141235/tools/bin/../lib/gcc/arm-none-eabi/11.3.1/../../../../arm-none-eabi/lib/thumb/v6-m/nofp\libc_nano.a(libc_a-memset.o)
 .ARM.attributes
                0x000000000000092f       0x2c C:/ST/STM32CubeIDE_1.14.1/STM32CubeIDE/plugins/com.st.stm32cube.ide.mcu.externaltools.gnu-tools-for-stm32.11.3.rel1.win32_1.1.100.202309141235/tools/bin/../lib/gcc/arm-none-eabi/11.3.1/../../../../arm-none-eabi/lib/thumb/v6-m/nofp\libc_nano.a(libc_a-reent.o)
 .ARM.attributes
                0x000000000000095b       0x2c C:/ST/STM32CubeIDE_1.14.1/STM32CubeIDE/plugins/com.st.stm32cube.ide.mcu.externaltools.gnu-tools-for-stm32.11.3.rel1.win32_1.1.100.202309141235/tools/bin/../lib/gcc/arm-none-eabi/11.3.1/../../../../arm-none-eabi/lib/thumb/v6-m/nofp\libc_nano.a(libc_a-impure.o)
 .ARM.attributes
                0x0000000000000987       0x2c C:/ST/STM32CubeIDE_1.14.1/STM32CubeIDE/plugins/com.st.stm32cube.ide.mcu.externaltools.gnu-tools-for-stm32.11.3.rel1.win32_1.1.100.202309141235/tools/bin/../lib/gcc/arm-none-eabi/11.3.1/../../../../arm-none-eabi/lib/thumb/v6-m/nofp\libc_nano.a(libc_a-init.o)
 .ARM.attributes
                0x00000000000009b3       0x2c C:/ST/STM32CubeIDE_1.14.1/STM32CubeIDE/plugins/com.st.stm32cube.ide.mcu.externaltools.gnu-tools-for-stm32.11.3.rel1.win32_1.1.100.202309141235/tools/bin/../lib/gcc/arm-none-eabi/11.3.1/../../../../arm-none-eabi/lib/thumb/v6-m/nofp\libc_nano.a(libc_a-lock.o)
 .ARM.attributes
                0x00000000000009df       0x2c C:/ST/STM32CubeIDE_1.14.1/STM32CubeIDE/plugins/com.st.stm32cube.ide.mcu.externaltools.gnu-tools-for-stm32.11.3.rel1.win32_1.1.100.202309141235/tools/bin/../lib/gcc/arm-none-eabi/11.3.1/../../../../arm-none-eabi/lib/thumb/v6-m/nofp\libc_nano.a(libc_a-memcpy-stub.o)
 .ARM.attributes
                0x0000000000000a0b       0x2c C:/ST/STM32CubeIDE_1.14.1/STM32CubeIDE/plugins/com.st.stm32cube.ide.mcu.externaltools.gnu-tools-for-stm32.11.3.rel1.win32_1.1.100.202309141235/tools/bin/../lib/gcc/arm-none-eabi/11.3.1/../../../../arm-none-eabi/lib/thumb/v6-m/nofp\libc_nano.a(libc_a-freer.o)
 .ARM.attributes
                0x0000000000000a37       0x2c C:/ST/STM32CubeIDE_1.14.1/STM32CubeIDE/plugins/com.st.stm32cube.ide.mcu.externaltools.gnu-tools-for-stm32.11.3.rel1.win32_1.1.100.202309141235/tools/bin/../lib/gcc/arm-none-eabi/11.3.1/../../../../arm-none-eabi/lib/thumb/v6-m/nofp\libc_nano.a(libc_a-mallocr.o)
 .ARM.attributes
                0x0000000000000a63       0x2c C:/ST/STM32CubeIDE_1.14.1/STM32CubeIDE/plugins/com.st.stm32cube.ide.mcu.externaltools.gnu-tools-for-stm32.11.3.rel1.win32_1.1.100.202309141235/tools/bin/../lib/gcc/arm-none-eabi/11.3.1/../../../../arm-none-eabi/lib/thumb/v6-m/nofp\libc_nano.a(libc_a-mlock.o)
 .ARM.attributes
                0x0000000000000a8f       0x1e C:/ST/STM32CubeIDE_1.14.1/STM32CubeIDE/plugins/com.st.stm32cube.ide.mcu.externaltools.gnu-tools-for-stm32.11.3.rel1.win32_1.1.100.202309141235/tools/bin/../lib/gcc/arm-none-eabi/11.3.1/thumb/v6-m/nofp\libgcc.a(_thumb1_case_sqi.o)
 .ARM.attributes
                0x0000000000000aad       0x1e C:/ST/STM32CubeIDE_1.14.1/STM32CubeIDE/plugins/com.st.stm32cube.ide.mcu.externaltools.gnu-tools-for-stm32.11.3.rel1.win32_1.1.100.202309141235/tools/bin/../lib/gcc/arm-none-eabi/11.3.1/thumb/v6-m/nofp\libgcc.a(_thumb1_case_uqi.o)
 .ARM.attributes
                0x0000000000000acb       0x1e C:/ST/STM32CubeIDE_1.14.1/STM32CubeIDE/plugins/com.st.stm32cube.ide.mcu.externaltools.gnu-tools-for-stm32.11.3.rel1.win32_1.1.100.202309141235/tools/bin/../lib/gcc/arm-none-eabi/11.3.1/thumb/v6-m/nofp\libgcc.a(_udivsi3.o)
 .ARM.attributes
                0x0000000000000ae9       0x1e C:/ST/STM32CubeIDE_1.14.1/STM32CubeIDE/plugins/com.st.stm32cube.ide.mcu.externaltools.gnu-tools-for-stm32.11.3.rel1.win32_1.1.100.202309141235/tools/bin/../lib/gcc/arm-none-eabi/11.3.1/thumb/v6-m/nofp\libgcc.a(_dvmd_tls.o)
 .ARM.attributes
                0x0000000000000b07       0x1e C:/ST/STM32CubeIDE_1.14.1/STM32CubeIDE/plugins/com.st.stm32cube.ide.mcu.externaltools.gnu-tools-for-stm32.11.3.rel1.win32_1.1.100.202309141235/tools/bin/../lib/gcc/arm-none-eabi/11.3.1/thumb/v6-m/nofp\libgcc.a(_lshrdi3.o)
 .ARM.attributes