Archive member included to satisfy reference by file (symbol)

C:/ST/STM32CubeIDE_1.14.1/STM32CubeIDE/plugins/com.st.stm32cube.ide.mcu.externaltools.gnu-tools-for-stm32.11.3.rel1.win32_1.1.100.202309141235/tools/bin/../lib/gcc/arm-none-eabi/11.3.1/../../../../arm-none-eabi/lib/thumb/v6-m/nofp\libc_nano.a(libc_a-exit.o)
                              C:/ST/STM32CubeIDE_1.14.1/STM32CubeIDE/plugins/com.st.stm32cube.ide.mcu.externaltools.gnu-tools-for-stm32.11.3.rel1.win32_1.1.100.202309141235/tools/bin/../lib/gcc/arm-none-eabi/11.3.1/../../../../arm-none-eabi/lib/thumb/v6-m/nofp/crt0.o (exit)
C:/ST/STM32CubeIDE_1.14.1/STM32CubeIDE/plugins/com.st.stm32cube.ide.mcu.externaltools.gnu-tools-for-stm32.11.3.rel1.win32_1.1.100.202309141235/tools/bin/../lib/gcc/arm-none-eabi/11.3.1/../../../../arm-none-eabi/lib/thumb/v6-m/nofp\libc_nano.a(libc_a-findfp.o)
                              ./Middlewares/Third_Party/FreeRTOS/Source/tasks.o (__sf)
C:/ST/STM32CubeIDE_1.14.1/STM32CubeIDE/plugins/com.st.stm32cube.ide.mcu.externaltools.gnu-tools-for-stm32.11.3.rel1.win32_1.1.100.202309141235/tools/bin/../lib/gcc/arm-none-eabi/11.3.1/../../../../arm-none-eabi/lib/thumb/v6-m/nofp\libc_nano.a(libc_a-fwalk.o)
                              C:/ST/STM32CubeIDE_1.14.1/STM32CubeIDE/plugins/com.st.stm32cube.ide.mcu.externaltools.gnu-tools-for-stm32.11.3.rel1.win32_1.1.100.202309141235/tools/bin/../lib/gcc/arm-none-eabi/11.3.1/../../../../arm-none-eabi/lib/thumb/v6-m/nofp\libc_nano.a(libc_a-findfp.o) (_fwalk_sglue)
C:/ST/STM32CubeIDE_1.14.1/STM32CubeIDE/plugins/com.st.stm32cube.ide.mcu.externaltools.gnu-tools-for-stm32.11.3.rel1.win32_1.1.100.202309141235/tools/bin/../lib/gcc/arm-none-eabi/11.3.1/../../../../arm-none-eabi/lib/thumb/v6-m/nofp\libc_nano.a(libc_a-stdio.o)
                              C:/ST/STM32CubeIDE_1.14.1/STM32CubeIDE/plugins/com.st.stm32cube.ide.mcu.externaltools.gnu-tools-for-stm32.11.3.rel1.win32_1.1.100.202309141235/tools/bin/../lib/gcc/arm-none-eabi/11.3.1/../../../../arm-none-eabi/lib/thumb/v6-m/nofp\libc_nano.a(libc_a-findfp.o) (__sread)
C:/ST/STM32CubeIDE_1.14.1/STM32CubeIDE/plugins/com.st.stm32cube.ide.mcu.externaltools.gnu-tools-for-stm32.11.3.rel1.win32_1.1.100.202309141235/tools/bin/../lib/gcc/arm-none-eabi/11.3.1/../../../../arm-none-eabi/lib/thumb/v6-m/nofp\libc_nano.a(libc_a-memcmp.o)
                              ./Modbus_Master_Mode/Modbus_Master/Src/mbmfuncfiles.o (memcmp)
C:/ST/STM32CubeIDE_1.14.1/STM32CubeIDE/plugins/com.st.stm32cube.ide.mcu.externaltools.gnu-tools-for-stm32.11.3.rel1.win32_1.1.100.202309141235/tools/bin/../lib/gcc/arm-none-eabi/11.3.1/../../../../arm-none-eabi/lib/thumb/v6-m/nofp\libc_nano.a(libc_a-memset.o)
                              C:/ST/STM32CubeIDE_1.14.1/STM32CubeIDE/plugins/com.st.stm32cube.ide.mcu.externaltools.gnu-tools-for-stm32.11.3.rel1.win32_1.1.100.202309141235/tools/bin/../lib/gcc/arm-none-eabi/11.3.1/../../../../arm-none-eabi/lib/thumb/v6-m/nofp/crt0.o (memset)
C:/ST/STM32CubeIDE_1.14.1/STM32CubeIDE/plugins/com.st.stm32cube.ide.mcu.externaltools.gnu-tools-for-stm32.11.3.rel1.win32_1.1.100.202309141235/tools/bin/../lib/gcc/arm-none-eabi/11.3.1/../../../../arm-none-eabi/lib/thumb/v6-m/nofp\libc_nano.a(libc_a-closer.o)
                              C:/ST/STM32CubeIDE_1.14.1/STM32CubeIDE/plugins/com.st.stm32cube.ide.mcu.externaltools.gnu-tools-for-stm32.11.3.rel1.win32_1.1.100.202309141235/tools/bin/../lib/gcc/arm-none-eabi/11.3.1/../../../../arm-none-eabi/lib/thumb/v6-m/nofp\libc_nano.a(libc_a-stdio.o) (_close_r)
C:/ST/STM32CubeIDE_1.14.1/STM32CubeIDE/plugins/com.st.stm32cube.ide.mcu.externaltools.gnu-tools-for-stm32.11.3.rel1.win32_1.1.100.202309141235/tools/bin/../lib/gcc/arm-none-eabi/11.3.1/../../../../arm-none-eabi/lib/thumb/v6-m/nofp\libc_nano.a(libc_a-reent.o)
                              ./Middlewares/Third_Party/FreeRTOS/Source/tasks.o (_reclaim_reent)
C:/ST/STM32CubeIDE_1.14.1/STM32CubeIDE/plugins/com.st.stm32cube.ide.mcu.externaltools.gnu-tools-for-stm32.11.3.rel1.win32_1.1.100.202309141235/tools/bin/../lib/gcc/arm-none-eabi/11.3.1/../../../../arm-none-eabi/lib/thumb/v6-m/nofp\libc_nano.a(libc_a-impure.o)
                              ./Middlewares/Third_Party/FreeRTOS/Source/tasks.o (_impure_ptr)
C:/ST/STM32CubeIDE_1.14.1/STM32CubeIDE/plugins/com.st.stm32cube.ide.mcu.externaltools.gnu-tools-for-stm32.11.3.rel1.win32_1.1.100.202309141235/tools/bin/../lib/gcc/arm-none-eabi/11.3.1/../../../../arm-none-eabi/lib/thumb/v6-m/nofp\libc_nano.a(libc_a-lseekr.o)
                              C:/ST/STM32CubeIDE_1.14.1/STM32CubeIDE/plugins/com.st.stm32cube.ide.mcu.externaltools.gnu-tools-for-stm32.11.3.rel1.win32_1.1.100.202309141235/tools/bin/../lib/gcc/arm-none-eabi/11.3.1/../../../../arm-none-eabi/lib/thumb/v6-m/nofp\libc_nano.a(libc_a-stdio.o) (_lseek_r)
[...]
Memory Configuration

Name             Origin             Length             Attributes
RAM              0x0000000020000000 0x0000000000008000 xrw
FLASH            0x0000000008000000 0x0000000000020000 xr
*default*        0x0000000000000000 0xffffffffffffffff

Linker script and memory map

LOAD C:/ST/STM32CubeIDE_1.14.1/STM32CubeIDE/plugins/com.st.stm32cube.ide.mcu.externaltools.gnu-tools-for-stm32.11.3.rel1.win32_1.1.100.202309141235/tools/bin/../lib/gcc/arm-none-eabi/11.3.1/thumb/v6-m/nofp/crti.o
LOAD C:/ST/STM32CubeIDE_1.14.1/STM32CubeIDE/plugins/com.st.stm32cube.ide.mcu.externaltools.gnu-tools-for-stm32.11.3.rel1.win32_1.1.100.202309141235/tools/bin/../lib/gcc/arm-none-eabi/11.3.1/thumb/v6-m/nofp/crtbegin.o
LOAD C:/ST/STM32CubeIDE_1.14.1/STM32CubeIDE/plugins/com.st.stm32cube.ide.mcu.externaltools.gnu-tools-for-stm32.11.3.rel1.win32_1.1.100.202309141235/tools/bin/../lib/gcc/arm-none-eabi/11.3.1/../../../../arm-none-eabi/lib/thumb/v6-m/nofp/crt0.o
LOAD ./Core/Src/crc.o
LOAD ./Core/Src/dma.o
LOAD ./Core/Src/freertos.o
LOAD ./Core/Src/gpio.o
LOAD ./Core/Src/main.o
LOAD ./Core/Src/stm32f0xx_hal_msp.o
LOAD ./Core/Src/stm32f0xx_hal_timebase_tim.o
LOAD ./Core/Src/stm32f0xx_it.o
LOAD ./Core/Src/system_stm32f0xx.o
LOAD ./Core/Src/usart.o
LOAD ./Core/Startup/startup_stm32f091cbux.o
LOAD ./Drivers/STM32F0xx_HAL_Driver/Src/stm32f0xx_hal.o
LOAD ./Drivers/STM32F0xx_HAL_Driver/Src/stm32f0xx_hal_cortex.o
LOAD ./Drivers/STM32F0xx_HAL_Driver/Src/stm32f0xx_hal_crc.o
LOAD ./Drivers/STM32F0xx_HAL_Driver/Src/stm32f0xx_hal_crc_ex.o
LOAD ./Drivers/STM32F0xx_HAL_Driver/Src/stm32f0xx_hal_dma.o
LOAD ./Drivers/STM32F0xx_HAL_Driver/Src/stm32f0xx_hal_exti.o
LOAD ./Drivers/STM32F0xx_HAL_Driver/Src/stm32f0xx_hal_flash.o
LOAD ./Drivers/STM32F0xx_HAL_Driver/Src/stm32f0xx_hal_flash_ex.o
LOAD ./Drivers/STM32F0xx_HAL_Driver/Src/stm32f0xx_hal_gpio.o
LOAD ./Drivers/STM32F0xx_HAL_Driver/Src/stm32f0xx_hal_i2c.o
LOAD ./Drivers/STM32F0xx_HAL_Driver/Src/stm32f0xx_hal_i2c_ex.o
LOAD ./Drivers/STM32F0xx_HAL_Driver/Src/stm32f0xx_hal_pwr.o
LOAD ./Drivers/STM32F0xx_HAL_Driver/Src/stm32f0xx_hal_pwr_ex.o
LOAD ./Drivers/STM32F0xx_HAL_Driver/Src/stm32f0xx_hal_rcc.o
LOAD ./Drivers/STM32F0xx_HAL_Driver/Src/stm32f0xx_hal_rcc_ex.o
LOAD ./Drivers/STM32F0xx_HAL_Driver/Src/stm32f0xx_hal_tim.o
LOAD ./Drivers/STM32F0xx_HAL_Driver/Src/stm32f0xx_hal_tim_ex.o
LOAD ./Drivers/STM32F0xx_HAL_Driver/Src/stm32f0xx_hal_uart.o
LOAD ./Drivers/STM32F0xx_HAL_Driver/Src/stm32f0xx_hal_uart_ex.o
LOAD ./Middlewares/Third_Party/FreeRTOS/Source/CMSIS_RTOS/cmsis_os.o
LOAD ./Middlewares/Third_Party/FreeRTOS/Source/croutine.o
LOAD ./Middlewares/Third_Party/FreeRTOS/Source/event_groups.o
LOAD ./Middlewares/Third_Party/FreeRTOS/Source/list.o
LOAD ./Middlewares/Third_Party/FreeRTOS/Source/queue.o
LOAD ./Middlewares/Third_Party/FreeRTOS/Source/stream_buffer.o
LOAD ./Middlewares/Third_Party/FreeRTOS/Source/tasks.o
LOAD ./Middlewares/Third_Party/FreeRTOS/Source/timers.o
LOAD ./Middlewares/Third_Party/FreeRTOS/Source/portable/GCC/ARM_CM0/port.o
LOAD ./Middlewares/Third_Party/FreeRTOS/Source/portable/MemMang/heap_4.o
LOAD ./Modbus_Master_Mode/Modbus_Master/Src/mbm.o
LOAD ./Modbus_Master_Mode/Modbus_Master/Src/mbmascii.o
LOAD ./Modbus_Master_Mode/Modbus_Master/Src/mbmcrc.o
LOAD ./Modbus_Master_Mode/Modbus_Master/Src/mbmfunccoils.o
LOAD ./Modbus_Master_Mode/Modbus_Master/Src/mbmfunccustom1.o
LOAD ./Modbus_Master_Mode/Modbus_Master/Src/mbmfuncdisc.o
LOAD ./Modbus_Master_Mode/Modbus_Master/Src/mbmfuncfiles.o
LOAD ./Modbus_Master_Mode/Modbus_Master/Src/mbmfuncholding.o
LOAD ./Modbus_Master_Mode/Modbus_Master/Src/mbmfuncinput.o
LOAD ./Modbus_Master_Mode/Modbus_Master/Src/mbmfuncraw.o
LOAD ./Modbus_Master_Mode/Modbus_Master/Src/mbmfuncslaveid.o
LOAD ./Modbus_Master_Mode/Modbus_Master/Src/mbmrtu.o
LOAD ./Modbus_Master_Mode/Modbus_Master/Src/mbmtcp.o
LOAD ./Modbus_Master_Mode/Modbus_Master/Src/mbmudp.o
LOAD ./Modbus_Master_Mode/Modbus_Master/Src/mbportevent.o
LOAD ./Modbus_Master_Mode/Modbus_Master/Src/mbportother.o
LOAD ./Modbus_Master_Mode/Modbus_Master/Src/mbportserial.o
LOAD ./Modbus_Master_Mode/Modbus_Master/Src/mbporttimer.o
LOAD ./Modbus_Master_Mode/Modbus_Master/Src/mbutils.o
LOAD ./Modbus_Master_Mode/mb_master_API.o
START GROUP
LOAD C:/ST/STM32CubeIDE_1.14.1/STM32CubeIDE/plugins/com.st.stm32cube.ide.mcu.externaltools.gnu-tools-for-stm32.11.3.rel1.win32_1.1.100.202309141235/tools/bin/../lib/gcc/arm-none-eabi/11.3.1/../../../../arm-none-eabi/lib/thumb/v6-m/nofp\libc_nano.a
LOAD C:/ST/STM32CubeIDE_1.14.1/STM32CubeIDE/plugins/com.st.stm32cube.ide.mcu.externaltools.gnu-tools-for-stm32.11.3.rel1.win32_1.1.100.202309141235/tools/bin/../lib/gcc/arm-none-eabi/11.3.1/../../../../arm-none-eabi/lib/thumb/v6-m/nofp\libm.a
END GROUP
START GROUP
LOAD C:/ST/STM32CubeIDE_1.14.1/STM32CubeIDE/plugins/com.st.stm32cube.ide.mcu.externaltools.gnu-tools-for-stm32.11.3.rel1.win32_1.1.100.202309141235/tools/bin/../lib/gcc/arm-none-eabi/11.3.1/thumb/v6-m/nofp\libgcc.a
LOAD C:/ST/STM32CubeIDE_1.14.1/STM32CubeIDE/plugins/com.st.stm32cube.ide.mcu.externaltools.gnu-tools-for-stm32.11.3.rel1.win32_1.1.100.202309141235/tools/bin/../lib/gcc/arm-none-eabi/11.3.1/../../../../arm-none-eabi/lib/thumb/v6-m/nofp\libc_nano.a
END GROUP
START GROUP
LOAD C:/ST/STM32CubeIDE_1.14.1/STM32CubeIDE/plugins/com.st.stm32cube.ide.mcu.externaltools.gnu-tools-for-stm32.11.3.rel1.win32_1.1.100.202309141235/tools/bin/../lib/gcc/arm-none-eabi/11.3.1/thumb/v6-m/nofp\libgcc.a
LOAD C:/ST/STM32CubeIDE_1.14.1/STM32CubeIDE/plugins/com.st.stm32cube.ide.mcu.externaltools.gnu-tools-for-stm32.11.3.rel1.win32_1.1.100.202309141235/tools/bin/../lib/gcc/arm-none-eabi/11.3.1/../../../../arm-none-eabi/lib/thumb/v6-m/nofp\libc_nano.a
LOAD C:/ST/STM32CubeIDE_1.14.1/STM32CubeIDE/plugins/com.st.stm32cube.ide.mcu.externaltools.gnu-tools-for-stm32.11.3.rel1.win32_1.1.100.202309141235/tools/bin/../lib/gcc/arm-none-eabi/11.3.1/../../../../arm-none-eabi/lib/thumb/v6-m/nofp\libnosys.a
END GROUP
START GROUP
LOAD C:/ST/STM32CubeIDE_1.14.1/STM32CubeIDE/plugins/com.st.stm32cube.ide.mcu.externaltools.gnu-tools-for-stm32.11.3.rel1.win32_1.1.100.202309141235/tools/bin/../lib/gcc/arm-none-eabi/11.3.1/thumb/v6-m/nofp\libgcc.a
LOAD C:/ST/STM32CubeIDE_1.14.1/STM32CubeIDE/plugins/com.st.stm32cube.ide.mcu.externaltools.gnu-tools-for-stm32.11.3.rel1.win32_1.1.100.202309141235/tools/bin/../lib/gcc/arm-none-eabi/11.3.1/../../../../arm-none-eabi/lib/thumb/v6-m/nofp\libc_nano.a
LOAD C:/ST/STM32CubeIDE_1.14.1/STM32CubeIDE/plugins/com.st.stm32cube.ide.mcu.externaltools.gnu-tools-for-stm32.11.3.rel1.win32_1.1.100.202309141235/tools/bin/../lib/gcc/arm-none-eabi/11.3.1/../../../../arm-none-eabi/lib/thumb/v6-m/nofp\libnosys.a
END GROUP
LOAD C:/ST/STM32CubeIDE_1.14.1/STM32CubeIDE/plugins/com.st.stm32cube.ide.mcu.externaltools.gnu-tools-for-stm32.11.3.rel1.win32_1.1.100.202309141235/tools/bin/../lib/gcc/arm-none-eabi/11.3.1/thumb/v6-m/nofp/crtend.o
LOAD C:/ST/STM32CubeIDE_1.14.1/STM32CubeIDE/plugins/com.st.stm32cube.ide.mcu.externaltools.gnu-tools-for-stm32.11.3.rel1.win32_1.1.100.202309141235/tools/bin/../lib/gcc/arm-none-eabi/11.3.1/thumb/v6-m/nofp/crtn.o
                0x0000000020008000                _estack = (ORIGIN (RAM) + LENGTH (RAM))
                0x0000000000000200                _Min_Heap_Size = 0x200
                0x0000000000000400                _Min_Stack_Size = 0x400

.isr_vector     0x0000000008000000       0xbc
                0x0000000008000000                . = ALIGN (0x4)
 *(.isr_vector)
 .isr_vector    0x0000000008000000       0xbc ./Core/Startup/startup_stm32f091cbux.o
                0x0000000008000000                g_pfnVectors
                0x00000000080000bc                . = ALIGN (0x4)

.text           0x00000000080000c0     0x98dc
                0x00000000080000c0                . = ALIGN (0x4)
 *(.text)
 .text          0x00000000080000c0       0x48 C:/ST/STM32CubeIDE_1.14.1/STM32CubeIDE/plugins/com.st.stm32cube.ide.mcu.externaltools.gnu-tools-for-stm32.11.3.rel1.win32_1.1.100.202309141235/tools/bin/../lib/gcc/arm-none-eabi/11.3.1/thumb/v6-m/nofp/crtbegin.o
 .text          0x0000000008000108      0x114 C:/ST/STM32CubeIDE_1.14.1/STM32CubeIDE/plugins/com.st.stm32cube.ide.mcu.externaltools.gnu-tools-for-stm32.11.3.rel1.win32_1.1.100.202309141235/tools/bin/../lib/gcc/arm-none-eabi/11.3.1/thumb/v6-m/nofp\libgcc.a(_udivsi3.o)
                0x0000000008000108                __aeabi_uidiv
                0x0000000008000108                __udivsi3
                0x0000000008000214                __aeabi_uidivmod
 .text          0x000000000800021c        0x4 C:/ST/STM32CubeIDE_1.14.1/STM32CubeIDE/plugins/com.st.stm32cube.ide.mcu.externaltools.gnu-tools-for-stm32.11.3.rel1.win32_1.1.100.202309141235/tools/bin/../lib/gcc/arm-none-eabi/11.3.1/thumb/v6-m/nofp\libgcc.a(_dvmd_tls.o)
                0x000000000800021c                __aeabi_idiv0
                0x000000000800021c                __aeabi_ldiv0
 *(.text*)
 .text.MX_CRC_Init
                0x0000000008000220       0x48 ./Core/Src/crc.o
                0x0000000008000220                MX_CRC_Init
 .text.HAL_CRC_MspInit
                0x0000000008000268       0x3c ./Core/Src/crc.o
                0x0000000008000268                HAL_CRC_MspInit
 .text.MX_DMA_Init
                0x00000000080002a4       0x74 ./Core/Src/dma.o
                0x00000000080002a4                MX_DMA_Init
 .text.MX_FREERTOS_Init
                0x0000000008000318       0x34 ./Core/Src/freertos.o
                0x0000000008000318                MX_FREERTOS_Init
 .text.MX_GPIO_Init
                0x000000000800034c       0x94 ./Core/Src/gpio.o
                0x000000000800034c                MX_GPIO_Init
 .text.main     0x00000000080003e0       0x3a ./Core/Src/main.o
                0x00000000080003e0                main
 *fill*         0x000000000800041a        0x2 
 .text.StartDefaultTask
                0x000000000800041c       0x40 ./Core/Src/main.o
                0x000000000800041c                StartDefaultTask
 .text.SystemClock_Config
                0x000000000800045c       0xd0 ./Core/Src/main.o
                0x000000000800045c                SystemClock_Config
 .text.HAL_TIM_PeriodElapsedCallback
                0x000000000800052c       0x24 ./Core/Src/main.o
                0x000000000800052c                HAL_TIM_PeriodElapsedCallback
 .text.Error_Handler
                0x0000000008000550        0xa ./Core/Src/main.o
                0x0000000008000550                Error_Handler
 *fill*         0x000000000800055a        0x2 
 .text.HAL_MspInit
                0x000000000800055c       0x84 ./Core/Src/stm32f0xx_hal_msp.o
                0x000000000800055c                HAL_MspInit
 .text.HAL_InitTick
                0x00000000080005e0       0xbc ./Core/Src/stm32f0xx_hal_timebase_tim.o
                0x00000000080005e0                HAL_InitTick
 .text.NMI_Handler
                0x000000000800069c        0xa ./Core/Src/stm32f0xx_it.o
                0x000000000800069c                NMI_Handler
 .text.HardFault_Handler
                0x00000000080006a6        0x6 ./Core/Src/stm32f0xx_it.o
                0x00000000080006a6                HardFault_Handler
 .text.PVD_VDDIO2_IRQHandler
                0x00000000080006ac       0x12 ./Core/Src/stm32f0xx_it.o
                0x00000000080006ac                PVD_VDDIO2_IRQHandler
 .text.FLASH_IRQHandler
                0x00000000080006be        0xe ./Core/Src/stm32f0xx_it.o
                0x00000000080006be                FLASH_IRQHandler
 .text.RCC_CRS_IRQHandler
                0x00000000080006cc        0xa ./Core/Src/stm32f0xx_it.o
                0x00000000080006cc                RCC_CRS_IRQHandler
 *fill*         0x00000000080006d6        0x2 
 .text.DMA1_Ch1_IRQHandler
                0x00000000080006d8       0x18 ./Core/Src/stm32f0xx_it.o
                0x00000000080006d8                DMA1_Ch1_IRQHandler
 .text.DMA1_Ch2_3_DMA2_Ch1_2_IRQHandler
                0x00000000080006f0       0x18 ./Core/Src/stm32f0xx_it.o
                0x00000000080006f0                DMA1_Ch2_3_DMA2_Ch1_2_IRQHandler
 .text.TIM16_IRQHandler
                0x0000000008000708       0x18 ./Core/Src/stm32f0xx_it.o
                0x0000000008000708                TIM16_IRQHandler
 .text.USART1_IRQHandler
                0x0000000008000720       0x30 ./Core/Src/stm32f0xx_it.o
                0x0000000008000720                USART1_IRQHandler
 .text.SystemInit
                0x0000000008000750        0xa ./Core/Src/system_stm32f0xx.o
                0x0000000008000750                SystemInit
 *fill*         0x000000000800075a        0x2 
 .text.MX_USART1_UART_Init
                0x000000000800075c       0x6c ./Core/Src/usart.o
                0x000000000800075c                MX_USART1_UART_Init
 .text.HAL_UART_MspInit
                0x00000000080007c8      0x1a0 ./Core/Src/usart.o
                0x00000000080007c8                HAL_UART_MspInit
 .text.HAL_UART_MspDeInit
                0x0000000008000968       0x5c ./Core/Src/usart.o
                0x0000000008000968                HAL_UART_MspDeInit
 .text.Reset_Handler
                0x00000000080009c4       0x50 ./Core/Startup/startup_stm32f091cbux.o
                0x00000000080009c4                Reset_Handler
 .text.Default_Handler
                0x0000000008000a14        0x2 ./Core/Startup/startup_stm32f091cbux.o
                0x0000000008000a14                TIM1_CC_IRQHandler
                0x0000000008000a14                TSC_IRQHandler
                0x0000000008000a14                ADC1_COMP_IRQHandler
                0x0000000008000a14                I2C1_IRQHandler
                0x0000000008000a14                SPI1_IRQHandler
                0x0000000008000a14                TIM6_DAC_IRQHandler
                0x0000000008000a14                EXTI2_3_IRQHandler
                0x0000000008000a14                I2C2_IRQHandler
                0x0000000008000a14                TIM17_IRQHandler
                0x0000000008000a14                CEC_CAN_IRQHandler
                0x0000000008000a14                RTC_IRQHandler
                0x0000000008000a14                TIM3_IRQHandler
                0x0000000008000a14                EXTI4_15_IRQHandler
                0x0000000008000a14                USART3_8_IRQHandler
                0x0000000008000a14                Default_Handler
                0x0000000008000a14                TIM14_IRQHandler
                0x0000000008000a14                TIM7_IRQHandler
                0x0000000008000a14                TIM15_IRQHandler
                0x0000000008000a14                EXTI0_1_IRQHandler
                0x0000000008000a14                SPI2_IRQHandler
                0x0000000008000a14                DMA1_Ch4_7_DMA2_Ch3_5_IRQHandler
                0x0000000008000a14                WWDG_IRQHandler
                0x0000000008000a14                TIM2_IRQHandler
                0x0000000008000a14                USART2_IRQHandler
                0x0000000008000a14                TIM1_BRK_UP_TRG_COM_IRQHandler
 *fill*         0x0000000008000a16        0x2 
 .text.HAL_Init
                0x0000000008000a18       0x28 ./Drivers/STM32F0xx_HAL_Driver/Src/stm32f0xx_hal.o
                0x0000000008000a18                HAL_Init
 .text.HAL_IncTick
                0x0000000008000a40       0x24 ./Drivers/STM32F0xx_HAL_Driver/Src/stm32f0xx_hal.o
                0x0000000008000a40                HAL_IncTick
 .text.HAL_GetTick
                0x0000000008000a64       0x14 ./Drivers/STM32F0xx_HAL_Driver/Src/stm32f0xx_hal.o
                0x0000000008000a64                HAL_GetTick
 .text.HAL_Delay
                0x0000000008000a78       0x48 ./Drivers/STM32F0xx_HAL_Driver/Src/stm32f0xx_hal.o
                0x0000000008000a78                HAL_Delay
 .text.__NVIC_EnableIRQ
                0x0000000008000ac0       0x34 ./Drivers/STM32F0xx_HAL_Driver/Src/stm32f0xx_hal_cortex.o
 .text.__NVIC_DisableIRQ
                0x0000000008000af4       0x44 ./Drivers/STM32F0xx_HAL_Driver/Src/stm32f0xx_hal_cortex.o
 .text.__NVIC_SetPriority
                0x0000000008000b38       0xdc ./Drivers/STM32F0xx_HAL_Driver/Src/stm32f0xx_hal_cortex.o
 .text.HAL_NVIC_SetPriority
                0x0000000008000c14       0x2a ./Drivers/STM32F0xx_HAL_Driver/Src/stm32f0xx_hal_cortex.o
                0x0000000008000c14                HAL_NVIC_SetPriority
 .text.HAL_NVIC_EnableIRQ
                0x0000000008000c3e       0x20 ./Drivers/STM32F0xx_HAL_Driver/Src/stm32f0xx_hal_cortex.o
                0x0000000008000c3e                HAL_NVIC_EnableIRQ
 .text.HAL_NVIC_DisableIRQ
                0x0000000008000c5e       0x20 ./Drivers/STM32F0xx_HAL_Driver/Src/stm32f0xx_hal_cortex.o
                0x0000000008000c5e                HAL_NVIC_DisableIRQ
 *fill*         0x0000000008000c7e        0x2 
 .text.HAL_CRC_Init
                0x0000000008000c80       0xcc ./Drivers/STM32F0xx_HAL_Driver/Src/stm32f0xx_hal_crc.o
                0x0000000008000c80                HAL_CRC_Init
 .text.HAL_CRCEx_Polynomial_Set
                0x0000000008000d4c       0xea ./Drivers/STM32F0xx_HAL_Driver/Src/stm32f0xx_hal_crc_ex.o
                0x0000000008000d4c                HAL_CRCEx_Polynomial_Set
 *fill*         0x0000000008000e36        0x2 
 .text.HAL_DMA_Init
                0x0000000008000e38       0x90 ./Drivers/STM32F0xx_HAL_Driver/Src/stm32f0xx_hal_dma.o
                0x0000000008000e38                HAL_DMA_Init
 .text.HAL_DMA_DeInit
                0x0000000008000ec8       0x92 ./Drivers/STM32F0xx_HAL_Driver/Src/stm32f0xx_hal_dma.o
                0x0000000008000ec8                HAL_DMA_DeInit
 .text.HAL_DMA_Abort
                0x0000000008000f5a       0x70 ./Drivers/STM32F0xx_HAL_Driver/Src/stm32f0xx_hal_dma.o
                0x0000000008000f5a                HAL_DMA_Abort
 .text.HAL_DMA_Abort_IT
                0x0000000008000fca       0x8a ./Drivers/STM32F0xx_HAL_Driver/Src/stm32f0xx_hal_dma.o
                0x0000000008000fca                HAL_DMA_Abort_IT
 .text.HAL_DMA_IRQHandler
                0x0000000008001054      0x144 ./Drivers/STM32F0xx_HAL_Driver/Src/stm32f0xx_hal_dma.o
                0x0000000008001054                HAL_DMA_IRQHandler
 .text.DMA_CalcBaseAndBitshift
                0x0000000008001198       0x74 ./Drivers/STM32F0xx_HAL_Driver/Src/stm32f0xx_hal_dma.o
 .text.HAL_FLASH_IRQHandler
                0x000000000800120c      0x1d0 ./Drivers/STM32F0xx_HAL_Driver/Src/stm32f0xx_hal_flash.o
                0x000000000800120c                HAL_FLASH_IRQHandler
 .text.HAL_FLASH_EndOfOperationCallback
                0x00000000080013dc       0x10 ./Drivers/STM32F0xx_HAL_Driver/Src/stm32f0xx_hal_flash.o
                0x00000000080013dc                HAL_FLASH_EndOfOperationCallback
 .text.HAL_FLASH_OperationErrorCallback
                0x00000000080013ec       0x10 ./Drivers/STM32F0xx_HAL_Driver/Src/stm32f0xx_hal_flash.o
                0x00000000080013ec                HAL_FLASH_OperationErrorCallback
 .text.FLASH_Program_HalfWord
                0x00000000080013fc       0x38 ./Drivers/STM32F0xx_HAL_Driver/Src/stm32f0xx_hal_flash.o
 .text.FLASH_SetErrorCode
                0x0000000008001434       0x60 ./Drivers/STM32F0xx_HAL_Driver/Src/stm32f0xx_hal_flash.o
 .text.FLASH_PageErase
                0x0000000008001494       0x3c ./Drivers/STM32F0xx_HAL_Driver/Src/stm32f0xx_hal_flash_ex.o
                0x0000000008001494                FLASH_PageErase
 .text.HAL_GPIO_Init
                0x00000000080014d0      0x2f0 ./Drivers/STM32F0xx_HAL_Driver/Src/stm32f0xx_hal_gpio.o
                0x00000000080014d0                HAL_GPIO_Init
 .text.HAL_GPIO_DeInit
                0x00000000080017c0      0x1b0 ./Drivers/STM32F0xx_HAL_Driver/Src/stm32f0xx_hal_gpio.o
                0x00000000080017c0                HAL_GPIO_DeInit
 .text.HAL_GPIO_WritePin
                0x0000000008001970       0x3a ./Drivers/STM32F0xx_HAL_Driver/Src/stm32f0xx_hal_gpio.o
                0x0000000008001970                HAL_GPIO_WritePin
 *fill*         0x00000000080019aa        0x2 
 .text.HAL_PWR_PVD_IRQHandler
                0x00000000080019ac       0x28 ./Drivers/STM32F0xx_HAL_Driver/Src/stm32f0xx_hal_pwr_ex.o
                0x00000000080019ac                HAL_PWR_PVD_IRQHandler
 .text.HAL_PWR_PVDCallback
                0x00000000080019d4        0xa ./Drivers/STM32F0xx_HAL_Driver/Src/stm32f0xx_hal_pwr_ex.o
                0x00000000080019d4                HAL_PWR_PVDCallback
 *fill*         0x00000000080019de        0x2 
 .text.HAL_PWREx_Vddio2Monitor_IRQHandler
                0x00000000080019e0       0x24 ./Drivers/STM32F0xx_HAL_Driver/Src/stm32f0xx_hal_pwr_ex.o
                0x00000000080019e0                HAL_PWREx_Vddio2Monitor_IRQHandler
 .text.HAL_PWREx_Vddio2MonitorCallback
                0x0000000008001a04        0xa ./Drivers/STM32F0xx_HAL_Driver/Src/stm32f0xx_hal_pwr_ex.o
                0x0000000008001a04                HAL_PWREx_Vddio2MonitorCallback
 *fill*         0x0000000008001a0e        0x2 
 .text.HAL_RCC_OscConfig
                0x0000000008001a10      0x70c ./Drivers/STM32F0xx_HAL_Driver/Src/stm32f0xx_hal_rcc.o
                0x0000000008001a10                HAL_RCC_OscConfig
 .text.HAL_RCC_ClockConfig
                0x000000000800211c      0x1b4 ./Drivers/STM32F0xx_HAL_Driver/Src/stm32f0xx_hal_rcc.o
                0x000000000800211c                HAL_RCC_ClockConfig
 .text.HAL_RCC_GetSysClockFreq
                0x00000000080022d0       0xe4 ./Drivers/STM32F0xx_HAL_Driver/Src/stm32f0xx_hal_rcc.o
                0x00000000080022d0                HAL_RCC_GetSysClockFreq
 .text.HAL_RCC_GetHCLKFreq
                0x00000000080023b4       0x14 ./Drivers/STM32F0xx_HAL_Driver/Src/stm32f0xx_hal_rcc.o
                0x00000000080023b4                HAL_RCC_GetHCLKFreq
 .text.HAL_RCC_GetPCLK1Freq
                0x00000000080023c8       0x2c ./Drivers/STM32F0xx_HAL_Driver/Src/stm32f0xx_hal_rcc.o
                0x00000000080023c8                HAL_RCC_GetPCLK1Freq
 .text.HAL_RCC_GetClockConfig
                0x00000000080023f4       0x54 ./Drivers/STM32F0xx_HAL_Driver/Src/stm32f0xx_hal_rcc.o
                0x00000000080023f4                HAL_RCC_GetClockConfig
 .text.HAL_RCCEx_PeriphCLKConfig
                0x0000000008002448      0x200 ./Drivers/STM32F0xx_HAL_Driver/Src/stm32f0xx_hal_rcc_ex.o
                0x0000000008002448                HAL_RCCEx_PeriphCLKConfig
 .text.HAL_TIM_Base_Init
                0x0000000008002648       0xa0 ./Drivers/STM32F0xx_HAL_Driver/Src/stm32f0xx_hal_tim.o
                0x0000000008002648                HAL_TIM_Base_Init
 .text.HAL_TIM_Base_MspInit
                0x00000000080026e8       0x10 ./Drivers/STM32F0xx_HAL_Driver/Src/stm32f0xx_hal_tim.o
                0x00000000080026e8                HAL_TIM_Base_MspInit
 .text.HAL_TIM_Base_Start_IT
                0x00000000080026f8       0xa4 ./Drivers/STM32F0xx_HAL_Driver/Src/stm32f0xx_hal_tim.o
                0x00000000080026f8                HAL_TIM_Base_Start_IT
 .text.HAL_TIM_IRQHandler
                0x000000000800279c      0x22c ./Drivers/STM32F0xx_HAL_Driver/Src/stm32f0xx_hal_tim.o
                0x000000000800279c                HAL_TIM_IRQHandler
 .text.HAL_TIM_OC_DelayElapsedCallback
                0x00000000080029c8       0x10 ./Drivers/STM32F0xx_HAL_Driver/Src/stm32f0xx_hal_tim.o
                0x00000000080029c8                HAL_TIM_OC_DelayElapsedCallback
 .text.HAL_TIM_IC_CaptureCallback
                0x00000000080029d8       0x10 ./Drivers/STM32F0xx_HAL_Driver/Src/stm32f0xx_hal_tim.o
                0x00000000080029d8                HAL_TIM_IC_CaptureCallback
 .text.HAL_TIM_PWM_PulseFinishedCallback
                0x00000000080029e8       0x10 ./Drivers/STM32F0xx_HAL_Driver/Src/stm32f0xx_hal_tim.o
                0x00000000080029e8                HAL_TIM_PWM_PulseFinishedCallback
 .text.HAL_TIM_TriggerCallback
                0x00000000080029f8       0x10 ./Drivers/STM32F0xx_HAL_Driver/Src/stm32f0xx_hal_tim.o
                0x00000000080029f8                HAL_TIM_TriggerCallback
 .text.TIM_Base_SetConfig
                0x0000000008002a08      0x100 ./Drivers/STM32F0xx_HAL_Driver/Src/stm32f0xx_hal_tim.o
                0x0000000008002a08                TIM_Base_SetConfig
 .text.HAL_TIMEx_CommutCallback
                0x0000000008002b08       0x10 ./Drivers/STM32F0xx_HAL_Driver/Src/stm32f0xx_hal_tim_ex.o
                0x0000000008002b08                HAL_TIMEx_CommutCallback
 .text.HAL_TIMEx_BreakCallback
                0x0000000008002b18       0x10 ./Drivers/STM32F0xx_HAL_Driver/Src/stm32f0xx_hal_tim_ex.o
                0x0000000008002b18                HAL_TIMEx_BreakCallback
 .text.HAL_UART_DeInit
                0x0000000008002b28       0x7c ./Drivers/STM32F0xx_HAL_Driver/Src/stm32f0xx_hal_uart.o
                0x0000000008002b28                HAL_UART_DeInit
 .text.HAL_UART_Transmit_IT
                0x0000000008002ba4       0xe0 ./Drivers/STM32F0xx_HAL_Driver/Src/stm32f0xx_hal_uart.o
                0x0000000008002ba4                HAL_UART_Transmit_IT
 .text.HAL_UART_Receive_IT
                0x0000000008002c84       0xae ./Drivers/STM32F0xx_HAL_Driver/Src/stm32f0xx_hal_uart.o
                0x0000000008002c84                HAL_UART_Receive_IT
 *fill*         0x0000000008002d32        0x2 
 .text.HAL_UART_IRQHandler
                0x0000000008002d34      0x5c0 ./Drivers/STM32F0xx_HAL_Driver/Src/stm32f0xx_hal_uart.o
                0x0000000008002d34                HAL_UART_IRQHandler
 .text.HAL_UART_TxCpltCallback
                0x00000000080032f4       0x10 ./Drivers/STM32F0xx_HAL_Driver/Src/stm32f0xx_hal_uart.o
                0x00000000080032f4                HAL_UART_TxCpltCallback
 .text.HAL_UART_ErrorCallback
                0x0000000008003304       0x10 ./Drivers/STM32F0xx_HAL_Driver/Src/stm32f0xx_hal_uart.o
                0x0000000008003304                HAL_UART_ErrorCallback
 .text.HAL_UARTEx_RxEventCallback
                0x0000000008003314       0x16 ./Drivers/STM32F0xx_HAL_Driver/Src/stm32f0xx_hal_uart.o
                0x0000000008003314                HAL_UARTEx_RxEventCallback
 *fill*         0x000000000800332a        0x2 
 .text.UART_SetConfig
                0x000000000800332c      0x3d0 ./Drivers/STM32F0xx_HAL_Driver/Src/stm32f0xx_hal_uart.o
                0x000000000800332c                UART_SetConfig
 .text.UART_AdvFeatureConfig
                0x00000000080036fc      0x168 ./Drivers/STM32F0xx_HAL_Driver/Src/stm32f0xx_hal_uart.o
                0x00000000080036fc                UART_AdvFeatureConfig
 .text.UART_CheckIdleState
                0x0000000008003864      0x150 ./Drivers/STM32F0xx_HAL_Driver/Src/stm32f0xx_hal_uart.o
                0x0000000008003864                UART_CheckIdleState
 .text.UART_WaitOnFlagUntilTimeout
                0x00000000080039b4       0xd2 ./Drivers/STM32F0xx_HAL_Driver/Src/stm32f0xx_hal_uart.o
                0x00000000080039b4                UART_WaitOnFlagUntilTimeout
 *fill*         0x0000000008003a86        0x2 
 .text.UART_Start_Receive_IT
                0x0000000008003a88      0x194 ./Drivers/STM32F0xx_HAL_Driver/Src/stm32f0xx_hal_uart.o
                0x0000000008003a88                UART_Start_Receive_IT
 .text.UART_EndRxTransfer
                0x0000000008003c1c       0xc8 ./Drivers/STM32F0xx_HAL_Driver/Src/stm32f0xx_hal_uart.o
 .text.UART_DMAAbortOnError
                0x0000000008003ce4       0x2e ./Drivers/STM32F0xx_HAL_Driver/Src/stm32f0xx_hal_uart.o
 .text.UART_TxISR_8BIT
                0x0000000008003d12       0xb4 ./Drivers/STM32F0xx_HAL_Driver/Src/stm32f0xx_hal_uart.o
 .text.UART_TxISR_16BIT
                0x0000000008003dc6       0xbc ./Drivers/STM32F0xx_HAL_Driver/Src/stm32f0xx_hal_uart.o
 .text.UART_EndTransmit_IT
                0x0000000008003e82       0x56 ./Drivers/STM32F0xx_HAL_Driver/Src/stm32f0xx_hal_uart.o
 .text.UART_RxISR_8BIT
                0x0000000008003ed8      0x1b8 ./Drivers/STM32F0xx_HAL_Driver/Src/stm32f0xx_hal_uart.o
 .text.UART_RxISR_16BIT
                0x0000000008004090      0x1b8 ./Drivers/STM32F0xx_HAL_Driver/Src/stm32f0xx_hal_uart.o
 .text.HAL_RS485Ex_Init
                0x0000000008004248       0xe0 ./Drivers/STM32F0xx_HAL_Driver/Src/stm32f0xx_hal_uart_ex.o
                0x0000000008004248                HAL_RS485Ex_Init
 .text.HAL_UARTEx_WakeupCallback
                0x0000000008004328       0x10 ./Drivers/STM32F0xx_HAL_Driver/Src/stm32f0xx_hal_uart_ex.o
                0x0000000008004328                HAL_UARTEx_WakeupCallback
 .text.makeFreeRtosPriority
                0x0000000008004338       0x32 ./Middlewares/Third_Party/FreeRTOS/Source/CMSIS_RTOS/cmsis_os.o
 .text.osKernelStart
                0x000000000800436a       0x10 ./Middlewares/Third_Party/FreeRTOS/Source/CMSIS_RTOS/cmsis_os.o
                0x000000000800436a                osKernelStart
 .text.osThreadCreate
                0x000000000800437a       0x50 ./Middlewares/Third_Party/FreeRTOS/Source/CMSIS_RTOS/cmsis_os.o
                0x000000000800437a                osThreadCreate
 .text.vListInitialise
                0x00000000080043ca       0x3c ./Middlewares/Third_Party/FreeRTOS/Source/list.o
                0x00000000080043ca                vListInitialise
 .text.vListInitialiseItem
                0x0000000008004406       0x16 ./Middlewares/Third_Party/FreeRTOS/Source/list.o
                0x0000000008004406                vListInitialiseItem
 .text.vListInsertEnd
                0x000000000800441c       0x44 ./Middlewares/Third_Party/FreeRTOS/Source/list.o
                0x000000000800441c                vListInsertEnd
 .text.vListInsert
                0x0000000008004460       0x6c ./Middlewares/Third_Party/FreeRTOS/Source/list.o
                0x0000000008004460                vListInsert
 .text.uxListRemove
                0x00000000080044cc       0x50 ./Middlewares/Third_Party/FreeRTOS/Source/list.o
                0x00000000080044cc                uxListRemove
 .text.xQueueGenericReset
                0x000000000800451c       0xa8 ./Middlewares/Third_Party/FreeRTOS/Source/queue.o
                0x000000000800451c                xQueueGenericReset
 .text.xQueueGenericCreate
                0x00000000080045c4       0x64 ./Middlewares/Third_Party/FreeRTOS/Source/queue.o
                0x00000000080045c4                xQueueGenericCreate
 .text.prvInitialiseNewQueue
                0x0000000008004628       0x44 ./Middlewares/Third_Party/FreeRTOS/Source/queue.o
 .text.xQueueGenericSend
                0x000000000800466c      0x188 ./Middlewares/Third_Party/FreeRTOS/Source/queue.o
                0x000000000800466c                xQueueGenericSend
 .text.xQueueGenericSendFromISR
                0x00000000080047f4       0xe2 ./Middlewares/Third_Party/FreeRTOS/Source/queue.o
                0x00000000080047f4                xQueueGenericSendFromISR
 .text.xQueueReceive
                0x00000000080048d6      0x16a ./Middlewares/Third_Party/FreeRTOS/Source/queue.o
                0x00000000080048d6                xQueueReceive
 .text.prvCopyDataToQueue
                0x0000000008004a40       0xd6 ./Middlewares/Third_Party/FreeRTOS/Source/queue.o
 .text.prvCopyDataFromQueue
                0x0000000008004b16       0x4c ./Middlewares/Third_Party/FreeRTOS/Source/queue.o
 .text.prvUnlockQueue
                0x0000000008004b62       0xbc ./Middlewares/Third_Party/FreeRTOS/Source/queue.o
 .text.prvIsQueueEmpty
                0x0000000008004c1e       0x2c ./Middlewares/Third_Party/FreeRTOS/Source/queue.o
 .text.prvIsQueueFull
                0x0000000008004c4a       0x30 ./Middlewares/Third_Party/FreeRTOS/Source/queue.o
 *fill*         0x0000000008004c7a        0x2 
 .text.vQueueAddToRegistry
                0x0000000008004c7c       0x50 ./Middlewares/Third_Party/FreeRTOS/Source/queue.o
                0x0000000008004c7c                vQueueAddToRegistry
 .text.vQueueWaitForMessageRestricted
                0x0000000008004ccc       0x66 ./Middlewares/Third_Party/FreeRTOS/Source/queue.o
                0x0000000008004ccc                vQueueWaitForMessageRestricted
 .text.xTaskCreate
                0x0000000008004d32       0x90 ./Middlewares/Third_Party/FreeRTOS/Source/tasks.o
                0x0000000008004d32                xTaskCreate
 *fill*         0x0000000008004dc2        0x2 
 .text.prvInitialiseNewTask
                0x0000000008004dc4      0x120 ./Middlewares/Third_Party/FreeRTOS/Source/tasks.o
 .text.prvAddNewTaskToReadyList
                0x0000000008004ee4       0xc8 ./Middlewares/Third_Party/FreeRTOS/Source/tasks.o
 .text.vTaskDelete
                0x0000000008004fac       0xc8 ./Middlewares/Third_Party/FreeRTOS/Source/tasks.o
                0x0000000008004fac                vTaskDelete
 .text.vTaskStartScheduler
                0x0000000008005074       0x8c ./Middlewares/Third_Party/FreeRTOS/Source/tasks.o
                0x0000000008005074                vTaskStartScheduler
 .text.vTaskSuspendAll
                0x0000000008005100       0x18 ./Middlewares/Third_Party/FreeRTOS/Source/tasks.o
                0x0000000008005100                vTaskSuspendAll
 .text.xTaskResumeAll
                0x0000000008005118      0x118 ./Middlewares/Third_Party/FreeRTOS/Source/tasks.o
                0x0000000008005118                xTaskResumeAll
 .text.xTaskGetTickCount
                0x0000000008005230       0x1c ./Middlewares/Third_Party/FreeRTOS/Source/tasks.o
                0x0000000008005230                xTaskGetTickCount
 .text.xTaskIncrementTick
                0x000000000800524c      0x168 ./Middlewares/Third_Party/FreeRTOS/Source/tasks.o
                0x000000000800524c                xTaskIncrementTick
 .text.vTaskSwitchContext
                0x00000000080053b4       0xb4 ./Middlewares/Third_Party/FreeRTOS/Source/tasks.o
                0x00000000080053b4                vTaskSwitchContext
 .text.vTaskPlaceOnEventList
                0x0000000008005468       0x3c ./Middlewares/Third_Party/FreeRTOS/Source/tasks.o
                0x0000000008005468                vTaskPlaceOnEventList
 .text.vTaskPlaceOnEventListRestricted
                0x00000000080054a4       0x4c ./Middlewares/Third_Party/FreeRTOS/Source/tasks.o
                0x00000000080054a4                vTaskPlaceOnEventListRestricted
 .text.xTaskRemoveFromEventList
                0x00000000080054f0       0xb8 ./Middlewares/Third_Party/FreeRTOS/Source/tasks.o
                0x00000000080054f0                xTaskRemoveFromEventList
 .text.vTaskInternalSetTimeOutState
                0x00000000080055a8       0x28 ./Middlewares/Third_Party/FreeRTOS/Source/tasks.o
                0x00000000080055a8                vTaskInternalSetTimeOutState
 .text.xTaskCheckForTimeOut
                0x00000000080055d0       0xa0 ./Middlewares/Third_Party/FreeRTOS/Source/tasks.o
                0x00000000080055d0                xTaskCheckForTimeOut
 .text.vTaskMissedYield
                0x0000000008005670       0x14 ./Middlewares/Third_Party/FreeRTOS/Source/tasks.o
                0x0000000008005670                vTaskMissedYield
 .text.prvIdleTask
                0x0000000008005684       0x20 ./Middlewares/Third_Party/FreeRTOS/Source/tasks.o
 .text.prvInitialiseTaskLists
                0x00000000080056a4       0x88 ./Middlewares/Third_Party/FreeRTOS/Source/tasks.o
 .text.prvCheckTasksWaitingTermination
                0x000000000800572c       0x5c ./Middlewares/Third_Party/FreeRTOS/Source/tasks.o
 .text.prvDeleteTCB
                0x0000000008005788       0x2c ./Middlewares/Third_Party/FreeRTOS/Source/tasks.o
 .text.prvResetNextTaskUnblockTime
                0x00000000080057b4       0x48 ./Middlewares/Third_Party/FreeRTOS/Source/tasks.o
 .text.xTaskGetSchedulerState
                0x00000000080057fc       0x38 ./Middlewares/Third_Party/FreeRTOS/Source/tasks.o
                0x00000000080057fc                xTaskGetSchedulerState
 .text.xTaskPriorityDisinherit
                0x0000000008005834       0xb8 ./Middlewares/Third_Party/FreeRTOS/Source/tasks.o
                0x0000000008005834                xTaskPriorityDisinherit
 .text.prvAddCurrentTaskToDelayedList
                0x00000000080058ec       0xa8 ./Middlewares/Third_Party/FreeRTOS/Source/tasks.o
 .text.xTimerCreateTimerTask
                0x0000000008005994       0x54 ./Middlewares/Third_Party/FreeRTOS/Source/timers.o
                0x0000000008005994                xTimerCreateTimerTask
 .text.xTimerCreate
                0x00000000080059e8       0x3e ./Middlewares/Third_Party/FreeRTOS/Source/timers.o
                0x00000000080059e8                xTimerCreate
 .text.prvInitialiseNewTimer
                0x0000000008005a26       0x52 ./Middlewares/Third_Party/FreeRTOS/Source/timers.o
 .text.xTimerGenericCommand
                0x0000000008005a78       0x94 ./Middlewares/Third_Party/FreeRTOS/Source/timers.o
                0x0000000008005a78                xTimerGenericCommand
 .text.prvProcessExpiredTimer
                0x0000000008005b0c       0x70 ./Middlewares/Third_Party/FreeRTOS/Source/timers.o
 .text.prvTimerTask
                0x0000000008005b7c       0x28 ./Middlewares/Third_Party/FreeRTOS/Source/timers.o
 .text.prvProcessTimerOrBlockTask
                0x0000000008005ba4       0x8c ./Middlewares/Third_Party/FreeRTOS/Source/timers.o
 .text.prvGetNextExpireTime
                0x0000000008005c30       0x40 ./Middlewares/Third_Party/FreeRTOS/Source/timers.o
 .text.prvSampleTimeNow
                0x0000000008005c70       0x40 ./Middlewares/Third_Party/FreeRTOS/Source/timers.o
 .text.prvInsertTimerInActiveList
                0x0000000008005cb0       0x84 ./Middlewares/Third_Party/FreeRTOS/Source/timers.o
 .text.prvProcessReceivedCommands
                0x0000000008005d34       0xfc ./Middlewares/Third_Party/FreeRTOS/Source/timers.o
 .text.prvSwitchTimerLists
                0x0000000008005e30       0xb4 ./Middlewares/Third_Party/FreeRTOS/Source/timers.o
 .text.prvCheckForValidListAndQueue
                0x0000000008005ee4       0x74 ./Middlewares/Third_Party/FreeRTOS/Source/timers.o
 .text.pvTimerGetTimerID
                0x0000000008005f58       0x2e ./Middlewares/Third_Party/FreeRTOS/Source/timers.o
                0x0000000008005f58                pvTimerGetTimerID
 *fill*         0x0000000008005f86        0x2 
 .text.pxPortInitialiseStack
                0x0000000008005f88       0x54 ./Middlewares/Third_Party/FreeRTOS/Source/portable/GCC/ARM_CM0/port.o
                0x0000000008005f88                pxPortInitialiseStack
 .text.prvTaskExitError
                0x0000000008005fdc       0x30 ./Middlewares/Third_Party/FreeRTOS/Source/portable/GCC/ARM_CM0/port.o
 .text.SVC_Handler
                0x000000000800600c        0xa ./Middlewares/Third_Party/FreeRTOS/Source/portable/GCC/ARM_CM0/port.o
                0x000000000800600c                SVC_Handler
 *fill*         0x0000000008006016        0xa 
 .text.vPortStartFirstTask
                0x0000000008006020       0x38 ./Middlewares/Third_Party/FreeRTOS/Source/portable/GCC/ARM_CM0/port.o
 .text.xPortStartScheduler
                0x0000000008006058       0x48 ./Middlewares/Third_Party/FreeRTOS/Source/portable/GCC/ARM_CM0/port.o
                0x0000000008006058                xPortStartScheduler
 .text.vPortYield
                0x00000000080060a0       0x20 ./Middlewares/Third_Party/FreeRTOS/Source/portable/GCC/ARM_CM0/port.o
                0x00000000080060a0                vPortYield
 .text.vPortEnterCritical
                0x00000000080060c0       0x24 ./Middlewares/Third_Party/FreeRTOS/Source/portable/GCC/ARM_CM0/port.o
                0x00000000080060c0                vPortEnterCritical
 .text.vPortExitCritical
                0x00000000080060e4       0x30 ./Middlewares/Third_Party/FreeRTOS/Source/portable/GCC/ARM_CM0/port.o
                0x00000000080060e4                vPortExitCritical
 .text.ulSetInterruptMaskFromISR
                0x0000000008006114        0xc ./Middlewares/Third_Party/FreeRTOS/Source/portable/GCC/ARM_CM0/port.o
                0x0000000008006114                ulSetInterruptMaskFromISR
 .text.vClearInterruptMaskFromISR
                0x0000000008006120        0x8 ./Middlewares/Third_Party/FreeRTOS/Source/portable/GCC/ARM_CM0/port.o
                0x0000000008006120                vClearInterruptMaskFromISR
 *fill*         0x0000000008006128        0x8 
 .text.PendSV_Handler
                0x0000000008006130       0x48 ./Middlewares/Third_Party/FreeRTOS/Source/portable/GCC/ARM_CM0/port.o
                0x0000000008006130                PendSV_Handler
 .text.SysTick_Handler
                0x0000000008006178       0x34 ./Middlewares/Third_Party/FreeRTOS/Source/portable/GCC/ARM_CM0/port.o
                0x0000000008006178                SysTick_Handler
 .text.prvSetupTimerInterrupt
                0x00000000080061ac       0x44 ./Middlewares/Third_Party/FreeRTOS/Source/portable/GCC/ARM_CM0/port.o
 .text.pvPortMalloc
                0x00000000080061f0      0x14c ./Middlewares/Third_Party/FreeRTOS/Source/portable/MemMang/heap_4.o
                0x00000000080061f0                pvPortMalloc
 .text.vPortFree
                0x000000000800633c       0x90 ./Middlewares/Third_Party/FreeRTOS/Source/portable/MemMang/heap_4.o
                0x000000000800633c                vPortFree
 .text.prvHeapInit
                0x00000000080063cc       0xc0 ./Middlewares/Third_Party/FreeRTOS/Source/portable/MemMang/heap_4.o
 .text.prvInsertBlockIntoFreeList
                0x000000000800648c       0xb0 ./Middlewares/Third_Party/FreeRTOS/Source/portable/MemMang/heap_4.o
 .text.pxMBMGetNewHdl
                0x000000000800653c      0x19c ./Modbus_Master_Mode/Modbus_Master/Src/mbm.o
 .text.eMBMReleaseHdl
                0x00000000080066d8      0x12c ./Modbus_Master_Mode/Modbus_Master/Src/mbm.o
 .text.bMBMResponseTimeoutCB
                0x0000000008006804       0x68 ./Modbus_Master_Mode/Modbus_Master/Src/mbm.o
 .text.eMBMSetSlaveTimeout
                0x000000000800686c       0x60 ./Modbus_Master_Mode/Modbus_Master/Src/mbm.o
                0x000000000800686c                eMBMSetSlaveTimeout
 .text.vMBMMasterTransactionPolled
                0x00000000080068cc      0x164 ./Modbus_Master_Mode/Modbus_Master/Src/mbm.o
                0x00000000080068cc                vMBMMasterTransactionPolled
 .text.eMBMSerialInit
                0x0000000008006a30       0x76 ./Modbus_Master_Mode/Modbus_Master/Src/mbm.o
                0x0000000008006a30                eMBMSerialInit
 .text.eMBMSerialInitExt
                0x0000000008006aa6      0x104 ./Modbus_Master_Mode/Modbus_Master/Src/mbm.o
                0x0000000008006aa6                eMBMSerialInitExt
 *fill*         0x0000000008006baa        0x2 
 .text.eMBMSerialASCIIInit
                0x0000000008006bac      0x300 ./Modbus_Master_Mode/Modbus_Master/Src/mbmascii.o
                0x0000000008006bac                eMBMSerialASCIIInit
 .text.eMBMSerialASCIIFrameSend
                0x0000000008006eac      0x184 ./Modbus_Master_Mode/Modbus_Master/Src/mbmascii.o
 .text.eMBMSerialASCIIFrameReceive
                0x0000000008007030      0x174 ./Modbus_Master_Mode/Modbus_Master/Src/mbmascii.o
 .text.eMBMSerialASCIIFrameClose
                0x00000000080071a4       0x32 ./Modbus_Master_Mode/Modbus_Master/Src/mbmascii.o
 .text.eMBMSerialASCIIFrameCloseInternal
                0x00000000080071d6      0x164 ./Modbus_Master_Mode/Modbus_Master/Src/mbmascii.o
 .text.vMBMSerialASCIIReceiverAPIV1CB
                0x000000000800733a      0x280 ./Modbus_Master_Mode/Modbus_Master/Src/mbmascii.o
 *fill*         0x00000000080075ba        0x2 
 .text.bMBMSerialASCIITransmitterEmptyAPIV1CB
                0x00000000080075bc      0x240 ./Modbus_Master_Mode/Modbus_Master/Src/mbmascii.o
 .text.bMBMSerialASCIITimerCB
                0x00000000080077fc       0x5a ./Modbus_Master_Mode/Modbus_Master/Src/mbmascii.o
 .text.ubMBMSerialASCIICHAR2BIN
                0x0000000008007856       0x4a ./Modbus_Master_Mode/Modbus_Master/Src/mbmascii.o
 .text.ubMBMSerialASCIIBIN2CHAR
                0x00000000080078a0       0x46 ./Modbus_Master_Mode/Modbus_Master/Src/mbmascii.o
 .text.ubMBMSerialASCIILRC
                0x00000000080078e6       0x52 ./Modbus_Master_Mode/Modbus_Master/Src/mbmascii.o
 .text.usMBMCRC16
                0x0000000008007938       0x8c ./Modbus_Master_Mode/Modbus_Master/Src/mbmcrc.o
                0x0000000008007938                usMBMCRC16
 .text.vMBMReadHoldingRegistersPolled
                0x00000000080079c4      0x234 ./Modbus_Master_Mode/Modbus_Master/Src/mbmfuncholding.o
                0x00000000080079c4                vMBMReadHoldingRegistersPolled
 .text.eMBMReadHoldingRegisters
                0x0000000008007bf8       0x60 ./Modbus_Master_Mode/Modbus_Master/Src/mbmfuncholding.o
                0x0000000008007bf8                eMBMReadHoldingRegisters
 .text.eMBMSerialRTUInit
                0x0000000008007c58      0x2e8 ./Modbus_Master_Mode/Modbus_Master/Src/mbmrtu.o
                0x0000000008007c58                eMBMSerialRTUInit
 .text.eMBMSerialRTUFrameSend
                0x0000000008007f40      0x1b0 ./Modbus_Master_Mode/Modbus_Master/Src/mbmrtu.o
 .text.eMBMSerialRTUFrameReceive
                0x00000000080080f0      0x188 ./Modbus_Master_Mode/Modbus_Master/Src/mbmrtu.o
 .text.eMBMSerialRTUFrameClose
                0x0000000008008278       0x32 ./Modbus_Master_Mode/Modbus_Master/Src/mbmrtu.o
 .text.eMBMSerialRTUFrameCloseInternal
                0x00000000080082aa      0x146 ./Modbus_Master_Mode/Modbus_Master/Src/mbmrtu.o
 .text.bMBMSerialRTUReceiverAPIV1CB
                0x00000000080083f0      0x144 ./Modbus_Master_Mode/Modbus_Master/Src/mbmrtu.o
 .text.bMBMSerialRTUTransmitterEmptyAPIV1CB
                0x0000000008008534      0x194 ./Modbus_Master_Mode/Modbus_Master/Src/mbmrtu.o
 .text.bMBMSerialRTUT35CB
                0x00000000080086c8       0xe6 ./Modbus_Master_Mode/Modbus_Master/Src/mbmrtu.o
 *fill*         0x00000000080087ae        0x2 
 .text.eMBPEventCreate
                0x00000000080087b0       0xec ./Modbus_Master_Mode/Modbus_Master/Src/mbportevent.o
                0x00000000080087b0                eMBPEventCreate
 .text.eMBPEventPost
                0x000000000800889c       0x58 ./Modbus_Master_Mode/Modbus_Master/Src/mbportevent.o
                0x000000000800889c                eMBPEventPost
 .text.bMBPEventGet
                0x00000000080088f4       0x64 ./Modbus_Master_Mode/Modbus_Master/Src/mbportevent.o
                0x00000000080088f4                bMBPEventGet
 .text.vMBPEventDelete
                0x0000000008008958       0x44 ./Modbus_Master_Mode/Modbus_Master/Src/mbportevent.o
                0x0000000008008958                vMBPEventDelete
 .text.vMBPAssert
                0x000000000800899c       0x26 ./Modbus_Master_Mode/Modbus_Master/Src/mbportother.o
                0x000000000800899c                vMBPAssert
 .text.vMBPEnterCritical
                0x00000000080089c2        0xe ./Modbus_Master_Mode/Modbus_Master/Src/mbportother.o
                0x00000000080089c2                vMBPEnterCritical
 .text.vMBPExitCritical
                0x00000000080089d0        0xe ./Modbus_Master_Mode/Modbus_Master/Src/mbportother.o
                0x00000000080089d0                vMBPExitCritical
 *fill*         0x00000000080089de        0x2 
 .text.eMBPSerialInit
                0x00000000080089e0      0x228 ./Modbus_Master_Mode/Modbus_Master/Src/mbportserial.o
                0x00000000080089e0                eMBPSerialInit
 .text.eMBPSerialClose
                0x0000000008008c08       0xa8 ./Modbus_Master_Mode/Modbus_Master/Src/mbportserial.o
                0x0000000008008c08                eMBPSerialClose
 .text.eMBPSerialTxEnable
                0x0000000008008cb0      0x18c ./Modbus_Master_Mode/Modbus_Master/Src/mbportserial.o
                0x0000000008008cb0                eMBPSerialTxEnable
 .text.eMBPSerialRxEnable
                0x0000000008008e3c       0xa0 ./Modbus_Master_Mode/Modbus_Master/Src/mbportserial.o
                0x0000000008008e3c                eMBPSerialRxEnable
 .text.prvvMBPUSART1_RXNE_ISR
                0x0000000008008edc       0xdc ./Modbus_Master_Mode/Modbus_Master/Src/mbportserial.o
                0x0000000008008edc                prvvMBPUSART1_RXNE_ISR
 .text.eMBPTimerInit
                0x0000000008008fb8      0x1b0 ./Modbus_Master_Mode/Modbus_Master/Src/mbporttimer.o
                0x0000000008008fb8                eMBPTimerInit
 .text.vMBPTimerClose
                0x0000000008009168       0x50 ./Modbus_Master_Mode/Modbus_Master/Src/mbporttimer.o
                0x0000000008009168                vMBPTimerClose
 .text.eMBPTimerSetTimeout
                0x00000000080091b8       0x70 ./Modbus_Master_Mode/Modbus_Master/Src/mbporttimer.o
                0x00000000080091b8                eMBPTimerSetTimeout
 .text.eMBPTimerStart
                0x0000000008009228       0x70 ./Modbus_Master_Mode/Modbus_Master/Src/mbporttimer.o
                0x0000000008009228                eMBPTimerStart
 .text.eMBPTimerStop
                0x0000000008009298       0x6c ./Modbus_Master_Mode/Modbus_Master/Src/mbporttimer.o
                0x0000000008009298                eMBPTimerStop
 .text.HandleTimer
                0x0000000008009304       0xd4 ./Modbus_Master_Mode/Modbus_Master/Src/mbporttimer.o
 .text.eMBExceptionToErrorcode
                0x00000000080093d8       0x94 ./Modbus_Master_Mode/Modbus_Master/Src/mbutils.o
                0x00000000080093d8                eMBExceptionToErrorcode
 .text.Modbus_task_Init
                0x000000000800946c       0xac ./Modbus_Master_Mode/mb_master_API.o
                0x000000000800946c                Modbus_task_Init
 .text.MessagingTask
                0x0000000008009518       0x16 ./Modbus_Master_Mode/mb_master_API.o
                0x0000000008009518                MessagingTask
 *fill*         0x000000000800952e        0x2 
 .text.SetupModbusRTU
                0x0000000008009530       0x68 ./Modbus_Master_Mode/mb_master_API.o
                0x0000000008009530                SetupModbusRTU
 .text.ReadModbusRegister
                0x0000000008009598       0x7c ./Modbus_Master_Mode/mb_master_API.o
                0x0000000008009598                ReadModbusRegister
 .text.SetTimeOut
                0x0000000008009614       0x68 ./Modbus_Master_Mode/mb_master_API.o
                0x0000000008009614                SetTimeOut
 .text.TMOUT_HandleTimer
                0x000000000800967c       0x58 ./Modbus_Master_Mode/mb_master_API.o
 .text.RTC_HandleTimer
                0x00000000080096d4       0xa4 ./Modbus_Master_Mode/mb_master_API.o
 .text.HAL_UART_RxCpltCallback
                0x0000000008009778       0x2c ./Modbus_Master_Mode/mb_master_API.o
                0x0000000008009778                HAL_UART_RxCpltCallback
 .text.memset   0x00000000080097a4       0x10 C:/ST/STM32CubeIDE_1.14.1/STM32CubeIDE/plugins/com.st.stm32cube.ide.mcu.externaltools.gnu-tools-for-stm32.11.3.rel1.win32_1.1.100.202309141235/tools/bin/../lib/gcc/arm-none-eabi/11.3.1/../../../../arm-none-eabi/lib/thumb/v6-m/nofp\libc_nano.a(libc_a-memset.o)
                0x00000000080097a4                memset
 .text._reclaim_reent
                0x00000000080097b4       0xbc C:/ST/STM32CubeIDE_1.14.1/STM32CubeIDE/plugins/com.st.stm32cube.ide.mcu.externaltools.gnu-tools-for-stm32.11.3.rel1.win32_1.1.100.202309141235/tools/bin/../lib/gcc/arm-none-eabi/11.3.1/../../../../arm-none-eabi/lib/thumb/v6-m/nofp\libc_nano.a(libc_a-reent.o)
                0x00000000080097b4                _reclaim_reent
 .text.__libc_init_array
                0x0000000008009870       0x48 C:/ST/STM32CubeIDE_1.14.1/STM32CubeIDE/plugins/com.st.stm32cube.ide.mcu.externaltools.gnu-tools-for-stm32.11.3.rel1.win32_1.1.100.202309141235/tools/bin/../lib/gcc/arm-none-eabi/11.3.1/../../../../arm-none-eabi/lib/thumb/v6-m/nofp\libc_nano.a(libc_a-init.o)
                0x0000000008009870                __libc_init_array
 .text.__retarget_lock_acquire_recursive
                0x00000000080098b8        0x2 C:/ST/STM32CubeIDE_1.14.1/STM32CubeIDE/plugins/com.st.stm32cube.ide.mcu.externaltools.gnu-tools-for-stm32.11.3.rel1.win32_1.1.100.202309141235/tools/bin/../lib/gcc/arm-none-eabi/11.3.1/../../../../arm-none-eabi/lib/thumb/v6-m/nofp\libc_nano.a(libc_a-lock.o)
                0x00000000080098b8                __retarget_lock_acquire_recursive
 .text.__retarget_lock_release_recursive
                0x00000000080098ba        0x2 C:/ST/STM32CubeIDE_1.14.1/STM32CubeIDE/plugins/com.st.stm32cube.ide.mcu.externaltools.gnu-tools-for-stm32.11.3.rel1.win32_1.1.100.202309141235/tools/bin/../lib/gcc/arm-none-eabi/11.3.1/../../../../arm-none-eabi/lib/thumb/v6-m/nofp\libc_nano.a(libc_a-lock.o)
                0x00000000080098ba                __retarget_lock_release_recursive
 .text.memcpy   0x00000000080098bc       0x12 C:/ST/STM32CubeIDE_1.14.1/STM32CubeIDE/plugins/com.st.stm32cube.ide.mcu.externaltools.gnu-tools-for-stm32.11.3.rel1.win32_1.1.100.202309141235/tools/bin/../lib/gcc/arm-none-eabi/11.3.1/../../../../arm-none-eabi/lib/thumb/v6-m/nofp\libc_nano.a(libc_a-memcpy-stub.o)
                0x00000000080098bc                memcpy
 *fill*         0x00000000080098ce        0x2 
 .text._free_r  0x00000000080098d0       0x94 C:/ST/STM32CubeIDE_1.14.1/STM32CubeIDE/plugins/com.st.stm32cube.ide.mcu.externaltools.gnu-tools-for-stm32.11.3.rel1.win32_1.1.100.202309141235/tools/bin/../lib/gcc/arm-none-eabi/11.3.1/../../../../arm-none-eabi/lib/thumb/v6-m/nofp\libc_nano.a(libc_a-freer.o)
                0x00000000080098d0                _free_r
 .text.__malloc_lock
                0x0000000008009964       0x10 C:/ST/STM32CubeIDE_1.14.1/STM32CubeIDE/plugins/com.st.stm32cube.ide.mcu.externaltools.gnu-tools-for-stm32.11.3.rel1.win32_1.1.100.202309141235/tools/bin/../lib/gcc/arm-none-eabi/11.3.1/../../../../arm-none-eabi/lib/thumb/v6-m/nofp\libc_nano.a(libc_a-mlock.o)
                0x0000000008009964                __malloc_lock
 .text.__malloc_unlock
                0x0000000008009974       0x10 C:/ST/STM32CubeIDE_1.14.1/STM32CubeIDE/plugins/com.st.stm32cube.ide.mcu.externaltools.gnu-tools-for-stm32.11.3.rel1.win32_1.1.100.202309141235/tools/bin/../lib/gcc/arm-none-eabi/11.3.1/../../../../arm-none-eabi/lib/thumb/v6-m/nofp\libc_nano.a(libc_a-mlock.o)
                0x0000000008009974                __malloc_unlock
 *(.glue_7)
 .glue_7        0x0000000008009984        0x0 linker stubs
 *(.glue_7t)
 .glue_7t       0x0000000008009984        0x0 linker stubs
 *(.eh_frame)
 .eh_frame      0x0000000008009984        0x0 C:/ST/STM32CubeIDE_1.14.1/STM32CubeIDE/plugins/com.st.stm32cube.ide.mcu.externaltools.gnu-tools-for-stm32.11.3.rel1.win32_1.1.100.202309141235/tools/bin/../lib/gcc/arm-none-eabi/11.3.1/thumb/v6-m/nofp/crtbegin.o
 *(.init)
 .init          0x0000000008009984        0x4 C:/ST/STM32CubeIDE_1.14.1/STM32CubeIDE/plugins/com.st.stm32cube.ide.mcu.externaltools.gnu-tools-for-stm32.11.3.rel1.win32_1.1.100.202309141235/tools/bin/../lib/gcc/arm-none-eabi/11.3.1/thumb/v6-m/nofp/crti.o
                0x0000000008009984                _init
 .init          0x0000000008009988        0x8 C:/ST/STM32CubeIDE_1.14.1/STM32CubeIDE/plugins/com.st.stm32cube.ide.mcu.externaltools.gnu-tools-for-stm32.11.3.rel1.win32_1.1.100.202309141235/tools/bin/../lib/gcc/arm-none-eabi/11.3.1/thumb/v6-m/nofp/crtn.o
 *(.fini)
 .fini          0x0000000008009990        0x4 C:/ST/STM32CubeIDE_1.14.1/STM32CubeIDE/plugins/com.st.stm32cube.ide.mcu.externaltools.gnu-tools-for-stm32.11.3.rel1.win32_1.1.100.202309141235/tools/bin/../lib/gcc/arm-none-eabi/11.3.1/thumb/v6-m/nofp/crti.o
                0x0000000008009990                _fini
 .fini          0x0000000008009994        0x8 C:/ST/STM32CubeIDE_1.14.1/STM32CubeIDE/plugins/com.st.stm32cube.ide.mcu.externaltools.gnu-tools-for-stm32.11.3.rel1.win32_1.1.100.202309141235/tools/bin/../lib/gcc/arm-none-eabi/11.3.1/thumb/v6-m/nofp/crtn.o
                0x000000000800999c                . = ALIGN (0x4)
                0x000000000800999c                _etext = .

.vfp11_veneer   0x000000000800999c        0x0
 .vfp11_veneer  0x000000000800999c        0x0 linker stubs

.v4_bx          0x000000000800999c        0x0
 .v4_bx         0x000000000800999c        0x0 linker stubs

.iplt           0x000000000800999c        0x0
 .iplt          0x000000000800999c        0x0 C:/ST/STM32CubeIDE_1.14.1/STM32CubeIDE/plugins/com.st.stm32cube.ide.mcu.externaltools.gnu-tools-for-stm32.11.3.rel1.win32_1.1.100.202309141235/tools/bin/../lib/gcc/arm-none-eabi/11.3.1/thumb/v6-m/nofp/crtbegin.o

.rodata         0x000000000800999c      0x32c
                0x000000000800999c                . = ALIGN (0x4)
 *(.rodata)
 .rodata        0x000000000800999c       0x20 ./Core/Src/freertos.o
 .rodata        0x00000000080099bc        0x5 ./Middlewares/Third_Party/FreeRTOS/Source/tasks.o
 *fill*         0x00000000080099c1        0x3 
 .rodata        0x00000000080099c4        0xd ./Middlewares/Third_Party/FreeRTOS/Source/timers.o
 *fill*         0x00000000080099d1        0x3 
 .rodata        0x00000000080099d4        0xb ./Modbus_Master_Mode/Modbus_Master/Src/mbporttimer.o
 *fill*         0x00000000080099df        0x1 
 .rodata        0x00000000080099e0       0x3c ./Modbus_Master_Mode/mb_master_API.o
 *(.rodata*)
 .rodata.AHBPrescTable
                0x0000000008009a1c       0x10 ./Core/Src/system_stm32f0xx.o
                0x0000000008009a1c                AHBPrescTable
 .rodata.APBPrescTable
                0x0000000008009a2c        0x8 ./Core/Src/system_stm32f0xx.o
                0x0000000008009a2c                APBPrescTable
 .rodata.aPLLMULFactorTable.1
                0x0000000008009a34       0x10 ./Drivers/STM32F0xx_HAL_Driver/Src/stm32f0xx_hal_rcc.o
 .rodata.aPredivFactorTable.0
                0x0000000008009a44       0x10 ./Drivers/STM32F0xx_HAL_Driver/Src/stm32f0xx_hal_rcc.o
 .rodata.prvProcessReceivedCommands
                0x0000000008009a54       0x28 ./Middlewares/Third_Party/FreeRTOS/Source/timers.o
 .rodata.vMBMMasterTransactionPolled
                0x0000000008009a7c       0x1c ./Modbus_Master_Mode/Modbus_Master/Src/mbm.o
 .rodata.aucCRCHi
                0x0000000008009a98      0x100 ./Modbus_Master_Mode/Modbus_Master/Src/mbmcrc.o
 .rodata.aucCRCLo
                0x0000000008009b98      0x100 ./Modbus_Master_Mode/Modbus_Master/Src/mbmcrc.o
 .rodata.eMBExceptionToErrorcode
                0x0000000008009c98       0x30 ./Modbus_Master_Mode/Modbus_Master/Src/mbutils.o
                0x0000000008009cc8                . = ALIGN (0x4)

.rel.dyn        0x0000000008009cc8        0x0
 .rel.iplt      0x0000000008009cc8        0x0 C:/ST/STM32CubeIDE_1.14.1/STM32CubeIDE/plugins/com.st.stm32cube.ide.mcu.externaltools.gnu-tools-for-stm32.11.3.rel1.win32_1.1.100.202309141235/tools/bin/../lib/gcc/arm-none-eabi/11.3.1/thumb/v6-m/nofp/crtbegin.o

.ARM.extab      0x0000000008009cc8        0x0
                0x0000000008009cc8                . = ALIGN (0x4)
 *(.ARM.extab* .gnu.linkonce.armextab.*)
                0x0000000008009cc8                . = ALIGN (0x4)

.ARM            0x0000000008009cc8        0x0
                0x0000000008009cc8                . = ALIGN (0x4)
                0x0000000008009cc8                __exidx_start = .
 *(.ARM.exidx*)
                0x0000000008009cc8                __exidx_end = .
                0x0000000008009cc8                . = ALIGN (0x4)

.preinit_array  0x0000000008009cc8        0x0
                0x0000000008009cc8                . = ALIGN (0x4)
                0x0000000008009cc8                PROVIDE (__preinit_array_start = .)
 *(.preinit_array*)
                0x0000000008009cc8                PROVIDE (__preinit_array_end = .)
                0x0000000008009cc8                . = ALIGN (0x4)

.init_array     0x0000000008009cc8        0x4
                0x0000000008009cc8                . = ALIGN (0x4)
                0x0000000008009cc8                PROVIDE (__init_array_start = .)
 *(SORT_BY_NAME(.init_array.*))
 *(.init_array*)
 .init_array    0x0000000008009cc8        0x4 C:/ST/STM32CubeIDE_1.14.1/STM32CubeIDE/plugins/com.st.stm32cube.ide.mcu.externaltools.gnu-tools-for-stm32.11.3.rel1.win32_1.1.100.202309141235/tools/bin/../lib/gcc/arm-none-eabi/11.3.1/thumb/v6-m/nofp/crtbegin.o
                0x0000000008009ccc                PROVIDE (__init_array_end = .)
                0x0000000008009ccc                . = ALIGN (0x4)

.fini_array     0x0000000008009ccc        0x4
                0x0000000008009ccc                . = ALIGN (0x4)
                [!provide]                        PROVIDE (__fini_array_start = .)
 *(SORT_BY_NAME(.fini_array.*))
 *(.fini_array*)
 .fini_array    0x0000000008009ccc        0x4 C:/ST/STM32CubeIDE_1.14.1/STM32CubeIDE/plugins/com.st.stm32cube.ide.mcu.externaltools.gnu-tools-for-stm32.11.3.rel1.win32_1.1.100.202309141235/tools/bin/../lib/gcc/arm-none-eabi/11.3.1/thumb/v6-m/nofp/crtbegin.o
                [!provide]                        PROVIDE (__fini_array_end = .)
                0x0000000008009cd0                . = ALIGN (0x4)
                0x0000000008009cd0                _sidata = LOADADDR (.data)

.data           0x0000000020000000       0x5c load address 0x0000000008009cd0
                0x0000000020000000                . = ALIGN (0x4)
                0x0000000020000000                _sdata = .
 *(.data)
 *(.data*)
 .data.SystemCoreClock
                0x0000000020000000        0x4 ./Core/Src/system_stm32f0xx.o
                0x0000000020000000                SystemCoreClock
 .data.uwTickFreq
                0x0000000020000004        0x1 ./Drivers/STM32F0xx_HAL_Driver/Src/stm32f0xx_hal.o
                0x0000000020000004                uwTickFreq
 *fill*         0x0000000020000005        0x3 
 .data.uxCriticalNesting
                0x0000000020000008        0x4 ./Middlewares/Third_Party/FreeRTOS/Source/portable/GCC/ARM_CM0/port.o
 .data._impure_data
                0x000000002000000c       0x4c C:/ST/STM32CubeIDE_1.14.1/STM32CubeIDE/plugins/com.st.stm32cube.ide.mcu.externaltools.gnu-tools-for-stm32.11.3.rel1.win32_1.1.100.202309141235/tools/bin/../lib/gcc/arm-none-eabi/11.3.1/../../../../arm-none-eabi/lib/thumb/v6-m/nofp\libc_nano.a(libc_a-impure.o)
                0x000000002000000c                _impure_data
 .data._impure_ptr
                0x0000000020000058        0x4 C:/ST/STM32CubeIDE_1.14.1/STM32CubeIDE/plugins/com.st.stm32cube.ide.mcu.externaltools.gnu-tools-for-stm32.11.3.rel1.win32_1.1.100.202309141235/tools/bin/../lib/gcc/arm-none-eabi/11.3.1/../../../../arm-none-eabi/lib/thumb/v6-m/nofp\libc_nano.a(libc_a-impure.o)
                0x0000000020000058                _impure_ptr
 *(.RamFunc)
 *(.RamFunc*)
                0x000000002000005c                . = ALIGN (0x4)
                0x000000002000005c                _edata = .

.igot.plt       0x000000002000005c        0x0 load address 0x0000000008009d2c
 .igot.plt      0x000000002000005c        0x0 C:/ST/STM32CubeIDE_1.14.1/STM32CubeIDE/plugins/com.st.stm32cube.ide.mcu.externaltools.gnu-tools-for-stm32.11.3.rel1.win32_1.1.100.202309141235/tools/bin/../lib/gcc/arm-none-eabi/11.3.1/thumb/v6-m/nofp/crtbegin.o
                0x000000002000005c                . = ALIGN (0x4)

.bss            0x0000000020000060     0x4a4c load address 0x0000000008009d2c
                0x0000000020000060                _sbss = .
                0x0000000020000060                __bss_start__ = _sbss
 *(.bss)
 .bss           0x0000000020000060       0x1c C:/ST/STM32CubeIDE_1.14.1/STM32CubeIDE/plugins/com.st.stm32cube.ide.mcu.externaltools.gnu-tools-for-stm32.11.3.rel1.win32_1.1.100.202309141235/tools/bin/../lib/gcc/arm-none-eabi/11.3.1/thumb/v6-m/nofp/crtbegin.o
 *(.bss*)
 .bss.hcrc      0x000000002000007c       0x24 ./Core/Src/crc.o
                0x000000002000007c                hcrc
 .bss.defaultTaskHandle
                0x00000000200000a0        0x4 ./Core/Src/freertos.o
                0x00000000200000a0                defaultTaskHandle
 .bss.d         0x00000000200000a4        0x4 ./Core/Src/main.o
                0x00000000200000a4                d
 .bss.ee        0x00000000200000a8       0x18 ./Core/Src/main.o
                0x00000000200000a8                ee
 .bss.htim16    0x00000000200000c0       0x48 ./Core/Src/stm32f0xx_hal_timebase_tim.o
                0x00000000200000c0                htim16
 .bss.huart1    0x0000000020000108       0x88 ./Core/Src/usart.o
                0x0000000020000108                huart1
 .bss.hdma_usart1_rx
                0x0000000020000190       0x44 ./Core/Src/usart.o
                0x0000000020000190                hdma_usart1_rx
 .bss.hdma_usart1_tx
                0x00000000200001d4       0x44 ./Core/Src/usart.o
                0x00000000200001d4                hdma_usart1_tx
 .bss.uwTick    0x0000000020000218        0x4 ./Drivers/STM32F0xx_HAL_Driver/Src/stm32f0xx_hal.o
                0x0000000020000218                uwTick
 *fill*         0x000000002000021c        0x4 
 .bss.pFlash    0x0000000020000220       0x20 ./Drivers/STM32F0xx_HAL_Driver/Src/stm32f0xx_hal_flash.o
                0x0000000020000220                pFlash
 .bss.xQueueRegistry
                0x0000000020000240       0x40 ./Middlewares/Third_Party/FreeRTOS/Source/queue.o
                0x0000000020000240                xQueueRegistry
 .bss.pxCurrentTCB
                0x0000000020000280        0x4 ./Middlewares/Third_Party/FreeRTOS/Source/tasks.o
                0x0000000020000280                pxCurrentTCB
 .bss.pxReadyTasksLists
                0x0000000020000284       0x8c ./Middlewares/Third_Party/FreeRTOS/Source/tasks.o
 .bss.xDelayedTaskList1
                0x0000000020000310       0x14 ./Middlewares/Third_Party/FreeRTOS/Source/tasks.o
 .bss.xDelayedTaskList2
                0x0000000020000324       0x14 ./Middlewares/Third_Party/FreeRTOS/Source/tasks.o
 .bss.pxDelayedTaskList
                0x0000000020000338        0x4 ./Middlewares/Third_Party/FreeRTOS/Source/tasks.o
 .bss.pxOverflowDelayedTaskList
                0x000000002000033c        0x4 ./Middlewares/Third_Party/FreeRTOS/Source/tasks.o
 .bss.xPendingReadyList
                0x0000000020000340       0x14 ./Middlewares/Third_Party/FreeRTOS/Source/tasks.o
 .bss.xTasksWaitingTermination
                0x0000000020000354       0x14 ./Middlewares/Third_Party/FreeRTOS/Source/tasks.o
 .bss.uxDeletedTasksWaitingCleanUp
                0x0000000020000368        0x4 ./Middlewares/Third_Party/FreeRTOS/Source/tasks.o
 .bss.xSuspendedTaskList
                0x000000002000036c       0x14 ./Middlewares/Third_Party/FreeRTOS/Source/tasks.o
 .bss.uxCurrentNumberOfTasks
                0x0000000020000380        0x4 ./Middlewares/Third_Party/FreeRTOS/Source/tasks.o
 .bss.xTickCount
                0x0000000020000384        0x4 ./Middlewares/Third_Party/FreeRTOS/Source/tasks.o
 .bss.uxTopReadyPriority
                0x0000000020000388        0x4 ./Middlewares/Third_Party/FreeRTOS/Source/tasks.o
 .bss.xSchedulerRunning
                0x000000002000038c        0x4 ./Middlewares/Third_Party/FreeRTOS/Source/tasks.o
 .bss.uxPendedTicks
                0x0000000020000390        0x4 ./Middlewares/Third_Party/FreeRTOS/Source/tasks.o
 .bss.xYieldPending
                0x0000000020000394        0x4 ./Middlewares/Third_Party/FreeRTOS/Source/tasks.o
 .bss.xNumOfOverflows
                0x0000000020000398        0x4 ./Middlewares/Third_Party/FreeRTOS/Source/tasks.o
 .bss.uxTaskNumber
                0x000000002000039c        0x4 ./Middlewares/Third_Party/FreeRTOS/Source/tasks.o
 .bss.xNextTaskUnblockTime
                0x00000000200003a0        0x4 ./Middlewares/Third_Party/FreeRTOS/Source/tasks.o
 .bss.xIdleTaskHandle
                0x00000000200003a4        0x4 ./Middlewares/Third_Party/FreeRTOS/Source/tasks.o
 .bss.uxSchedulerSuspended
                0x00000000200003a8        0x4 ./Middlewares/Third_Party/FreeRTOS/Source/tasks.o
 .bss.xActiveTimerList1
                0x00000000200003ac       0x14 ./Middlewares/Third_Party/FreeRTOS/Source/timers.o
 .bss.xActiveTimerList2
                0x00000000200003c0       0x14 ./Middlewares/Third_Party/FreeRTOS/Source/timers.o
 .bss.pxCurrentTimerList
                0x00000000200003d4        0x4 ./Middlewares/Third_Party/FreeRTOS/Source/timers.o
 .bss.pxOverflowTimerList
                0x00000000200003d8        0x4 ./Middlewares/Third_Party/FreeRTOS/Source/timers.o
 .bss.xTimerQueue
                0x00000000200003dc        0x4 ./Middlewares/Third_Party/FreeRTOS/Source/timers.o
 .bss.xTimerTaskHandle
                0x00000000200003e0        0x4 ./Middlewares/Third_Party/FreeRTOS/Source/timers.o
 .bss.xLastTime.0
                0x00000000200003e4        0x4 ./Middlewares/Third_Party/FreeRTOS/Source/timers.o
 .bss.ucHeap    0x00000000200003e8     0x4000 ./Middlewares/Third_Party/FreeRTOS/Source/portable/MemMang/heap_4.o
 .bss.xStart    0x00000000200043e8        0x8 ./Middlewares/Third_Party/FreeRTOS/Source/portable/MemMang/heap_4.o
 .bss.pxEnd     0x00000000200043f0        0x4 ./Middlewares/Third_Party/FreeRTOS/Source/portable/MemMang/heap_4.o
 .bss.xFreeBytesRemaining
                0x00000000200043f4        0x4 ./Middlewares/Third_Party/FreeRTOS/Source/portable/MemMang/heap_4.o
 .bss.xMinimumEverFreeBytesRemaining
                0x00000000200043f8        0x4 ./Middlewares/Third_Party/FreeRTOS/Source/portable/MemMang/heap_4.o
 .bss.xBlockAllocatedBit
                0x00000000200043fc        0x4 ./Middlewares/Third_Party/FreeRTOS/Source/portable/MemMang/heap_4.o
 .bss.bIsInitalized
                0x0000000020004400        0x1 ./Modbus_Master_Mode/Modbus_Master/Src/mbm.o
 *fill*         0x0000000020004401        0x3 
 .bss.xMBMInternalHdl
                0x0000000020004404       0x80 ./Modbus_Master_Mode/Modbus_Master/Src/mbm.o
 .bss.bIsInitialized
                0x0000000020004484        0x1 ./Modbus_Master_Mode/Modbus_Master/Src/mbmascii.o
 *fill*         0x0000000020004485        0x3 
 .bss.xMBMASCIIFrameHdl
                0x0000000020004488      0x228 ./Modbus_Master_Mode/Modbus_Master/Src/mbmascii.o
 .bss.bIsInitialized
                0x00000000200046b0        0x1 ./Modbus_Master_Mode/Modbus_Master/Src/mbmrtu.o
 *fill*         0x00000000200046b1        0x3 
 .bss.xMBMRTUFrameHdl
                0x00000000200046b4      0x228 ./Modbus_Master_Mode/Modbus_Master/Src/mbmrtu.o
 .bss.bIsInitialized
                0x00000000200048dc        0x1 ./Modbus_Master_Mode/Modbus_Master/Src/mbportevent.o
 *fill*         0x00000000200048dd        0x3 
 .bss.arxEventHdls
                0x00000000200048e0        0x4 ./Modbus_Master_Mode/Modbus_Master/Src/mbportevent.o
 .bss.xSerialHdls
                0x00000000200048e4       0x10 ./Modbus_Master_Mode/Modbus_Master/Src/mbportserial.o
 .bss.bIsInitalized
                0x00000000200048f4        0x1 ./Modbus_Master_Mode/Modbus_Master/Src/mbportserial.o
 *fill*         0x00000000200048f5        0x3 
 .bss.arxTimerHdls
                0x00000000200048f8       0x50 ./Modbus_Master_Mode/Modbus_Master/Src/mbporttimer.o
 .bss.bIsInitalized
                0x0000000020004948        0x1 ./Modbus_Master_Mode/Modbus_Master/Src/mbporttimer.o
 *fill*         0x0000000020004949        0x3 
 .bss.xTimer    0x000000002000494c        0x4 ./Modbus_Master_Mode/Modbus_Master/Src/mbporttimer.o
                0x000000002000494c                xTimer
 .bss.xMBMaster
                0x0000000020004950        0x4 ./Modbus_Master_Mode/mb_master_API.o
                0x0000000020004950                xMBMaster
 .bss.Hour      0x0000000020004954        0x1 ./Modbus_Master_Mode/mb_master_API.o
                0x0000000020004954                Hour
 .bss.Minute    0x0000000020004955        0x1 ./Modbus_Master_Mode/mb_master_API.o
                0x0000000020004955                Minute
 .bss.Second    0x0000000020004956        0x1 ./Modbus_Master_Mode/mb_master_API.o
                0x0000000020004956                Second
 .bss.wmTimeOut
                0x0000000020004957        0x1 ./Modbus_Master_Mode/mb_master_API.o
                0x0000000020004957                wmTimeOut
 .bss.msCounter
                0x0000000020004958        0x2 ./Modbus_Master_Mode/mb_master_API.o
                0x0000000020004958                msCounter
 .bss.TMOUT_Counter
                0x000000002000495a        0x2 ./Modbus_Master_Mode/mb_master_API.o
                0x000000002000495a                TMOUT_Counter
 .bss.rxMessaging
                0x000000002000495c        0x2 ./Modbus_Master_Mode/mb_master_API.o
                0x000000002000495c                rxMessaging
 *fill*         0x000000002000495e        0x2 
 .bss.zTimer    0x0000000020004960        0x4 ./Modbus_Master_Mode/mb_master_API.o
                0x0000000020004960                zTimer
 .bss.sTimer    0x0000000020004964        0x4 ./Modbus_Master_Mode/mb_master_API.o
                0x0000000020004964                sTimer
 .bss.MessagingTaskHandle
                0x0000000020004968        0x4 ./Modbus_Master_Mode/mb_master_API.o
                0x0000000020004968                MessagingTaskHandle
 .bss.__sf      0x000000002000496c      0x138 C:/ST/STM32CubeIDE_1.14.1/STM32CubeIDE/plugins/com.st.stm32cube.ide.mcu.externaltools.gnu-tools-for-stm32.11.3.rel1.win32_1.1.100.202309141235/tools/bin/../lib/gcc/arm-none-eabi/11.3.1/../../../../arm-none-eabi/lib/thumb/v6-m/nofp\libc_nano.a(libc_a-findfp.o)
                0x000000002000496c                __sf
 .bss.__lock___malloc_recursive_mutex
                0x0000000020004aa4        0x1 C:/ST/STM32CubeIDE_1.14.1/STM32CubeIDE/plugins/com.st.stm32cube.ide.mcu.externaltools.gnu-tools-for-stm32.11.3.rel1.win32_1.1.100.202309141235/tools/bin/../lib/gcc/arm-none-eabi/11.3.1/../../../../arm-none-eabi/lib/thumb/v6-m/nofp\libc_nano.a(libc_a-lock.o)
                0x0000000020004aa4                __lock___malloc_recursive_mutex
 *fill*         0x0000000020004aa5        0x3 
 .bss.__malloc_free_list
                0x0000000020004aa8        0x4 C:/ST/STM32CubeIDE_1.14.1/STM32CubeIDE/plugins/com.st.stm32cube.ide.mcu.externaltools.gnu-tools-for-stm32.11.3.rel1.win32_1.1.100.202309141235/tools/bin/../lib/gcc/arm-none-eabi/11.3.1/../../../../arm-none-eabi/lib/thumb/v6-m/nofp\libc_nano.a(libc_a-mallocr.o)
                0x0000000020004aa8                __malloc_free_list
 *(COMMON)
                0x0000000020004aac                . = ALIGN (0x4)
                0x0000000020004aac                _ebss = .
                0x0000000020004aac                __bss_end__ = _ebss

._user_heap_stack
                0x0000000020004aac      0x604 load address 0x0000000008009d2c
                0x0000000020004ab0                . = ALIGN (0x8)
 *fill*         0x0000000020004aac        0x4 
                0x0000000020004ab0                PROVIDE (end = .)
                [!provide]                        PROVIDE (_end = .)
                0x0000000020004cb0                . = (. + _Min_Heap_Size)
 *fill*         0x0000000020004ab0      0x200 
                0x00000000200050b0                . = (. + _Min_Stack_Size)
 *fill*         0x0000000020004cb0      0x400 
                0x00000000200050b0                . = ALIGN (0x8)

/DISCARD/
 libc.a(*)
 libm.a(*)
 libgcc.a(*)

.ARM.attributes
                0x0000000000000000       0x28
 *(.ARM.attributes)
 .ARM.attributes
                0x0000000000000000       0x1e C:/ST/STM32CubeIDE_1.14.1/STM32CubeIDE/plugins/com.st.stm32cube.ide.mcu.externaltools.gnu-tools-for-stm32.11.3.rel1.win32_1.1.100.202309141235/tools/bin/../lib/gcc/arm-none-eabi/11.3.1/thumb/v6-m/nofp/crti.o
 .ARM.attributes
                0x000000000000001e       0x2c C:/ST/STM32CubeIDE_1.14.1/STM32CubeIDE/plugins/com.st.stm32cube.ide.mcu.externaltools.gnu-tools-for-stm32.11.3.rel1.win32_1.1.100.202309141235/tools/bin/../lib/gcc/arm-none-eabi/11.3.1/thumb/v6-m/nofp/crtbegin.o
 .ARM.attributes
                0x000000000000004a       0x2c ./Core/Src/crc.o
 .ARM.attributes
                0x0000000000000076       0x2c ./Core/Src/dma.o
 .ARM.attributes
                0x00000000000000a2       0x2c ./Core/Src/freertos.o
 .ARM.attributes
                0x00000000000000ce       0x2c ./Core/Src/gpio.o
 .ARM.attributes
                0x00000000000000fa       0x2c ./Core/Src/main.o
 .ARM.attributes
                0x0000000000000126       0x2c ./Core/Src/stm32f0xx_hal_msp.o
 .ARM.attributes
                0x0000000000000152       0x2c ./Core/Src/stm32f0xx_hal_timebase_tim.o
 .ARM.attributes
                0x000000000000017e       0x2c ./Core/Src/stm32f0xx_it.o
 .ARM.attributes
                0x00000000000001aa       0x2c ./Core/Src/system_stm32f0xx.o
 .ARM.attributes
                0x00000000000001d6       0x2c ./Core/Src/usart.o
 .ARM.attributes
                0x0000000000000202       0x21 ./Core/Startup/startup_stm32f091cbux.o
 .ARM.attributes
                0x0000000000000223       0x2c ./Drivers/STM32F0xx_HAL_Driver/Src/stm32f0xx_hal.o
 .ARM.attributes
                0x000000000000024f       0x2c ./Drivers/STM32F0xx_HAL_Driver/Src/stm32f0xx_hal_cortex.o
 .ARM.attributes
                0x000000000000027b       0x2c ./Drivers/STM32F0xx_HAL_Driver/Src/stm32f0xx_hal_crc.o
 .ARM.attributes
                0x00000000000002a7       0x2c ./Drivers/STM32F0xx_HAL_Driver/Src/stm32f0xx_hal_crc_ex.o
 .ARM.attributes
                0x00000000000002d3       0x2c ./Drivers/STM32F0xx_HAL_Driver/Src/stm32f0xx_hal_dma.o
 .ARM.attributes
                0x00000000000002ff       0x2c ./Drivers/STM32F0xx_HAL_Driver/Src/stm32f0xx_hal_flash.o
 .ARM.attributes
                0x000000000000032b       0x2c ./Drivers/STM32F0xx_HAL_Driver/Src/stm32f0xx_hal_flash_ex.o
 .ARM.attributes
                0x0000000000000357       0x2c ./Drivers/STM32F0xx_HAL_Driver/Src/stm32f0xx_hal_gpio.o
 .ARM.attributes
                0x0000000000000383       0x2c ./Drivers/STM32F0xx_HAL_Driver/Src/stm32f0xx_hal_pwr_ex.o
 .ARM.attributes
                0x00000000000003af       0x2c ./Drivers/STM32F0xx_HAL_Driver/Src/stm32f0xx_hal_rcc.o
 .ARM.attributes
                0x00000000000003db       0x2c ./Drivers/STM32F0xx_HAL_Driver/Src/stm32f0xx_hal_rcc_ex.o
 .ARM.attributes
                0x0000000000000407       0x2c ./Drivers/STM32F0xx_HAL_Driver/Src/stm32f0xx_hal_tim.o
 .ARM.attributes
                0x0000000000000433       0x2c ./Drivers/STM32F0xx_HAL_Driver/Src/stm32f0xx_hal_tim_ex.o
 .ARM.attributes
                0x000000000000045f       0x2c ./Drivers/STM32F0xx_HAL_Driver/Src/stm32f0xx_hal_uart.o
 .ARM.attributes
                0x000000000000048b       0x2c ./Drivers/STM32F0xx_HAL_Driver/Src/stm32f0xx_hal_uart_ex.o
 .ARM.attributes
                0x00000000000004b7       0x2c ./Middlewares/Third_Party/FreeRTOS/Source/CMSIS_RTOS/cmsis_os.o
 .ARM.attributes
                0x00000000000004e3       0x2c ./Middlewares/Third_Party/FreeRTOS/Source/list.o
 .ARM.attributes
                0x000000000000050f       0x2c ./Middlewares/Third_Party/FreeRTOS/Source/queue.o
 .ARM.attributes
                0x000000000000053b       0x2c ./Middlewares/Third_Party/FreeRTOS/Source/tasks.o
 .ARM.attributes
                0x0000000000000567       0x2c ./Middlewares/Third_Party/FreeRTOS/Source/timers.o
 .ARM.attributes
                0x0000000000000593       0x2c ./Middlewares/Third_Party/FreeRTOS/Source/portable/GCC/ARM_CM0/port.o
 .ARM.attributes
                0x00000000000005bf       0x2c ./Middlewares/Third_Party/FreeRTOS/Source/portable/MemMang/heap_4.o
 .ARM.attributes
                0x00000000000005eb       0x2c ./Modbus_Master_Mode/Modbus_Master/Src/mbm.o
 .ARM.attributes
                0x0000000000000617       0x2c ./Modbus_Master_Mode/Modbus_Master/Src/mbmascii.o
 .ARM.attributes
                0x0000000000000643       0x2c ./Modbus_Master_Mode/Modbus_Master/Src/mbmcrc.o
 .ARM.attributes
                0x000000000000066f       0x2c ./Modbus_Master_Mode/Modbus_Master/Src/mbmfuncholding.o
 .ARM.attributes
                0x000000000000069b       0x2c ./Modbus_Master_Mode/Modbus_Master/Src/mbmrtu.o
 .ARM.attributes
                0x00000000000006c7       0x2c ./Modbus_Master_Mode/Modbus_Master/Src/mbportevent.o
 .ARM.attributes
                0x00000000000006f3       0x2c ./Modbus_Master_Mode/Modbus_Master/Src/mbportother.o
 .ARM.attributes
                0x000000000000071f       0x2c ./Modbus_Master_Mode/Modbus_Master/Src/mbportserial.o
 .ARM.attributes
                0x000000000000074b       0x2c ./Modbus_Master_Mode/Modbus_Master/Src/mbporttimer.o
 .ARM.attributes
                0x0000000000000777       0x2c ./Modbus_Master_Mode/Modbus_Master/Src/mbutils.o
 .ARM.attributes
                0x00000000000007a3       0x2c ./Modbus_Master_Mode/mb_master_API.o
 .ARM.attributes
                0x00000000000007cf       0x2c C:/ST/STM32CubeIDE_1.14.1/STM32CubeIDE/plugins/com.st.stm32cube.ide.mcu.externaltools.gnu-tools-for-stm32.11.3.rel1.win32_1.1.100.202309141235/tools/bin/../lib/gcc/arm-none-eabi/11.3.1/../../../../arm-none-eabi/lib/thumb/v6-m/nofp\libc_nano.a(libc_a-findfp.o)
 .ARM.attributes
                0x00000000000007fb       0x2c C:/ST/STM32CubeIDE_1.14.1/STM32CubeIDE/plugins/com.st.stm32cube.ide.mcu.externaltools.gnu-tools-for-stm32.11.3.rel1.win32_1.1.100.202309141235/tools/bin/../lib/gcc/arm-none-eabi/11.3.1/../../../../arm-none-eabi/lib/thumb/v6-m/nofp\libc_nano.a(libc_a-memset.o)
 .ARM.attributes
                0x0000000000000827       0x2c C:/ST/STM32CubeIDE_1.14.1/STM32CubeIDE/plugins/com.st.stm32cube.ide.mcu.externaltools.gnu-tools-for-stm32.11.3.rel1.win32_1.1.100.202309141235/tools/bin/../lib/gcc/arm-none-eabi/11.3.1/../../../../arm-none-eabi/lib/thumb/v6-m/nofp\libc_nano.a(libc_a-reent.o)
 .ARM.attributes
                0x0000000000000853       0x2c C:/ST/STM32CubeIDE_1.14.1/STM32CubeIDE/plugins/com.st.stm32cube.ide.mcu.externaltools.gnu-tools-for-stm32.11.3.rel1.win32_1.1.100.202309141235/tools/bin/../lib/gcc/arm-none-eabi/11.3.1/../../../../arm-none-eabi/lib/thumb/v6-m/nofp\libc_nano.a(libc_a-impure.o)
 .ARM.attributes
                0x000000000000087f       0x2c C:/ST/STM32CubeIDE_1.14.1/STM32CubeIDE/plugins/com.st.stm32cube.ide.mcu.externaltools.gnu-tools-for-stm32.11.3.rel1.win32_1.1.100.202309141235/tools/bin/../lib/gcc/arm-none-eabi/11.3.1/../../../../arm-none-eabi/lib/thumb/v6-m/nofp\libc_nano.a(libc_a-init.o)
 .ARM.attributes
                0x00000000000008ab       0x2c C:/ST/STM32CubeIDE_1.14.1/STM32CubeIDE/plugins/com.st.stm32cube.ide.mcu.externaltools.gnu-tools-for-stm32.11.3.rel1.win32_1.1.100.202309141235/tools/bin/../lib/gcc/arm-none-eabi/11.3.1/../../../../arm-none-eabi/lib/thumb/v6-m/nofp\libc_nano.a(libc_a-lock.o)
 .ARM.attributes
                0x00000000000008d7       0x2c C:/ST/STM32CubeIDE_1.14.1/STM32CubeIDE/plugins/com.st.stm32cube.ide.mcu.externaltools.gnu-tools-for-stm32.11.3.rel1.win32_1.1.100.202309141235/tools/bin/../lib/gcc/arm-none-eabi/11.3.1/../../../../arm-none-eabi/lib/thumb/v6-m/nofp\libc_nano.a(libc_a-memcpy-stub.o)
 .ARM.attributes
                0x0000000000000903       0x2c C:/ST/STM32CubeIDE_1.14.1/STM32CubeIDE/plugins/com.st.stm32cube.ide.mcu.externaltools.gnu-tools-for-stm32.11.3.rel1.win32_1.1.100.202309141235/tools/bin/../lib/gcc/arm-none-eabi/11.3.1/../../../../arm-none-eabi/lib/thumb/v6-m/nofp\libc_nano.a(libc_a-freer.o)
 .ARM.attributes
                0x000000000000092f       0x2c C:/ST/STM32CubeIDE_1.14.1/STM32CubeIDE/plugins/com.st.stm32cube.ide.mcu.externaltools.gnu-tools-for-stm32.11.3.rel1.win32_1.1.100.202309141235/tools/bin/../lib/gcc/arm-none-eabi/11.3.1/../../../../arm-none-eabi/lib/thumb/v6-m/nofp\libc_nano.a(libc_a-mallocr.o)
 .ARM.attributes
                0x000000000000095b       0x2c C:/ST/STM32CubeIDE_1.14.1/STM32CubeIDE/plugins/com.st.stm32cube.ide.mcu.externaltools.gnu-tools-for-stm32.11.3.rel1.win32_1.1.100.202309141235/tools/bin/../lib/gcc/arm-none-eabi/11.3.1/../../../../arm-none-eabi/lib/thumb/v6-m/nofp\libc_nano.a(libc_a-mlock.o)
 .ARM.attributes
                0x0000000000000987       0x1e C:/ST/STM32CubeIDE_1.14.1/STM32CubeIDE/plugins/com.st.stm32cube.ide.mcu.externaltools.gnu-tools-for-stm32.11.3.rel1.win32_1.1.100.202309141235/tools/bin/../lib/gcc/arm-none-eabi/11.3.1/thumb/v6-m/nofp\libgcc.a(_udivsi3.o)
 .ARM.attributes
                0x00000000000009a5       0x1e C:/ST/STM32CubeIDE_1.14.1/STM32CubeIDE/plugins/com.st.stm32cube.ide.mcu.externaltools.gnu-tools-for-stm32.11.3.rel1.win32_1.1.100.202309141235/tools/bin/../lib/gcc/arm-none-eabi/11.3.1/thumb/v6-m/nofp\libgcc.a(_dvmd_tls.o)
 .ARM.attributes
                0x00000000000009c3       0x1e C:/ST/STM32CubeIDE_1.14.1/STM32CubeIDE/plugins/com.st.stm32cube.ide.mcu.externaltools.gnu-tools-for-stm32.11.3.rel1.win32_1.1.100.202309141235/tools/bin/../lib/gcc/arm-none-eabi/11.3.1/thumb/v6-m/nofp/crtn.o
OUTPUT(Modbus_Master.elf elf32-littlearm)
LOAD linker stubs
LOAD C:/ST/STM32CubeIDE_1.14.1/STM32CubeIDE/plugins/com.st.stm32cube.ide.mcu.externaltools.gnu-tools-for-stm32.11.3.rel1.win32_1.1.100.202309141235/tools/bin/../lib/gcc/arm-none-eabi/11.3.1/../../../../arm-none-eabi/lib/thumb/v6-m/nofp\libc.a
LOAD C:/ST/STM32CubeIDE_1.14.1/STM32CubeIDE/plugins/com.st.stm32cube.ide.mcu.externaltools.gnu-tools-for-stm32.11.3.rel1.win32_1.1.100.202309141235/tools/bin/../lib/gcc/arm-none-eabi/11.3.1/../../../../arm-none-eabi/lib/thumb/v6-m/nofp\libm.a
LOAD C:/ST/STM32CubeIDE_1.14.1/STM32CubeIDE/plugins/com.st.stm32cube.ide.mcu.externaltools.gnu-tools-for-stm32.11.3.rel1.win32_1.1.100.202309141235/tools/bin/../lib/gcc/arm-none-eabi/11.3.1/thumb/v6-m/nofp\libgcc.a

.comment        0x0000000000000000       0x43
 .comment       0x0000000000000000       0x43 C:/ST/STM32CubeIDE_1.14.1/STM32CubeIDE/plugins/com.st.stm32cube.ide.mcu.externaltools.gnu-tools-for-stm32.11.3.rel1.win32_1.1.100.202309141235/tools/bin/../lib/gcc/arm-none-eabi/11.3.1/thumb/v6-m/nofp/crtbegin.o
                                         0x44 (size before relaxing)
 .comment       0x0000000000000043       0x44 ./Core/Src/crc.o
 .comment       0x0000000000000043       0x44 ./Core/Src/dma.o
 .comment       0x0000000000000043       0x44 ./Core/Src/freertos.o
 .comment       0x0000000000000043       0x44 ./Core/Src/gpio.o
 .comment       0x0000000000000043       0x44 ./Core/Src/main.o
 .comment       0x0000000000000043       0x44 ./Core/Src/stm32f0xx_hal_msp.o
 .comment       0x0000000000000043       0x44 ./Core/Src/stm32f0xx_hal_timebase_tim.o
 .comment       0x0000000000000043       0x44 ./Core/Src/stm32f0xx_it.o
 .comment       0x0000000000000043       0x44 ./Core/Src/system_stm32f0xx.o
 .comment       0x0000000000000043       0x44 ./Core/Src/usart.o
 .comment       0x0000000000000043       0x44 ./Drivers/STM32F0xx_HAL_Driver/Src/stm32f0xx_hal.o
 .comment       0x0000000000000043       0x44 ./Drivers/STM32F0xx_HAL_Driver/Src/stm32f0xx_hal_cortex.o
 .comment       0x0000000000000043       0x44 ./Drivers/STM32F0xx_HAL_Driver/Src/stm32f0xx_hal_crc.o
 .comment       0x0000000000000043       0x44 ./Drivers/STM32F0xx_HAL_Driver/Src/stm32f0xx_hal_crc_ex.o
 .comment       0x0000000000000043       0x44 ./Drivers/STM32F0xx_HAL_Driver/Src/stm32f0xx_hal_dma.o
 .comment       0x0000000000000043       0x44 ./Drivers/STM32F0xx_HAL_Driver/Src/stm32f0xx_hal_flash.o
 .comment       0x0000000000000043       0x44 ./Drivers/STM32F0xx_HAL_Driver/Src/stm32f0xx_hal_flash_ex.o
 .comment       0x0000000000000043       0x44 ./Drivers/STM32F0xx_HAL_Driver/Src/stm32f0xx_hal_gpio.o
 .comment       0x0000000000000043       0x44 ./Drivers/STM32F0xx_HAL_Driver/Src/stm32f0xx_hal_pwr_ex.o
 .comment       0x0000000000000043       0x44 ./Drivers/STM32F0xx_HAL_Driver/Src/stm32f0xx_hal_rcc.o
 .comment       0x0000000000000043       0x44 ./Drivers/STM32F0xx_HAL_Driver/Src/stm32f0xx_hal_rcc_ex.o
 .comment       0x0000000000000043       0x44 ./Drivers/STM32F0xx_HAL_Driver/Src/stm32f0xx_hal_tim.o
 .comment       0x0000000000000043       0x44 ./Drivers/STM32F0xx_HAL_Driver/Src/stm32f0xx_hal_tim_ex.o
 .comment       0x0000000000000043       0x44 ./Drivers/STM32F0xx_HAL_Driver/Src/stm32f0xx_hal_uart.o
 .comment       0x0000000000000043       0x44 ./Drivers/STM32F0xx_HAL_Driver/Src/stm32f0xx_hal_uart_ex.o
 .comment       0x0000000000000043       0x44 ./Middlewares/Third_Party/FreeRTOS/Source/CMSIS_RTOS/cmsis_os.o
 .comment       0x0000000000000043       0x44 ./Middlewares/Third_Party/FreeRTOS/Source/list.o
 .comment       0x0000000000000043       0x44 ./Middlewares/Third_Party/FreeRTOS/Source/queue.o
 .comment       0x0000000000000043       0x44 ./Middlewares/Third_Party/FreeRTOS/Source/tasks.o
 .comment       0x0000000000000043       0x44 ./Middlewares/Third_Party/FreeRTOS/Source/timers.o
 .comment       0x0000000000000043       0x44 ./Middlewares/Third_Party/FreeRTOS/Source/portable/GCC/ARM_CM0/port.o
 .comment       0x0000000000000043       0x44 ./Middlewares/Third_Party/FreeRTOS/Source/portable/MemMang/heap_4.o
 .comment       0x0000000000000043       0x44 ./Modbus_Master_Mode/Modbus_Master/Src/mbm.o
 .comment       0x0000000000000043       0x44 ./Modbus_Master_Mode/Modbus_Master/Src/mbmascii.o
 .comment       0x0000000000000043       0x44 ./Modbus_Master_Mode/Modbus_Master/Src/mbmcrc.o
 .comment       0x0000000000000043       0x44 ./Modbus_Master_Mode/Modbus_Master/Src/mbmfuncholding.o
 .comment       0x0000000000000043       0x44 ./Modbus_Master_Mode/Modbus_Master/Src/mbmrtu.o
 .comment       0x0000000000000043       0x44 ./Modbus_Master_Mode/Modbus_Master/Src/mbportevent.o
 .comment       0x0000000000000043       0x44 ./Modbus_Master_Mode/Modbus_Master/Src/mbportother.o
 .comment       0x0000000000000043       0x44 ./Modbus_Master_Mode/Modbus_Master/Src/mbportserial.o
 .comment       0x0000000000000043       0x44 ./Modbus_Master_Mode/Modbus_Master/Src/mbporttimer.o
 .comment       0x0000000000000043       0x44 ./Modbus_Master_Mode/Modbus_Master/Src/mbutils.o
 .comment       0x0000000000000043       0x44 ./Modbus_Master_Mode/mb_master_API.o

.debug_info     0x0000000000000000    0x1a56a
 .debug_info    0x0000000000000000      0x40c ./Core/Src/crc.o
 .debug_info    0x000000000000040c      0x2bd ./Core/Src/dma.o
 .debug_info    0x00000000000006c9      0x1ec ./Core/Src/freertos.o
 .debug_info    0x00000000000008b5      0x316 ./Core/Src/gpio.o
 .debug_info    0x0000000000000bcb      0xc17 ./Core/Src/main.o
 .debug_info    0x00000000000017e2      0x2bd ./Core/Src/stm32f0xx_hal_msp.o
 .debug_info    0x0000000000001a9f      0x968 ./Core/Src/stm32f0xx_hal_timebase_tim.o
 .debug_info    0x0000000000002407      0xab3 ./Core/Src/stm32f0xx_it.o
 .debug_info    0x0000000000002eba      0x242 ./Core/Src/system_stm32f0xx.o
 .debug_info    0x00000000000030fc      0xae7 ./Core/Src/usart.o
 .debug_info    0x0000000000003be3       0x23 ./Core/Startup/startup_stm32f091cbux.o
 .debug_info    0x0000000000003c06      0x6c3 ./Drivers/STM32F0xx_HAL_Driver/Src/stm32f0xx_hal.o
 .debug_info    0x00000000000042c9      0x6bf ./Drivers/STM32F0xx_HAL_Driver/Src/stm32f0xx_hal_cortex.o
 .debug_info    0x0000000000004988      0x531 ./Drivers/STM32F0xx_HAL_Driver/Src/stm32f0xx_hal_crc.o
 .debug_info    0x0000000000004eb9      0x366 ./Drivers/STM32F0xx_HAL_Driver/Src/stm32f0xx_hal_crc_ex.o
 .debug_info    0x000000000000521f      0x712 ./Drivers/STM32F0xx_HAL_Driver/Src/stm32f0xx_hal_dma.o
 .debug_info    0x0000000000005931      0x4f5 ./Drivers/STM32F0xx_HAL_Driver/Src/stm32f0xx_hal_flash.o
 .debug_info    0x0000000000005e26      0x735 ./Drivers/STM32F0xx_HAL_Driver/Src/stm32f0xx_hal_flash_ex.o
 .debug_info    0x000000000000655b      0x5e6 ./Drivers/STM32F0xx_HAL_Driver/Src/stm32f0xx_hal_gpio.o
 .debug_info    0x0000000000006b41      0x214 ./Drivers/STM32F0xx_HAL_Driver/Src/stm32f0xx_hal_pwr_ex.o
 .debug_info    0x0000000000006d55      0x83f ./Drivers/STM32F0xx_HAL_Driver/Src/stm32f0xx_hal_rcc.o
 .debug_info    0x0000000000007594      0x5e7 ./Drivers/STM32F0xx_HAL_Driver/Src/stm32f0xx_hal_rcc_ex.o
 .debug_info    0x0000000000007b7b     0x295e ./Drivers/STM32F0xx_HAL_Driver/Src/stm32f0xx_hal_tim.o
 .debug_info    0x000000000000a4d9     0x14be ./Drivers/STM32F0xx_HAL_Driver/Src/stm32f0xx_hal_tim_ex.o
 .debug_info    0x000000000000b997     0x3acc ./Drivers/STM32F0xx_HAL_Driver/Src/stm32f0xx_hal_uart.o
 .debug_info    0x000000000000f463      0xcac ./Drivers/STM32F0xx_HAL_Driver/Src/stm32f0xx_hal_uart_ex.o
 .debug_info    0x000000000001010f     0x170b ./Middlewares/Third_Party/FreeRTOS/Source/CMSIS_RTOS/cmsis_os.o
 .debug_info    0x000000000001181a      0x2aa ./Middlewares/Third_Party/FreeRTOS/Source/list.o
 .debug_info    0x0000000000011ac4      0xfd0 ./Middlewares/Third_Party/FreeRTOS/Source/queue.o
 .debug_info    0x0000000000012a94     0x1b27 ./Middlewares/Third_Party/FreeRTOS/Source/tasks.o
 .debug_info    0x00000000000145bb      0xb86 ./Middlewares/Third_Party/FreeRTOS/Source/timers.o
 .debug_info    0x0000000000015141      0x289 ./Middlewares/Third_Party/FreeRTOS/Source/portable/GCC/ARM_CM0/port.o
 .debug_info    0x00000000000153ca      0x309 ./Middlewares/Third_Party/FreeRTOS/Source/portable/MemMang/heap_4.o
 .debug_info    0x00000000000156d3      0x845 ./Modbus_Master_Mode/Modbus_Master/Src/mbm.o
 .debug_info    0x0000000000015f18      0xa87 ./Modbus_Master_Mode/Modbus_Master/Src/mbmascii.o
 .debug_info    0x000000000001699f      0x138 ./Modbus_Master_Mode/Modbus_Master/Src/mbmcrc.o
 .debug_info    0x0000000000016ad7      0x7fb ./Modbus_Master_Mode/Modbus_Master/Src/mbmfuncholding.o
 .debug_info    0x00000000000172d2      0x9a4 ./Modbus_Master_Mode/Modbus_Master/Src/mbmrtu.o
 .debug_info    0x0000000000017c76      0x2cd ./Modbus_Master_Mode/Modbus_Master/Src/mbportevent.o
 .debug_info    0x0000000000017f43      0x17f ./Modbus_Master_Mode/Modbus_Master/Src/mbportother.o
 .debug_info    0x00000000000180c2      0xc79 ./Modbus_Master_Mode/Modbus_Master/Src/mbportserial.o
 .debug_info    0x0000000000018d3b      0x4d5 ./Modbus_Master_Mode/Modbus_Master/Src/mbporttimer.o
 .debug_info    0x0000000000019210      0x332 ./Modbus_Master_Mode/Modbus_Master/Src/mbutils.o
 .debug_info    0x0000000000019542     0x1028 ./Modbus_Master_Mode/mb_master_API.o

.debug_abbrev   0x0000000000000000     0x52ea
 .debug_abbrev  0x0000000000000000      0x198 ./Core/Src/crc.o
 .debug_abbrev  0x0000000000000198      0x109 ./Core/Src/dma.o
 .debug_abbrev  0x00000000000002a1      0x128 ./Core/Src/freertos.o
 .debug_abbrev  0x00000000000003c9      0x152 ./Core/Src/gpio.o
 .debug_abbrev  0x000000000000051b      0x29a ./Core/Src/main.o
 .debug_abbrev  0x00000000000007b5      0x109 ./Core/Src/stm32f0xx_hal_msp.o
 .debug_abbrev  0x00000000000008be      0x1f8 ./Core/Src/stm32f0xx_hal_timebase_tim.o
 .debug_abbrev  0x0000000000000ab6      0x1c8 ./Core/Src/stm32f0xx_it.o